Archive member included to satisfy reference by file (symbol)

/opt/stm32cubeide/plugins/com.st.stm32cube.ide.mcu.externaltools.gnu-tools-for-stm32.10.3-2021.10.linux64_1.0.0.202111181127/tools/bin/../lib/gcc/arm-none-eabi/10.3.1/../../../../arm-none-eabi/lib/thumb/v7e-m+fp/hard/libc_nano.a(lib_a-atoi.o)
                              ./Core/Src/screens/ChangeTimeScreen.o (atoi)
/opt/stm32cubeide/plugins/com.st.stm32cube.ide.mcu.externaltools.gnu-tools-for-stm32.10.3-2021.10.linux64_1.0.0.202111181127/tools/bin/../lib/gcc/arm-none-eabi/10.3.1/../../../../arm-none-eabi/lib/thumb/v7e-m+fp/hard/libc_nano.a(lib_a-errno.o)
                              ./Core/Src/syscalls.o (__errno)
/opt/stm32cubeide/plugins/com.st.stm32cube.ide.mcu.externaltools.gnu-tools-for-stm32.10.3-2021.10.linux64_1.0.0.202111181127/tools/bin/../lib/gcc/arm-none-eabi/10.3.1/../../../../arm-none-eabi/lib/thumb/v7e-m+fp/hard/libc_nano.a(lib_a-exit.o)
                              /opt/stm32cubeide/plugins/com.st.stm32cube.ide.mcu.externaltools.gnu-tools-for-stm32.10.3-2021.10.linux64_1.0.0.202111181127/tools/bin/../lib/gcc/arm-none-eabi/10.3.1/../../../../arm-none-eabi/lib/thumb/v7e-m+fp/hard/crt0.o (exit)
/opt/stm32cubeide/plugins/com.st.stm32cube.ide.mcu.externaltools.gnu-tools-for-stm32.10.3-2021.10.linux64_1.0.0.202111181127/tools/bin/../lib/gcc/arm-none-eabi/10.3.1/../../../../arm-none-eabi/lib/thumb/v7e-m+fp/hard/libc_nano.a(lib_a-findfp.o)
                              ./Middlewares/Third_Party/FreeRTOS/Source/tasks.o (__sf_fake_stderr)
/opt/stm32cubeide/plugins/com.st.stm32cube.ide.mcu.externaltools.gnu-tools-for-stm32.10.3-2021.10.linux64_1.0.0.202111181127/tools/bin/../lib/gcc/arm-none-eabi/10.3.1/../../../../arm-none-eabi/lib/thumb/v7e-m+fp/hard/libc_nano.a(lib_a-fwalk.o)
                              /opt/stm32cubeide/plugins/com.st.stm32cube.ide.mcu.externaltools.gnu-tools-for-stm32.10.3-2021.10.linux64_1.0.0.202111181127/tools/bin/../lib/gcc/arm-none-eabi/10.3.1/../../../../arm-none-eabi/lib/thumb/v7e-m+fp/hard/libc_nano.a(lib_a-findfp.o) (_fwalk)
/opt/stm32cubeide/plugins/com.st.stm32cube.ide.mcu.externaltools.gnu-tools-for-stm32.10.3-2021.10.linux64_1.0.0.202111181127/tools/bin/../lib/gcc/arm-none-eabi/10.3.1/../../../../arm-none-eabi/lib/thumb/v7e-m+fp/hard/libc_nano.a(lib_a-impure.o)
                              /opt/stm32cubeide/plugins/com.st.stm32cube.ide.mcu.externaltools.gnu-tools-for-stm32.10.3-2021.10.linux64_1.0.0.202111181127/tools/bin/../lib/gcc/arm-none-eabi/10.3.1/../../../../arm-none-eabi/lib/thumb/v7e-m+fp/hard/libc_nano.a(lib_a-exit.o) (_global_impure_ptr)
/opt/stm32cubeide/plugins/com.st.stm32cube.ide.mcu.externaltools.gnu-tools-for-stm32.10.3-2021.10.linux64_1.0.0.202111181127/tools/bin/../lib/gcc/arm-none-eabi/10.3.1/../../../../arm-none-eabi/lib/thumb/v7e-m+fp/hard/libc_nano.a(lib_a-init.o)
                              /opt/stm32cubeide/plugins/com.st.stm32cube.ide.mcu.externaltools.gnu-tools-for-stm32.10.3-2021.10.linux64_1.0.0.202111181127/tools/bin/../lib/gcc/arm-none-eabi/10.3.1/../../../../arm-none-eabi/lib/thumb/v7e-m+fp/hard/crt0.o (__libc_init_array)
/opt/stm32cubeide/plugins/com.st.stm32cube.ide.mcu.externaltools.gnu-tools-for-stm32.10.3-2021.10.linux64_1.0.0.202111181127/tools/bin/../lib/gcc/arm-none-eabi/10.3.1/../../../../arm-none-eabi/lib/thumb/v7e-m+fp/hard/libc_nano.a(lib_a-lock.o)
                              /opt/stm32cubeide/plugins/com.st.stm32cube.ide.mcu.externaltools.gnu-tools-for-stm32.10.3-2021.10.linux64_1.0.0.202111181127/tools/bin/../lib/gcc/arm-none-eabi/10.3.1/../../../../arm-none-eabi/lib/thumb/v7e-m+fp/hard/libc_nano.a(lib_a-findfp.o) (__retarget_lock_init_recursive)
/opt/stm32cubeide/plugins/com.st.stm32cube.ide.mcu.externaltools.gnu-tools-for-stm32.10.3-2021.10.linux64_1.0.0.202111181127/tools/bin/../lib/gcc/arm-none-eabi/10.3.1/../../../../arm-none-eabi/lib/thumb/v7e-m+fp/hard/libc_nano.a(lib_a-memcpy-stub.o)
                              ./Core/Src/DisplayManager/Animation.o (memcpy)
/opt/stm32cubeide/plugins/com.st.stm32cube.ide.mcu.externaltools.gnu-tools-for-stm32.10.3-2021.10.linux64_1.0.0.202111181127/tools/bin/../lib/gcc/arm-none-eabi/10.3.1/../../../../arm-none-eabi/lib/thumb/v7e-m+fp/hard/libc_nano.a(lib_a-memset.o)
                              /opt/stm32cubeide/plugins/com.st.stm32cube.ide.mcu.externaltools.gnu-tools-for-stm32.10.3-2021.10.linux64_1.0.0.202111181127/tools/bin/../lib/gcc/arm-none-eabi/10.3.1/../../../../arm-none-eabi/lib/thumb/v7e-m+fp/hard/crt0.o (memset)
/opt/stm32cubeide/plugins/com.st.stm32cube.ide.mcu.externaltools.gnu-tools-for-stm32.10.3-2021.10.linux64_1.0.0.202111181127/tools/bin/../lib/gcc/arm-none-eabi/10.3.1/../../../../arm-none-eabi/lib/thumb/v7e-m+fp/hard/libc_nano.a(lib_a-nano-mallocr.o)
[...]
Memory Configuration

Name             Origin             Length             Attributes
RAM              0x0000000020000000 0x0000000000018000 xrw
RAM2             0x0000000010000000 0x0000000000008000 xrw
FLASH            0x0000000008000000 0x0000000000100000 xr
*default*        0x0000000000000000 0xffffffffffffffff

Linker script and memory map

LOAD /opt/stm32cubeide/plugins/com.st.stm32cube.ide.mcu.externaltools.gnu-tools-for-stm32.10.3-2021.10.linux64_1.0.0.202111181127/tools/bin/../lib/gcc/arm-none-eabi/10.3.1/thumb/v7e-m+fp/hard/crti.o
LOAD /opt/stm32cubeide/plugins/com.st.stm32cube.ide.mcu.externaltools.gnu-tools-for-stm32.10.3-2021.10.linux64_1.0.0.202111181127/tools/bin/../lib/gcc/arm-none-eabi/10.3.1/thumb/v7e-m+fp/hard/crtbegin.o
LOAD /opt/stm32cubeide/plugins/com.st.stm32cube.ide.mcu.externaltools.gnu-tools-for-stm32.10.3-2021.10.linux64_1.0.0.202111181127/tools/bin/../lib/gcc/arm-none-eabi/10.3.1/../../../../arm-none-eabi/lib/thumb/v7e-m+fp/hard/crt0.o
LOAD ./Core/Inc/nema_hal_threadx.o
LOAD ./Core/Src/DevBoard.o
LOAD ./Core/Src/freertos.o
LOAD ./Core/Src/main.o
LOAD ./Core/Src/stm32l4xx_hal_msp.o
LOAD ./Core/Src/stm32l4xx_hal_timebase_tim.o
LOAD ./Core/Src/stm32l4xx_it.o
LOAD ./Core/Src/syscalls.o
LOAD ./Core/Src/sysmem.o
LOAD ./Core/Src/system_stm32l4xx.o
LOAD ./Core/Src/DisplayManager/Animation.o
LOAD ./Core/Src/DisplayManager/Bitmap.o
LOAD ./Core/Src/DisplayManager/Button.o
LOAD ./Core/Src/DisplayManager/DisplayManager.o
LOAD ./Core/Src/DisplayManager/Fill.o
LOAD ./Core/Src/DisplayManager/List.o
LOAD ./Core/Src/DisplayManager/MessageBox.o
LOAD ./Core/Src/DisplayManager/NumPad.o
LOAD ./Core/Src/DisplayManager/Text.o
LOAD ./Core/Src/DisplayManager/TextBox.o
LOAD ./Core/Src/DisplayManager/TickBox.o
LOAD ./Core/Src/DisplayManager/TitleBar.o
LOAD ./Core/Src/drivers/DFPlayer.o
LOAD ./Core/Src/drivers/DS3231.o
LOAD ./Core/Src/drivers/FT5446.o
LOAD ./Core/Src/drivers/ILI9488.o
LOAD ./Core/Src/screens/ChangeTimeScreen.o
LOAD ./Core/Src/screens/DeviceTestScreen.o
LOAD ./Core/Src/screens/EditTimerScreen.o
LOAD ./Core/Src/screens/HomeScreen.o
LOAD ./Core/Src/screens/SettingsTaskScreen.o
LOAD ./Core/Src/screens/TimeListScreen.o
LOAD ./Core/Startup/startup_stm32l476rgtx.o
LOAD ./Drivers/STM32L4xx_HAL_Driver/Src/stm32l4xx_hal.o
LOAD ./Drivers/STM32L4xx_HAL_Driver/Src/stm32l4xx_hal_cortex.o
LOAD ./Drivers/STM32L4xx_HAL_Driver/Src/stm32l4xx_hal_crc.o
LOAD ./Drivers/STM32L4xx_HAL_Driver/Src/stm32l4xx_hal_crc_ex.o
LOAD ./Drivers/STM32L4xx_HAL_Driver/Src/stm32l4xx_hal_dma.o
LOAD ./Drivers/STM32L4xx_HAL_Driver/Src/stm32l4xx_hal_dma_ex.o
LOAD ./Drivers/STM32L4xx_HAL_Driver/Src/stm32l4xx_hal_exti.o
LOAD ./Drivers/STM32L4xx_HAL_Driver/Src/stm32l4xx_hal_flash.o
LOAD ./Drivers/STM32L4xx_HAL_Driver/Src/stm32l4xx_hal_flash_ex.o
LOAD ./Drivers/STM32L4xx_HAL_Driver/Src/stm32l4xx_hal_flash_ramfunc.o
LOAD ./Drivers/STM32L4xx_HAL_Driver/Src/stm32l4xx_hal_gpio.o
LOAD ./Drivers/STM32L4xx_HAL_Driver/Src/stm32l4xx_hal_i2c.o
LOAD ./Drivers/STM32L4xx_HAL_Driver/Src/stm32l4xx_hal_i2c_ex.o
LOAD ./Drivers/STM32L4xx_HAL_Driver/Src/stm32l4xx_hal_pwr.o
LOAD ./Drivers/STM32L4xx_HAL_Driver/Src/stm32l4xx_hal_pwr_ex.o
LOAD ./Drivers/STM32L4xx_HAL_Driver/Src/stm32l4xx_hal_rcc.o
LOAD ./Drivers/STM32L4xx_HAL_Driver/Src/stm32l4xx_hal_rcc_ex.o
LOAD ./Drivers/STM32L4xx_HAL_Driver/Src/stm32l4xx_hal_spi.o
LOAD ./Drivers/STM32L4xx_HAL_Driver/Src/stm32l4xx_hal_spi_ex.o
LOAD ./Drivers/STM32L4xx_HAL_Driver/Src/stm32l4xx_hal_tim.o
LOAD ./Drivers/STM32L4xx_HAL_Driver/Src/stm32l4xx_hal_tim_ex.o
LOAD ./Drivers/STM32L4xx_HAL_Driver/Src/stm32l4xx_hal_uart.o
LOAD ./Drivers/STM32L4xx_HAL_Driver/Src/stm32l4xx_hal_uart_ex.o
LOAD ./Middlewares/Third_Party/FreeRTOS/Source/CMSIS_RTOS/cmsis_os.o
LOAD ./Middlewares/Third_Party/FreeRTOS/Source/croutine.o
LOAD ./Middlewares/Third_Party/FreeRTOS/Source/event_groups.o
LOAD ./Middlewares/Third_Party/FreeRTOS/Source/list.o
LOAD ./Middlewares/Third_Party/FreeRTOS/Source/queue.o
LOAD ./Middlewares/Third_Party/FreeRTOS/Source/stream_buffer.o
LOAD ./Middlewares/Third_Party/FreeRTOS/Source/tasks.o
LOAD ./Middlewares/Third_Party/FreeRTOS/Source/timers.o
LOAD ./Middlewares/Third_Party/FreeRTOS/Source/portable/GCC/ARM_CM4F/port.o
LOAD ./Middlewares/Third_Party/FreeRTOS/Source/portable/MemMang/heap_4.o
START GROUP
LOAD /opt/stm32cubeide/plugins/com.st.stm32cube.ide.mcu.externaltools.gnu-tools-for-stm32.10.3-2021.10.linux64_1.0.0.202111181127/tools/bin/../lib/gcc/arm-none-eabi/10.3.1/../../../../arm-none-eabi/lib/thumb/v7e-m+fp/hard/libstdc++_nano.a
LOAD /opt/stm32cubeide/plugins/com.st.stm32cube.ide.mcu.externaltools.gnu-tools-for-stm32.10.3-2021.10.linux64_1.0.0.202111181127/tools/bin/../lib/gcc/arm-none-eabi/10.3.1/../../../../arm-none-eabi/lib/thumb/v7e-m+fp/hard/libsupc++_nano.a
END GROUP
LOAD /opt/stm32cubeide/plugins/com.st.stm32cube.ide.mcu.externaltools.gnu-tools-for-stm32.10.3-2021.10.linux64_1.0.0.202111181127/tools/bin/../lib/gcc/arm-none-eabi/10.3.1/../../../../arm-none-eabi/lib/thumb/v7e-m+fp/hard/libstdc++_nano.a
LOAD /opt/stm32cubeide/plugins/com.st.stm32cube.ide.mcu.externaltools.gnu-tools-for-stm32.10.3-2021.10.linux64_1.0.0.202111181127/tools/bin/../lib/gcc/arm-none-eabi/10.3.1/../../../../arm-none-eabi/lib/thumb/v7e-m+fp/hard/libm.a
LOAD /opt/stm32cubeide/plugins/com.st.stm32cube.ide.mcu.externaltools.gnu-tools-for-stm32.10.3-2021.10.linux64_1.0.0.202111181127/tools/bin/../lib/gcc/arm-none-eabi/10.3.1/../../../../arm-none-eabi/lib/thumb/v7e-m+fp/hard/libc_nano.a
START GROUP
LOAD /opt/stm32cubeide/plugins/com.st.stm32cube.ide.mcu.externaltools.gnu-tools-for-stm32.10.3-2021.10.linux64_1.0.0.202111181127/tools/bin/../lib/gcc/arm-none-eabi/10.3.1/thumb/v7e-m+fp/hard/libgcc.a
LOAD /opt/stm32cubeide/plugins/com.st.stm32cube.ide.mcu.externaltools.gnu-tools-for-stm32.10.3-2021.10.linux64_1.0.0.202111181127/tools/bin/../lib/gcc/arm-none-eabi/10.3.1/../../../../arm-none-eabi/lib/thumb/v7e-m+fp/hard/libc_nano.a
END GROUP
START GROUP
LOAD /opt/stm32cubeide/plugins/com.st.stm32cube.ide.mcu.externaltools.gnu-tools-for-stm32.10.3-2021.10.linux64_1.0.0.202111181127/tools/bin/../lib/gcc/arm-none-eabi/10.3.1/thumb/v7e-m+fp/hard/libgcc.a
LOAD /opt/stm32cubeide/plugins/com.st.stm32cube.ide.mcu.externaltools.gnu-tools-for-stm32.10.3-2021.10.linux64_1.0.0.202111181127/tools/bin/../lib/gcc/arm-none-eabi/10.3.1/../../../../arm-none-eabi/lib/thumb/v7e-m+fp/hard/libc_nano.a
END GROUP
LOAD /opt/stm32cubeide/plugins/com.st.stm32cube.ide.mcu.externaltools.gnu-tools-for-stm32.10.3-2021.10.linux64_1.0.0.202111181127/tools/bin/../lib/gcc/arm-none-eabi/10.3.1/thumb/v7e-m+fp/hard/crtend.o
LOAD /opt/stm32cubeide/plugins/com.st.stm32cube.ide.mcu.externaltools.gnu-tools-for-stm32.10.3-2021.10.linux64_1.0.0.202111181127/tools/bin/../lib/gcc/arm-none-eabi/10.3.1/thumb/v7e-m+fp/hard/crtn.o
                0x0000000020018000                _estack = (ORIGIN (RAM) + LENGTH (RAM))
                0x0000000000000200                _Min_Heap_Size = 0x200
                0x0000000000000400                _Min_Stack_Size = 0x400

.isr_vector     0x0000000008000000      0x188
                0x0000000008000000                . = ALIGN (0x4)
 *(.isr_vector)
 .isr_vector    0x0000000008000000      0x188 ./Core/Startup/startup_stm32l476rgtx.o
                0x0000000008000000                g_pfnVectors
                0x0000000008000188                . = ALIGN (0x4)

.text           0x0000000008000190     0xd550
                0x0000000008000190                . = ALIGN (0x4)
 *(.text)
 .text          0x0000000008000190       0x40 /opt/stm32cubeide/plugins/com.st.stm32cube.ide.mcu.externaltools.gnu-tools-for-stm32.10.3-2021.10.linux64_1.0.0.202111181127/tools/bin/../lib/gcc/arm-none-eabi/10.3.1/thumb/v7e-m+fp/hard/crtbegin.o
 .text          0x00000000080001d0       0x10 /opt/stm32cubeide/plugins/com.st.stm32cube.ide.mcu.externaltools.gnu-tools-for-stm32.10.3-2021.10.linux64_1.0.0.202111181127/tools/bin/../lib/gcc/arm-none-eabi/10.3.1/../../../../arm-none-eabi/lib/thumb/v7e-m+fp/hard/libc_nano.a(lib_a-strlen.o)
                0x00000000080001d0                strlen
 .text          0x00000000080001e0       0xa0 /opt/stm32cubeide/plugins/com.st.stm32cube.ide.mcu.externaltools.gnu-tools-for-stm32.10.3-2021.10.linux64_1.0.0.202111181127/tools/bin/../lib/gcc/arm-none-eabi/10.3.1/../../../../arm-none-eabi/lib/thumb/v7e-m+fp/hard/libc_nano.a(lib_a-memchr.o)
                0x00000000080001e0                memchr
 .text          0x0000000008000280      0x378 /opt/stm32cubeide/plugins/com.st.stm32cube.ide.mcu.externaltools.gnu-tools-for-stm32.10.3-2021.10.linux64_1.0.0.202111181127/tools/bin/../lib/gcc/arm-none-eabi/10.3.1/thumb/v7e-m+fp/hard/libgcc.a(_arm_addsubdf3.o)
                0x0000000008000280                __aeabi_drsub
                0x0000000008000288                __aeabi_dsub
                0x0000000008000288                __subdf3
                0x000000000800028c                __adddf3
                0x000000000800028c                __aeabi_dadd
                0x0000000008000504                __aeabi_ui2d
                0x0000000008000504                __floatunsidf
                0x0000000008000524                __floatsidf
                0x0000000008000524                __aeabi_i2d
                0x0000000008000548                __extendsfdf2
                0x0000000008000548                __aeabi_f2d
                0x000000000800058c                __aeabi_ul2d
                0x000000000800058c                __floatundidf
                0x000000000800059c                __floatdidf
                0x000000000800059c                __aeabi_l2d
 .text          0x00000000080005f8      0x110 /opt/stm32cubeide/plugins/com.st.stm32cube.ide.mcu.externaltools.gnu-tools-for-stm32.10.3-2021.10.linux64_1.0.0.202111181127/tools/bin/../lib/gcc/arm-none-eabi/10.3.1/thumb/v7e-m+fp/hard/libgcc.a(_arm_cmpdf2.o)
                0x00000000080005f8                __gtdf2
                0x00000000080005f8                __gedf2
                0x0000000008000600                __ltdf2
                0x0000000008000600                __ledf2
                0x0000000008000608                __cmpdf2
                0x0000000008000608                __eqdf2
                0x0000000008000608                __nedf2
                0x0000000008000684                __aeabi_cdrcmple
                0x0000000008000694                __aeabi_cdcmple
                0x0000000008000694                __aeabi_cdcmpeq
                0x00000000080006a4                __aeabi_dcmpeq
                0x00000000080006b8                __aeabi_dcmplt
                0x00000000080006cc                __aeabi_dcmple
                0x00000000080006e0                __aeabi_dcmpge
                0x00000000080006f4                __aeabi_dcmpgt
 .text          0x0000000008000708       0x30 /opt/stm32cubeide/plugins/com.st.stm32cube.ide.mcu.externaltools.gnu-tools-for-stm32.10.3-2021.10.linux64_1.0.0.202111181127/tools/bin/../lib/gcc/arm-none-eabi/10.3.1/thumb/v7e-m+fp/hard/libgcc.a(_aeabi_uldivmod.o)
                0x0000000008000708                __aeabi_uldivmod
 .text          0x0000000008000738      0x2d0 /opt/stm32cubeide/plugins/com.st.stm32cube.ide.mcu.externaltools.gnu-tools-for-stm32.10.3-2021.10.linux64_1.0.0.202111181127/tools/bin/../lib/gcc/arm-none-eabi/10.3.1/thumb/v7e-m+fp/hard/libgcc.a(_udivmoddi4.o)
                0x0000000008000738                __udivmoddi4
 .text          0x0000000008000a08        0x4 /opt/stm32cubeide/plugins/com.st.stm32cube.ide.mcu.externaltools.gnu-tools-for-stm32.10.3-2021.10.linux64_1.0.0.202111181127/tools/bin/../lib/gcc/arm-none-eabi/10.3.1/thumb/v7e-m+fp/hard/libgcc.a(_dvmd_tls.o)
                0x0000000008000a08                __aeabi_ldiv0
                0x0000000008000a08                __aeabi_idiv0
 *(.text*)
 .text.DevBoardBegin
                0x0000000008000a0c       0xe0 ./Core/Src/DevBoard.o
                0x0000000008000a0c                DevBoardBegin
 .text.DrawTask
                0x0000000008000aec       0x14 ./Core/Src/DevBoard.o
                0x0000000008000aec                DrawTask
 .text.ChangeScreenTask
                0x0000000008000b00      0x174 ./Core/Src/DevBoard.o
                0x0000000008000b00                ChangeScreenTask
 .text.TouchTask
                0x0000000008000c74       0x60 ./Core/Src/DevBoard.o
                0x0000000008000c74                TouchTask
 .text.TimeTask
                0x0000000008000cd4       0x78 ./Core/Src/DevBoard.o
                0x0000000008000cd4                TimeTask
 .text.home_onPress
                0x0000000008000d4c       0x24 ./Core/Src/DevBoard.o
                0x0000000008000d4c                home_onPress
 .text.vApplicationGetIdleTaskMemory
                0x0000000008000d70       0x34 ./Core/Src/freertos.o
                0x0000000008000d70                vApplicationGetIdleTaskMemory
 .text.HAL_GPIO_EXTI_Callback
                0x0000000008000da4       0x28 ./Core/Src/main.o
                0x0000000008000da4                HAL_GPIO_EXTI_Callback
 .text.main     0x0000000008000dcc       0x84 ./Core/Src/main.o
                0x0000000008000dcc                main
 .text.SystemClock_Config
                0x0000000008000e50       0xa2 ./Core/Src/main.o
                0x0000000008000e50                SystemClock_Config
 *fill*         0x0000000008000ef2        0x2 
 .text.MX_CRC_Init
                0x0000000008000ef4       0x44 ./Core/Src/main.o
 .text.MX_I2C1_Init
                0x0000000008000f38       0x80 ./Core/Src/main.o
 .text.MX_SPI1_Init
                0x0000000008000fb8       0x7c ./Core/Src/main.o
 .text.MX_USART1_UART_Init
                0x0000000008001034       0x60 ./Core/Src/main.o
 .text.MX_GPIO_Init
                0x0000000008001094      0x140 ./Core/Src/main.o
 .text.StartDefaultTask
                0x00000000080011d4        0xa ./Core/Src/main.o
                0x00000000080011d4                StartDefaultTask
 *fill*         0x00000000080011de        0x2 
 .text.HAL_TIM_PeriodElapsedCallback
                0x00000000080011e0       0x24 ./Core/Src/main.o
                0x00000000080011e0                HAL_TIM_PeriodElapsedCallback
 .text.Error_Handler
                0x0000000008001204        0xa ./Core/Src/main.o
                0x0000000008001204                Error_Handler
 *fill*         0x000000000800120e        0x2 
 .text.HAL_MspInit
                0x0000000008001210       0x50 ./Core/Src/stm32l4xx_hal_msp.o
                0x0000000008001210                HAL_MspInit
 .text.HAL_CRC_MspInit
                0x0000000008001260       0x40 ./Core/Src/stm32l4xx_hal_msp.o
                0x0000000008001260                HAL_CRC_MspInit
 .text.HAL_I2C_MspInit
                0x00000000080012a0       0xbc ./Core/Src/stm32l4xx_hal_msp.o
                0x00000000080012a0                HAL_I2C_MspInit
 .text.HAL_SPI_MspInit
                0x000000000800135c       0x84 ./Core/Src/stm32l4xx_hal_msp.o
                0x000000000800135c                HAL_SPI_MspInit
 .text.HAL_UART_MspInit
                0x00000000080013e0       0xbc ./Core/Src/stm32l4xx_hal_msp.o
                0x00000000080013e0                HAL_UART_MspInit
 .text.HAL_InitTick
                0x000000000800149c       0xdc ./Core/Src/stm32l4xx_hal_timebase_tim.o
                0x000000000800149c                HAL_InitTick
 .text.NMI_Handler
                0x0000000008001578        0x6 ./Core/Src/stm32l4xx_it.o
                0x0000000008001578                NMI_Handler
 .text.HardFault_Handler
                0x000000000800157e        0x6 ./Core/Src/stm32l4xx_it.o
                0x000000000800157e                HardFault_Handler
 .text.MemManage_Handler
                0x0000000008001584        0x6 ./Core/Src/stm32l4xx_it.o
                0x0000000008001584                MemManage_Handler
 .text.BusFault_Handler
                0x000000000800158a        0x6 ./Core/Src/stm32l4xx_it.o
                0x000000000800158a                BusFault_Handler
 .text.UsageFault_Handler
                0x0000000008001590        0x6 ./Core/Src/stm32l4xx_it.o
                0x0000000008001590                UsageFault_Handler
 .text.DebugMon_Handler
                0x0000000008001596        0xe ./Core/Src/stm32l4xx_it.o
                0x0000000008001596                DebugMon_Handler
 .text.EXTI9_5_IRQHandler
                0x00000000080015a4        0xe ./Core/Src/stm32l4xx_it.o
                0x00000000080015a4                EXTI9_5_IRQHandler
 *fill*         0x00000000080015b2        0x2 
 .text.TIM1_UP_TIM16_IRQHandler
                0x00000000080015b4       0x14 ./Core/Src/stm32l4xx_it.o
                0x00000000080015b4                TIM1_UP_TIM16_IRQHandler
 .text._sbrk    0x00000000080015c8       0x6c ./Core/Src/sysmem.o
                0x00000000080015c8                _sbrk
 .text.SystemInit
                0x0000000008001634       0x24 ./Core/Src/system_stm32l4xx.o
                0x0000000008001634                SystemInit
 .text.DM_New_Animation
                0x0000000008001658       0xa0 ./Core/Src/DisplayManager/Animation.o
                0x0000000008001658                DM_New_Animation
 .text.DM_Animation
                0x00000000080016f8       0x78 ./Core/Src/DisplayManager/Animation.o
                0x00000000080016f8                DM_Animation
 .text.DM_New_Bitmap
                0x0000000008001770       0x8c ./Core/Src/DisplayManager/Bitmap.o
                0x0000000008001770                DM_New_Bitmap
 .text.DM_Bitmap
                0x00000000080017fc       0x60 ./Core/Src/DisplayManager/Bitmap.o
                0x00000000080017fc                DM_Bitmap
 .text.DM_New_Button
                0x000000000800185c       0xbc ./Core/Src/DisplayManager/Button.o
                0x000000000800185c                DM_New_Button
 .text.DM_Button
                0x0000000008001918      0x278 ./Core/Src/DisplayManager/Button.o
                0x0000000008001918                DM_Button
 .text.DM_Button_onPress
                0x0000000008001b90       0x3c ./Core/Src/DisplayManager/Button.o
                0x0000000008001b90                DM_Button_onPress
 .text.DM_Init  0x0000000008001bcc       0x10 ./Core/Src/DisplayManager/DisplayManager.o
                0x0000000008001bcc                DM_Init
 .text.DM_Draw  0x0000000008001bdc      0x1b0 ./Core/Src/DisplayManager/DisplayManager.o
                0x0000000008001bdc                DM_Draw
 .text.DM_Clear
                0x0000000008001d8c       0x44 ./Core/Src/DisplayManager/DisplayManager.o
                0x0000000008001d8c                DM_Clear
 .text.DM_Refresh_Element
                0x0000000008001dd0       0x2c ./Core/Src/DisplayManager/DisplayManager.o
                0x0000000008001dd0                DM_Refresh_Element
 .text.DM_Add_Element
                0x0000000008001dfc       0x4c ./Core/Src/DisplayManager/DisplayManager.o
                0x0000000008001dfc                DM_Add_Element
 .text.DM_Replace_Element
                0x0000000008001e48       0x40 ./Core/Src/DisplayManager/DisplayManager.o
                0x0000000008001e48                DM_Replace_Element
 .text.DM_StrLen
                0x0000000008001e88       0x42 ./Core/Src/DisplayManager/DisplayManager.o
                0x0000000008001e88                DM_StrLen
 *fill*         0x0000000008001eca        0x2 
 .text.DM_Remove_Element
                0x0000000008001ecc       0x9c ./Core/Src/DisplayManager/DisplayManager.o
                0x0000000008001ecc                DM_Remove_Element
 .text.DM_Parse_Press
                0x0000000008001f68       0x9c ./Core/Src/DisplayManager/DisplayManager.o
                0x0000000008001f68                DM_Parse_Press
 .text.DM_Do_Press
                0x0000000008002004      0x1a4 ./Core/Src/DisplayManager/DisplayManager.o
                0x0000000008002004                DM_Do_Press
 .text.getDefaultElement
                0x00000000080021a8       0x8c ./Core/Src/DisplayManager/DisplayManager.o
                0x00000000080021a8                getDefaultElement
 .text.DM_New_Fill_Rectangle
                0x0000000008002234       0x60 ./Core/Src/DisplayManager/Fill.o
                0x0000000008002234                DM_New_Fill_Rectangle
 .text.DM_Fill_Rectangle
                0x0000000008002294       0x78 ./Core/Src/DisplayManager/Fill.o
                0x0000000008002294                DM_Fill_Rectangle
 .text.DM_New_Fill_Gradient
                0x000000000800230c       0x6c ./Core/Src/DisplayManager/Fill.o
                0x000000000800230c                DM_New_Fill_Gradient
 .text.DM_Fill_Gradient
                0x0000000008002378       0xa0 ./Core/Src/DisplayManager/Fill.o
                0x0000000008002378                DM_Fill_Gradient
 .text.DM_New_List
                0x0000000008002418       0x68 ./Core/Src/DisplayManager/List.o
                0x0000000008002418                DM_New_List
 .text.DM_List  0x0000000008002480      0x22c ./Core/Src/DisplayManager/List.o
                0x0000000008002480                DM_List
 .text.DM_List_onPress
                0x00000000080026ac       0x98 ./Core/Src/DisplayManager/List.o
                0x00000000080026ac                DM_List_onPress
 .text.DM_New_NumPad
                0x0000000008002744       0x60 ./Core/Src/DisplayManager/NumPad.o
                0x0000000008002744                DM_New_NumPad
 .text.DM_NumPad
                0x00000000080027a4      0x1a4 ./Core/Src/DisplayManager/NumPad.o
                0x00000000080027a4                DM_NumPad
 .text.DM_NumPad_Button
                0x0000000008002948       0xec ./Core/Src/DisplayManager/NumPad.o
                0x0000000008002948                DM_NumPad_Button
 .text.DM_NumPad_onPress
                0x0000000008002a34       0xd4 ./Core/Src/DisplayManager/NumPad.o
                0x0000000008002a34                DM_NumPad_onPress
 .text.updateTextBox
                0x0000000008002b08       0xa0 ./Core/Src/DisplayManager/NumPad.o
                0x0000000008002b08                updateTextBox
 .text.DM_New_Text
                0x0000000008002ba8       0x84 ./Core/Src/DisplayManager/Text.o
                0x0000000008002ba8                DM_New_Text
 .text.DM_Text  0x0000000008002c2c       0x74 ./Core/Src/DisplayManager/Text.o
                0x0000000008002c2c                DM_Text
 .text.DM_New_Fast_Text
                0x0000000008002ca0       0x84 ./Core/Src/DisplayManager/Text.o
                0x0000000008002ca0                DM_New_Fast_Text
 .text.DM_Fast_Text
                0x0000000008002d24       0x74 ./Core/Src/DisplayManager/Text.o
                0x0000000008002d24                DM_Fast_Text
 .text.DM_New_TextBox
                0x0000000008002d98       0x8c ./Core/Src/DisplayManager/TextBox.o
                0x0000000008002d98                DM_New_TextBox
 .text.DM_TextBox
                0x0000000008002e24      0x28c ./Core/Src/DisplayManager/TextBox.o
                0x0000000008002e24                DM_TextBox
 .text.DM_TextBox_onPress
                0x00000000080030b0       0x48 ./Core/Src/DisplayManager/TextBox.o
                0x00000000080030b0                DM_TextBox_onPress
 .text.DM_New_TickBox
                0x00000000080030f8       0x84 ./Core/Src/DisplayManager/TickBox.o
                0x00000000080030f8                DM_New_TickBox
 .text.DM_TickBox
                0x000000000800317c       0xe4 ./Core/Src/DisplayManager/TickBox.o
                0x000000000800317c                DM_TickBox
 .text.DM_TickBox_onPress
                0x0000000008003260       0x64 ./Core/Src/DisplayManager/TickBox.o
                0x0000000008003260                DM_TickBox_onPress
 .text.DM_New_Title_Bar
                0x00000000080032c4       0x5c ./Core/Src/DisplayManager/TitleBar.o
                0x00000000080032c4                DM_New_Title_Bar
 .text.DM_Title_Bar
                0x0000000008003320      0x158 ./Core/Src/DisplayManager/TitleBar.o
                0x0000000008003320                DM_Title_Bar
 .text.DM_Title_Bar_onPress
                0x0000000008003478       0x2a ./Core/Src/DisplayManager/TitleBar.o
                0x0000000008003478                DM_Title_Bar_onPress
 *fill*         0x00000000080034a2        0x2 
 .text.DFPlayer_sendByte
                0x00000000080034a4       0x24 ./Core/Src/drivers/DFPlayer.o
                0x00000000080034a4                DFPlayer_sendByte
 .text.DFPlayer_calculateChecksum
                0x00000000080034c8       0x38 ./Core/Src/drivers/DFPlayer.o
                0x00000000080034c8                DFPlayer_calculateChecksum
 .text.DFPlayer_sendCommand
                0x0000000008003500       0x74 ./Core/Src/drivers/DFPlayer.o
                0x0000000008003500                DFPlayer_sendCommand
 .text.DFPlayer_getResponse
                0x0000000008003574       0x38 ./Core/Src/drivers/DFPlayer.o
                0x0000000008003574                DFPlayer_getResponse
 .text.DFPlayer_setPause
                0x00000000080035ac       0x12 ./Core/Src/drivers/DFPlayer.o
                0x00000000080035ac                DFPlayer_setPause
 .text.DFPlayer_getStatus
                0x00000000080035be       0x1c ./Core/Src/drivers/DFPlayer.o
                0x00000000080035be                DFPlayer_getStatus
 .text.DFPlayer_getTracksInFolder
                0x00000000080035da       0x26 ./Core/Src/drivers/DFPlayer.o
                0x00000000080035da                DFPlayer_getTracksInFolder
 .text.DFPlayer_resetModule
                0x0000000008003600       0x12 ./Core/Src/drivers/DFPlayer.o
                0x0000000008003600                DFPlayer_resetModule
 *fill*         0x0000000008003612        0x2 
 .text.RTC_update_clock
                0x0000000008003614       0xa4 ./Core/Src/drivers/DS3231.o
                0x0000000008003614                RTC_update_clock
 .text.RTC_get_time_date
                0x00000000080036b8       0xb0 ./Core/Src/drivers/DS3231.o
                0x00000000080036b8                RTC_get_time_date
 .text.RTC_convert_seconds_to_decimal
                0x0000000008003768       0x36 ./Core/Src/drivers/DS3231.o
                0x0000000008003768                RTC_convert_seconds_to_decimal
 .text.RTC_convert_hours_to_decimal
                0x000000000800379e       0x36 ./Core/Src/drivers/DS3231.o
                0x000000000800379e                RTC_convert_hours_to_decimal
 .text.RTC_convert_date_to_decimal
                0x00000000080037d4       0x36 ./Core/Src/drivers/DS3231.o
                0x00000000080037d4                RTC_convert_date_to_decimal
 .text.RTC_convert_decimal_to_seconds
                0x000000000800380a       0x3c ./Core/Src/drivers/DS3231.o
                0x000000000800380a                RTC_convert_decimal_to_seconds
 .text.checkTimeBounds
                0x0000000008003846       0x9c ./Core/Src/drivers/DS3231.o
                0x0000000008003846                checkTimeBounds
 *fill*         0x00000000080038e2        0x2 
 .text.dayOfTheWeek
                0x00000000080038e4       0xc0 ./Core/Src/drivers/DS3231.o
                0x00000000080038e4                dayOfTheWeek
 .text.getDaysInMonth
                0x00000000080039a4       0x78 ./Core/Src/drivers/DS3231.o
                0x00000000080039a4                getDaysInMonth
 .text.FT5446_init
                0x0000000008003a1c       0x60 ./Core/Src/drivers/FT5446.o
                0x0000000008003a1c                FT5446_init
 .text.FT5446_getTouch
                0x0000000008003a7c       0x7c ./Core/Src/drivers/FT5446.o
                0x0000000008003a7c                FT5446_getTouch
 .text.parallel_write
                0x0000000008003af8       0x5c ./Core/Src/drivers/ILI9488.o
                0x0000000008003af8                parallel_write
 .text.lcd_write_data
                0x0000000008003b54       0x40 ./Core/Src/drivers/ILI9488.o
                0x0000000008003b54                lcd_write_data
 .text.lcd_write_command
                0x0000000008003b94       0x44 ./Core/Src/drivers/ILI9488.o
                0x0000000008003b94                lcd_write_command
 .text.swap_int
                0x0000000008003bd8       0x2a ./Core/Src/drivers/ILI9488.o
                0x0000000008003bd8                swap_int
 *fill*         0x0000000008003c02        0x2 
 .text.delay_ms
                0x0000000008003c04       0x6c ./Core/Src/drivers/ILI9488.o
                0x0000000008003c04                delay_ms
 .text.lcd_init_parallel
                0x0000000008003c70       0x84 ./Core/Src/drivers/ILI9488.o
                0x0000000008003c70                lcd_init_parallel
 .text.lcd_init_command_list
                0x0000000008003cf4      0x194 ./Core/Src/drivers/ILI9488.o
                0x0000000008003cf4                lcd_init_command_list
 .text.set_draw_window
                0x0000000008003e88       0xa4 ./Core/Src/drivers/ILI9488.o
                0x0000000008003e88                set_draw_window
 .text.draw_pixel
                0x0000000008003f2c       0x2a ./Core/Src/drivers/ILI9488.o
                0x0000000008003f2c                draw_pixel
 *fill*         0x0000000008003f56        0x2 
 .text.fill_rectangle
                0x0000000008003f58       0x84 ./Core/Src/drivers/ILI9488.o
                0x0000000008003f58                fill_rectangle
 .text.empty_rectangle
                0x0000000008003fdc       0x76 ./Core/Src/drivers/ILI9488.o
                0x0000000008003fdc                empty_rectangle
 *fill*         0x0000000008004052        0x2 
 .text.draw_char
                0x0000000008004054       0xf8 ./Core/Src/drivers/ILI9488.o
                0x0000000008004054                draw_char
 .text.draw_fast_char
                0x000000000800414c       0xd0 ./Core/Src/drivers/ILI9488.o
                0x000000000800414c                draw_fast_char
 .text.draw_string
                0x000000000800421c       0x60 ./Core/Src/drivers/ILI9488.o
                0x000000000800421c                draw_string
 .text.draw_fast_string
                0x000000000800427c       0x52 ./Core/Src/drivers/ILI9488.o
                0x000000000800427c                draw_fast_string
 *fill*         0x00000000080042ce        0x2 
 .text.draw_bitmap
                0x00000000080042d0       0xf0 ./Core/Src/drivers/ILI9488.o
                0x00000000080042d0                draw_bitmap
 .text.draw_bitmap_with_alpha
                0x00000000080043c0       0xc2 ./Core/Src/drivers/ILI9488.o
                0x00000000080043c0                draw_bitmap_with_alpha
 *fill*         0x0000000008004482        0x2 
 .text.fill_gradient
                0x0000000008004484      0x274 ./Core/Src/drivers/ILI9488.o
                0x0000000008004484                fill_gradient
 .text.ChangeTimeTask
                0x00000000080046f8      0x394 ./Core/Src/screens/ChangeTimeScreen.o
                0x00000000080046f8                ChangeTimeTask
 .text.save_onPress
                0x0000000008004a8c       0xbc ./Core/Src/screens/ChangeTimeScreen.o
                0x0000000008004a8c                save_onPress
 .text.DeviceTestTask
                0x0000000008004b48      0x334 ./Core/Src/screens/DeviceTestScreen.o
                0x0000000008004b48                DeviceTestTask
 .text.OK_Press
                0x0000000008004e7c       0x28 ./Core/Src/screens/DeviceTestScreen.o
                0x0000000008004e7c                OK_Press
 .text.EditTimerTask
                0x0000000008004ea4      0x6ac ./Core/Src/screens/EditTimerScreen.o
                0x0000000008004ea4                EditTimerTask
 .text.MainMenuTask
                0x0000000008005550      0x604 ./Core/Src/screens/HomeScreen.o
                0x0000000008005550                MainMenuTask
 .text.settingsScreen_onPress
                0x0000000008005b54       0x24 ./Core/Src/screens/HomeScreen.o
                0x0000000008005b54                settingsScreen_onPress
 .text.Char_To_Bmp
                0x0000000008005b78       0xa0 ./Core/Src/screens/HomeScreen.o
                0x0000000008005b78                Char_To_Bmp
 .text.SettingsTask
                0x0000000008005c18      0x104 ./Core/Src/screens/SettingsTaskScreen.o
                0x0000000008005c18                SettingsTask
 .text.changeTime_onPress
                0x0000000008005d1c       0x24 ./Core/Src/screens/SettingsTaskScreen.o
                0x0000000008005d1c                changeTime_onPress
 .text.deviceTest_onPress
                0x0000000008005d40       0x24 ./Core/Src/screens/SettingsTaskScreen.o
                0x0000000008005d40                deviceTest_onPress
 .text.TimerListTask
                0x0000000008005d64       0x80 ./Core/Src/screens/TimeListScreen.o
                0x0000000008005d64                TimerListTask
 .text.timerList_onPress
                0x0000000008005de4       0x24 ./Core/Src/screens/TimeListScreen.o
                0x0000000008005de4                timerList_onPress
 .text.Reset_Handler
                0x0000000008005e08       0x50 ./Core/Startup/startup_stm32l476rgtx.o
                0x0000000008005e08                Reset_Handler
 .text.Default_Handler
                0x0000000008005e58        0x2 ./Core/Startup/startup_stm32l476rgtx.o
                0x0000000008005e58                RTC_Alarm_IRQHandler
                0x0000000008005e58                EXTI2_IRQHandler
                0x0000000008005e58                TIM8_TRG_COM_IRQHandler
                0x0000000008005e58                TIM8_CC_IRQHandler
                0x0000000008005e58                TIM1_CC_IRQHandler
                0x0000000008005e58                TSC_IRQHandler
                0x0000000008005e58                TAMP_STAMP_IRQHandler
                0x0000000008005e58                EXTI3_IRQHandler
                0x0000000008005e58                LPTIM2_IRQHandler
                0x0000000008005e58                DFSDM1_FLT1_IRQHandler
                0x0000000008005e58                I2C3_ER_IRQHandler
                0x0000000008005e58                DFSDM1_FLT2_IRQHandler
                0x0000000008005e58                EXTI0_IRQHandler
                0x0000000008005e58                I2C2_EV_IRQHandler
                0x0000000008005e58                CAN1_RX0_IRQHandler
                0x0000000008005e58                FPU_IRQHandler
                0x0000000008005e58                ADC1_2_IRQHandler
                0x0000000008005e58                SPI1_IRQHandler
                0x0000000008005e58                TIM6_DAC_IRQHandler
                0x0000000008005e58                TIM8_UP_IRQHandler
                0x0000000008005e58                DMA2_Channel2_IRQHandler
                0x0000000008005e58                DMA1_Channel4_IRQHandler
                0x0000000008005e58                SAI2_IRQHandler
                0x0000000008005e58                DFSDM1_FLT3_IRQHandler
                0x0000000008005e58                USART3_IRQHandler
                0x0000000008005e58                DMA1_Channel7_IRQHandler
                0x0000000008005e58                CAN1_RX1_IRQHandler
                0x0000000008005e58                LCD_IRQHandler
                0x0000000008005e58                UART5_IRQHandler
                0x0000000008005e58                ADC3_IRQHandler
                0x0000000008005e58                TIM4_IRQHandler
                0x0000000008005e58                DMA2_Channel1_IRQHandler
                0x0000000008005e58                QUADSPI_IRQHandler
                0x0000000008005e58                I2C1_EV_IRQHandler
                0x0000000008005e58                DMA1_Channel6_IRQHandler
                0x0000000008005e58                UART4_IRQHandler
                0x0000000008005e58                DMA2_Channel4_IRQHandler
                0x0000000008005e58                TIM3_IRQHandler
                0x0000000008005e58                RCC_IRQHandler
                0x0000000008005e58                DMA1_Channel1_IRQHandler
                0x0000000008005e58                Default_Handler
                0x0000000008005e58                DMA2_Channel7_IRQHandler
                0x0000000008005e58                EXTI15_10_IRQHandler
                0x0000000008005e58                TIM7_IRQHandler
                0x0000000008005e58                SDMMC1_IRQHandler
                0x0000000008005e58                TIM5_IRQHandler
                0x0000000008005e58                I2C3_EV_IRQHandler
                0x0000000008005e58                RTC_WKUP_IRQHandler
                0x0000000008005e58                PVD_PVM_IRQHandler
                0x0000000008005e58                SPI2_IRQHandler
                0x0000000008005e58                CAN1_TX_IRQHandler
                0x0000000008005e58                DMA2_Channel5_IRQHandler
                0x0000000008005e58                DMA1_Channel5_IRQHandler
                0x0000000008005e58                EXTI4_IRQHandler
                0x0000000008005e58                RNG_IRQHandler
                0x0000000008005e58                TIM1_TRG_COM_TIM17_IRQHandler
                0x0000000008005e58                DMA1_Channel3_IRQHandler
                0x0000000008005e58                COMP_IRQHandler
                0x0000000008005e58                WWDG_IRQHandler
                0x0000000008005e58                LPUART1_IRQHandler
                0x0000000008005e58                DMA2_Channel6_IRQHandler
                0x0000000008005e58                TIM2_IRQHandler
                0x0000000008005e58                EXTI1_IRQHandler
                0x0000000008005e58                USART2_IRQHandler
                0x0000000008005e58                DFSDM1_FLT0_IRQHandler
                0x0000000008005e58                I2C2_ER_IRQHandler
                0x0000000008005e58                DMA1_Channel2_IRQHandler
                0x0000000008005e58                TIM8_BRK_IRQHandler
                0x0000000008005e58                CAN1_SCE_IRQHandler
                0x0000000008005e58                FLASH_IRQHandler
                0x0000000008005e58                USART1_IRQHandler
                0x0000000008005e58                OTG_FS_IRQHandler
                0x0000000008005e58                SPI3_IRQHandler
                0x0000000008005e58                I2C1_ER_IRQHandler
                0x0000000008005e58                FMC_IRQHandler
                0x0000000008005e58                SWPMI1_IRQHandler
                0x0000000008005e58                LPTIM1_IRQHandler
                0x0000000008005e58                SAI1_IRQHandler
                0x0000000008005e58                DMA2_Channel3_IRQHandler
                0x0000000008005e58                TIM1_BRK_TIM15_IRQHandler
 .text.HAL_Init
                0x0000000008005e5a       0x30 ./Drivers/STM32L4xx_HAL_Driver/Src/stm32l4xx_hal.o
                0x0000000008005e5a                HAL_Init
 *fill*         0x0000000008005e8a        0x2 
 .text.HAL_IncTick
                0x0000000008005e8c       0x28 ./Drivers/STM32L4xx_HAL_Driver/Src/stm32l4xx_hal.o
                0x0000000008005e8c                HAL_IncTick
 .text.HAL_GetTick
                0x0000000008005eb4       0x18 ./Drivers/STM32L4xx_HAL_Driver/Src/stm32l4xx_hal.o
                0x0000000008005eb4                HAL_GetTick
 .text.HAL_Delay
                0x0000000008005ecc       0x48 ./Drivers/STM32L4xx_HAL_Driver/Src/stm32l4xx_hal.o
                0x0000000008005ecc                HAL_Delay
 .text.__NVIC_SetPriorityGrouping
                0x0000000008005f14       0x48 ./Drivers/STM32L4xx_HAL_Driver/Src/stm32l4xx_hal_cortex.o
 .text.__NVIC_GetPriorityGrouping
                0x0000000008005f5c       0x1c ./Drivers/STM32L4xx_HAL_Driver/Src/stm32l4xx_hal_cortex.o
 .text.__NVIC_EnableIRQ
                0x0000000008005f78       0x3c ./Drivers/STM32L4xx_HAL_Driver/Src/stm32l4xx_hal_cortex.o
 .text.__NVIC_SetPriority
                0x0000000008005fb4       0x54 ./Drivers/STM32L4xx_HAL_Driver/Src/stm32l4xx_hal_cortex.o
 .text.NVIC_EncodePriority
                0x0000000008006008       0x66 ./Drivers/STM32L4xx_HAL_Driver/Src/stm32l4xx_hal_cortex.o
 .text.HAL_NVIC_SetPriorityGrouping
                0x000000000800606e       0x16 ./Drivers/STM32L4xx_HAL_Driver/Src/stm32l4xx_hal_cortex.o
                0x000000000800606e                HAL_NVIC_SetPriorityGrouping
 .text.HAL_NVIC_SetPriority
                0x0000000008006084       0x38 ./Drivers/STM32L4xx_HAL_Driver/Src/stm32l4xx_hal_cortex.o
                0x0000000008006084                HAL_NVIC_SetPriority
 .text.HAL_NVIC_EnableIRQ
                0x00000000080060bc       0x1c ./Drivers/STM32L4xx_HAL_Driver/Src/stm32l4xx_hal_cortex.o
                0x00000000080060bc                HAL_NVIC_EnableIRQ
 .text.HAL_CRC_Init
                0x00000000080060d8       0xc8 ./Drivers/STM32L4xx_HAL_Driver/Src/stm32l4xx_hal_crc.o
                0x00000000080060d8                HAL_CRC_Init
 .text.HAL_CRCEx_Polynomial_Set
                0x00000000080061a0      0x10c ./Drivers/STM32L4xx_HAL_Driver/Src/stm32l4xx_hal_crc_ex.o
                0x00000000080061a0                HAL_CRCEx_Polynomial_Set
 .text.HAL_GPIO_Init
                0x00000000080062ac      0x354 ./Drivers/STM32L4xx_HAL_Driver/Src/stm32l4xx_hal_gpio.o
                0x00000000080062ac                HAL_GPIO_Init
 .text.HAL_GPIO_WritePin
                0x0000000008006600       0x30 ./Drivers/STM32L4xx_HAL_Driver/Src/stm32l4xx_hal_gpio.o
                0x0000000008006600                HAL_GPIO_WritePin
 .text.HAL_GPIO_EXTI_IRQHandler
                0x0000000008006630       0x30 ./Drivers/STM32L4xx_HAL_Driver/Src/stm32l4xx_hal_gpio.o
                0x0000000008006630                HAL_GPIO_EXTI_IRQHandler
 .text.HAL_I2C_Init
                0x0000000008006660      0x11e ./Drivers/STM32L4xx_HAL_Driver/Src/stm32l4xx_hal_i2c.o
                0x0000000008006660                HAL_I2C_Init
 *fill*         0x000000000800677e        0x2 
 .text.HAL_I2C_Mem_Write
                0x0000000008006780      0x228 ./Drivers/STM32L4xx_HAL_Driver/Src/stm32l4xx_hal_i2c.o
                0x0000000008006780                HAL_I2C_Mem_Write
 .text.HAL_I2C_Mem_Read
                0x00000000080069a8      0x234 ./Drivers/STM32L4xx_HAL_Driver/Src/stm32l4xx_hal_i2c.o
                0x00000000080069a8                HAL_I2C_Mem_Read
 .text.HAL_I2C_IsDeviceReady
                0x0000000008006bdc      0x20e ./Drivers/STM32L4xx_HAL_Driver/Src/stm32l4xx_hal_i2c.o
                0x0000000008006bdc                HAL_I2C_IsDeviceReady
 *fill*         0x0000000008006dea        0x2 
 .text.I2C_RequestMemoryWrite
                0x0000000008006dec       0xa8 ./Drivers/STM32L4xx_HAL_Driver/Src/stm32l4xx_hal_i2c.o
 .text.I2C_RequestMemoryRead
                0x0000000008006e94       0xa8 ./Drivers/STM32L4xx_HAL_Driver/Src/stm32l4xx_hal_i2c.o
 .text.I2C_Flush_TXDR
                0x0000000008006f3c       0x48 ./Drivers/STM32L4xx_HAL_Driver/Src/stm32l4xx_hal_i2c.o
 .text.I2C_WaitOnFlagUntilTimeout
                0x0000000008006f84       0x80 ./Drivers/STM32L4xx_HAL_Driver/Src/stm32l4xx_hal_i2c.o
 .text.I2C_WaitOnTXISFlagUntilTimeout
                0x0000000008007004       0x80 ./Drivers/STM32L4xx_HAL_Driver/Src/stm32l4xx_hal_i2c.o
 .text.I2C_WaitOnSTOPFlagUntilTimeout
                0x0000000008007084       0x78 ./Drivers/STM32L4xx_HAL_Driver/Src/stm32l4xx_hal_i2c.o
 .text.I2C_IsErrorOccurred
                0x00000000080070fc      0x1d8 ./Drivers/STM32L4xx_HAL_Driver/Src/stm32l4xx_hal_i2c.o
 .text.I2C_TransferConfig
                0x00000000080072d4       0x64 ./Drivers/STM32L4xx_HAL_Driver/Src/stm32l4xx_hal_i2c.o
 .text.HAL_I2CEx_ConfigAnalogFilter
                0x0000000008007338       0x96 ./Drivers/STM32L4xx_HAL_Driver/Src/stm32l4xx_hal_i2c_ex.o
                0x0000000008007338                HAL_I2CEx_ConfigAnalogFilter
 .text.HAL_I2CEx_ConfigDigitalFilter
                0x00000000080073ce       0x98 ./Drivers/STM32L4xx_HAL_Driver/Src/stm32l4xx_hal_i2c_ex.o
                0x00000000080073ce                HAL_I2CEx_ConfigDigitalFilter
 *fill*         0x0000000008007466        0x2 
 .text.HAL_PWREx_GetVoltageRange
                0x0000000008007468       0x1c ./Drivers/STM32L4xx_HAL_Driver/Src/stm32l4xx_hal_pwr_ex.o
                0x0000000008007468                HAL_PWREx_GetVoltageRange
 .text.HAL_PWREx_ControlVoltageScaling
                0x0000000008007484       0xac ./Drivers/STM32L4xx_HAL_Driver/Src/stm32l4xx_hal_pwr_ex.o
                0x0000000008007484                HAL_PWREx_ControlVoltageScaling
 .text.HAL_RCC_OscConfig
                0x0000000008007530      0x7b8 ./Drivers/STM32L4xx_HAL_Driver/Src/stm32l4xx_hal_rcc.o
                0x0000000008007530                HAL_RCC_OscConfig
 .text.HAL_RCC_ClockConfig
                0x0000000008007ce8      0x200 ./Drivers/STM32L4xx_HAL_Driver/Src/stm32l4xx_hal_rcc.o
                0x0000000008007ce8                HAL_RCC_ClockConfig
 .text.HAL_RCC_GetSysClockFreq
                0x0000000008007ee8      0x118 ./Drivers/STM32L4xx_HAL_Driver/Src/stm32l4xx_hal_rcc.o
                0x0000000008007ee8                HAL_RCC_GetSysClockFreq
 .text.HAL_RCC_GetHCLKFreq
                0x0000000008008000       0x18 ./Drivers/STM32L4xx_HAL_Driver/Src/stm32l4xx_hal_rcc.o
                0x0000000008008000                HAL_RCC_GetHCLKFreq
 .text.HAL_RCC_GetPCLK1Freq
                0x0000000008008018       0x2c ./Drivers/STM32L4xx_HAL_Driver/Src/stm32l4xx_hal_rcc.o
                0x0000000008008018                HAL_RCC_GetPCLK1Freq
 .text.HAL_RCC_GetPCLK2Freq
                0x0000000008008044       0x2c ./Drivers/STM32L4xx_HAL_Driver/Src/stm32l4xx_hal_rcc.o
                0x0000000008008044                HAL_RCC_GetPCLK2Freq
 .text.HAL_RCC_GetClockConfig
                0x0000000008008070       0x64 ./Drivers/STM32L4xx_HAL_Driver/Src/stm32l4xx_hal_rcc.o
                0x0000000008008070                HAL_RCC_GetClockConfig
 .text.RCC_SetFlashLatencyFromMSIRange
                0x00000000080080d4       0xc0 ./Drivers/STM32L4xx_HAL_Driver/Src/stm32l4xx_hal_rcc.o
 .text.HAL_RCCEx_PeriphCLKConfig
                0x0000000008008194      0x5d4 ./Drivers/STM32L4xx_HAL_Driver/Src/stm32l4xx_hal_rcc_ex.o
                0x0000000008008194                HAL_RCCEx_PeriphCLKConfig
 .text.RCCEx_PLLSAI1_Config
                0x0000000008008768      0x1e8 ./Drivers/STM32L4xx_HAL_Driver/Src/stm32l4xx_hal_rcc_ex.o
 .text.RCCEx_PLLSAI2_Config
                0x0000000008008950      0x1bc ./Drivers/STM32L4xx_HAL_Driver/Src/stm32l4xx_hal_rcc_ex.o
 .text.HAL_SPI_Init
                0x0000000008008b0c      0x146 ./Drivers/STM32L4xx_HAL_Driver/Src/stm32l4xx_hal_spi.o
                0x0000000008008b0c                HAL_SPI_Init
 .text.HAL_TIM_Base_Init
                0x0000000008008c52       0xae ./Drivers/STM32L4xx_HAL_Driver/Src/stm32l4xx_hal_tim.o
                0x0000000008008c52                HAL_TIM_Base_Init
 .text.HAL_TIM_Base_MspInit
                0x0000000008008d00       0x14 ./Drivers/STM32L4xx_HAL_Driver/Src/stm32l4xx_hal_tim.o
                0x0000000008008d00                HAL_TIM_Base_MspInit
 .text.HAL_TIM_Base_Start_IT
                0x0000000008008d14       0xe0 ./Drivers/STM32L4xx_HAL_Driver/Src/stm32l4xx_hal_tim.o
                0x0000000008008d14                HAL_TIM_Base_Start_IT
 .text.HAL_TIM_IRQHandler
                0x0000000008008df4      0x23e ./Drivers/STM32L4xx_HAL_Driver/Src/stm32l4xx_hal_tim.o
                0x0000000008008df4                HAL_TIM_IRQHandler
 .text.HAL_TIM_OC_DelayElapsedCallback
                0x0000000008009032       0x14 ./Drivers/STM32L4xx_HAL_Driver/Src/stm32l4xx_hal_tim.o
                0x0000000008009032                HAL_TIM_OC_DelayElapsedCallback
 .text.HAL_TIM_IC_CaptureCallback
                0x0000000008009046       0x14 ./Drivers/STM32L4xx_HAL_Driver/Src/stm32l4xx_hal_tim.o
                0x0000000008009046                HAL_TIM_IC_CaptureCallback
 .text.HAL_TIM_PWM_PulseFinishedCallback
                0x000000000800905a       0x14 ./Drivers/STM32L4xx_HAL_Driver/Src/stm32l4xx_hal_tim.o
                0x000000000800905a                HAL_TIM_PWM_PulseFinishedCallback
 .text.HAL_TIM_TriggerCallback
                0x000000000800906e       0x14 ./Drivers/STM32L4xx_HAL_Driver/Src/stm32l4xx_hal_tim.o
                0x000000000800906e                HAL_TIM_TriggerCallback
 *fill*         0x0000000008009082        0x2 
 .text.TIM_Base_SetConfig
                0x0000000008009084      0x134 ./Drivers/STM32L4xx_HAL_Driver/Src/stm32l4xx_hal_tim.o
                0x0000000008009084                TIM_Base_SetConfig
 .text.HAL_TIMEx_CommutCallback
                0x00000000080091b8       0x14 ./Drivers/STM32L4xx_HAL_Driver/Src/stm32l4xx_hal_tim_ex.o
                0x00000000080091b8                HAL_TIMEx_CommutCallback
 .text.HAL_TIMEx_BreakCallback
                0x00000000080091cc       0x14 ./Drivers/STM32L4xx_HAL_Driver/Src/stm32l4xx_hal_tim_ex.o
                0x00000000080091cc                HAL_TIMEx_BreakCallback
 .text.HAL_TIMEx_Break2Callback
                0x00000000080091e0       0x14 ./Drivers/STM32L4xx_HAL_Driver/Src/stm32l4xx_hal_tim_ex.o
                0x00000000080091e0                HAL_TIMEx_Break2Callback
 .text.HAL_UART_Init
                0x00000000080091f4       0x9c ./Drivers/STM32L4xx_HAL_Driver/Src/stm32l4xx_hal_uart.o
                0x00000000080091f4                HAL_UART_Init
 .text.HAL_UART_Transmit
                0x0000000008009290      0x128 ./Drivers/STM32L4xx_HAL_Driver/Src/stm32l4xx_hal_uart.o
                0x0000000008009290                HAL_UART_Transmit
 .text.HAL_UART_Receive
                0x00000000080093b8      0x1a2 ./Drivers/STM32L4xx_HAL_Driver/Src/stm32l4xx_hal_uart.o
                0x00000000080093b8                HAL_UART_Receive
 *fill*         0x000000000800955a        0x2 
 .text.UART_SetConfig
                0x000000000800955c      0x570 ./Drivers/STM32L4xx_HAL_Driver/Src/stm32l4xx_hal_uart.o
                0x000000000800955c                UART_SetConfig
 .text.UART_AdvFeatureConfig
                0x0000000008009acc      0x144 ./Drivers/STM32L4xx_HAL_Driver/Src/stm32l4xx_hal_uart.o
                0x0000000008009acc                UART_AdvFeatureConfig
 .text.UART_CheckIdleState
                0x0000000008009c10       0x92 ./Drivers/STM32L4xx_HAL_Driver/Src/stm32l4xx_hal_uart.o
                0x0000000008009c10                UART_CheckIdleState
 .text.UART_WaitOnFlagUntilTimeout
                0x0000000008009ca2      0x188 ./Drivers/STM32L4xx_HAL_Driver/Src/stm32l4xx_hal_uart.o
                0x0000000008009ca2                UART_WaitOnFlagUntilTimeout
 .text.makeFreeRtosPriority
                0x0000000008009e2a       0x30 ./Middlewares/Third_Party/FreeRTOS/Source/CMSIS_RTOS/cmsis_os.o
 .text.inHandlerMode
                0x0000000008009e5a       0x24 ./Middlewares/Third_Party/FreeRTOS/Source/CMSIS_RTOS/cmsis_os.o
 .text.osKernelStart
                0x0000000008009e7e        0xe ./Middlewares/Third_Party/FreeRTOS/Source/CMSIS_RTOS/cmsis_os.o
                0x0000000008009e7e                osKernelStart
 .text.osThreadCreate
                0x0000000008009e8c       0x98 ./Middlewares/Third_Party/FreeRTOS/Source/CMSIS_RTOS/cmsis_os.o
                0x0000000008009e8c                osThreadCreate
 .text.osThreadTerminate
                0x0000000008009f24       0x18 ./Middlewares/Third_Party/FreeRTOS/Source/CMSIS_RTOS/cmsis_os.o
                0x0000000008009f24                osThreadTerminate
 .text.osThreadYield
                0x0000000008009f3c       0x24 ./Middlewares/Third_Party/FreeRTOS/Source/CMSIS_RTOS/cmsis_os.o
                0x0000000008009f3c                osThreadYield
 .text.osDelay  0x0000000008009f60       0x28 ./Middlewares/Third_Party/FreeRTOS/Source/CMSIS_RTOS/cmsis_os.o
                0x0000000008009f60                osDelay
 .text.osMutexCreate
                0x0000000008009f88       0x30 ./Middlewares/Third_Party/FreeRTOS/Source/CMSIS_RTOS/cmsis_os.o
                0x0000000008009f88                osMutexCreate
 .text.osMutexWait
                0x0000000008009fb8       0x9c ./Middlewares/Third_Party/FreeRTOS/Source/CMSIS_RTOS/cmsis_os.o
                0x0000000008009fb8                osMutexWait
 .text.osMutexRelease
                0x000000000800a054       0x6c ./Middlewares/Third_Party/FreeRTOS/Source/CMSIS_RTOS/cmsis_os.o
                0x000000000800a054                osMutexRelease
 .text.vListInitialise
                0x000000000800a0c0       0x40 ./Middlewares/Third_Party/FreeRTOS/Source/list.o
                0x000000000800a0c0                vListInitialise
 .text.vListInitialiseItem
                0x000000000800a100       0x1a ./Middlewares/Third_Party/FreeRTOS/Source/list.o
                0x000000000800a100                vListInitialiseItem
 .text.vListInsertEnd
                0x000000000800a11a       0x48 ./Middlewares/Third_Party/FreeRTOS/Source/list.o
                0x000000000800a11a                vListInsertEnd
 .text.vListInsert
                0x000000000800a162       0x72 ./Middlewares/Third_Party/FreeRTOS/Source/list.o
                0x000000000800a162                vListInsert
 .text.uxListRemove
                0x000000000800a1d4       0x54 ./Middlewares/Third_Party/FreeRTOS/Source/list.o
                0x000000000800a1d4                uxListRemove
 .text.xQueueGenericReset
                0x000000000800a228       0xd0 ./Middlewares/Third_Party/FreeRTOS/Source/queue.o
                0x000000000800a228                xQueueGenericReset
 .text.xQueueGenericCreateStatic
                0x000000000800a2f8       0xf0 ./Middlewares/Third_Party/FreeRTOS/Source/queue.o
                0x000000000800a2f8                xQueueGenericCreateStatic
 .text.xQueueGenericCreate
                0x000000000800a3e8       0x74 ./Middlewares/Third_Party/FreeRTOS/Source/queue.o
                0x000000000800a3e8                xQueueGenericCreate
 .text.prvInitialiseNewQueue
                0x000000000800a45c       0x3e ./Middlewares/Third_Party/FreeRTOS/Source/queue.o
 .text.prvInitialiseMutex
                0x000000000800a49a       0x34 ./Middlewares/Third_Party/FreeRTOS/Source/queue.o
 .text.xQueueCreateMutex
                0x000000000800a4ce       0x30 ./Middlewares/Third_Party/FreeRTOS/Source/queue.o
                0x000000000800a4ce                xQueueCreateMutex
 .text.xQueueCreateMutexStatic
                0x000000000800a4fe       0x36 ./Middlewares/Third_Party/FreeRTOS/Source/queue.o
                0x000000000800a4fe                xQueueCreateMutexStatic
 .text.xQueueGenericSend
                0x000000000800a534      0x1fc ./Middlewares/Third_Party/FreeRTOS/Source/queue.o
                0x000000000800a534                xQueueGenericSend
 .text.xQueueGiveFromISR
                0x000000000800a730      0x11a ./Middlewares/Third_Party/FreeRTOS/Source/queue.o
                0x000000000800a730                xQueueGiveFromISR
 *fill*         0x000000000800a84a        0x2 
 .text.xQueueSemaphoreTake
                0x000000000800a84c      0x218 ./Middlewares/Third_Party/FreeRTOS/Source/queue.o
                0x000000000800a84c                xQueueSemaphoreTake
 .text.xQueueReceiveFromISR
                0x000000000800aa64      0x100 ./Middlewares/Third_Party/FreeRTOS/Source/queue.o
                0x000000000800aa64                xQueueReceiveFromISR
 .text.prvGetDisinheritPriorityAfterTimeout
                0x000000000800ab64       0x30 ./Middlewares/Third_Party/FreeRTOS/Source/queue.o
 .text.prvCopyDataToQueue
                0x000000000800ab94       0xd4 ./Middlewares/Third_Party/FreeRTOS/Source/queue.o
 .text.prvCopyDataFromQueue
                0x000000000800ac68       0x4c ./Middlewares/Third_Party/FreeRTOS/Source/queue.o
 .text.prvUnlockQueue
                0x000000000800acb4       0xa4 ./Middlewares/Third_Party/FreeRTOS/Source/queue.o
 .text.prvIsQueueEmpty
                0x000000000800ad58       0x2c ./Middlewares/Third_Party/FreeRTOS/Source/queue.o
 .text.prvIsQueueFull
                0x000000000800ad84       0x30 ./Middlewares/Third_Party/FreeRTOS/Source/queue.o
 .text.xTaskCreateStatic
                0x000000000800adb4       0xba ./Middlewares/Third_Party/FreeRTOS/Source/tasks.o
                0x000000000800adb4                xTaskCreateStatic
 .text.xTaskCreate
                0x000000000800ae6e       0x8a ./Middlewares/Third_Party/FreeRTOS/Source/tasks.o
                0x000000000800ae6e                xTaskCreate
 .text.prvInitialiseNewTask
                0x000000000800aef8      0x13c ./Middlewares/Third_Party/FreeRTOS/Source/tasks.o
 .text.prvAddNewTaskToReadyList
                0x000000000800b034       0xd4 ./Middlewares/Third_Party/FreeRTOS/Source/tasks.o
 .text.vTaskDelete
                0x000000000800b108      0x120 ./Middlewares/Third_Party/FreeRTOS/Source/tasks.o
                0x000000000800b108                vTaskDelete
 .text.vTaskDelay
                0x000000000800b228       0x68 ./Middlewares/Third_Party/FreeRTOS/Source/tasks.o
                0x000000000800b228                vTaskDelay
 .text.vTaskStartScheduler
                0x000000000800b290       0xd4 ./Middlewares/Third_Party/FreeRTOS/Source/tasks.o
                0x000000000800b290                vTaskStartScheduler
 .text.vTaskSuspendAll
                0x000000000800b364       0x1c ./Middlewares/Third_Party/FreeRTOS/Source/tasks.o
                0x000000000800b364                vTaskSuspendAll
 .text.xTaskResumeAll
                0x000000000800b380      0x138 ./Middlewares/Third_Party/FreeRTOS/Source/tasks.o
                0x000000000800b380                xTaskResumeAll
 .text.xTaskIncrementTick
                0x000000000800b4b8      0x170 ./Middlewares/Third_Party/FreeRTOS/Source/tasks.o
                0x000000000800b4b8                xTaskIncrementTick
 .text.vTaskSwitchContext
                0x000000000800b628       0xc4 ./Middlewares/Third_Party/FreeRTOS/Source/tasks.o
                0x000000000800b628                vTaskSwitchContext
 .text.vTaskPlaceOnEventList
                0x000000000800b6ec       0x48 ./Middlewares/Third_Party/FreeRTOS/Source/tasks.o
                0x000000000800b6ec                vTaskPlaceOnEventList
 .text.xTaskRemoveFromEventList
                0x000000000800b734       0xc4 ./Middlewares/Third_Party/FreeRTOS/Source/tasks.o
                0x000000000800b734                xTaskRemoveFromEventList
 .text.vTaskInternalSetTimeOutState
                0x000000000800b7f8       0x2c ./Middlewares/Third_Party/FreeRTOS/Source/tasks.o
                0x000000000800b7f8                vTaskInternalSetTimeOutState
 .text.xTaskCheckForTimeOut
                0x000000000800b824       0xc4 ./Middlewares/Third_Party/FreeRTOS/Source/tasks.o
                0x000000000800b824                xTaskCheckForTimeOut
 .text.vTaskMissedYield
                0x000000000800b8e8       0x18 ./Middlewares/Third_Party/FreeRTOS/Source/tasks.o
                0x000000000800b8e8                vTaskMissedYield
 .text.prvIdleTask
                0x000000000800b900       0x30 ./Middlewares/Third_Party/FreeRTOS/Source/tasks.o
 .text.prvInitialiseTaskLists
                0x000000000800b930       0x80 ./Middlewares/Third_Party/FreeRTOS/Source/tasks.o
 .text.prvCheckTasksWaitingTermination
                0x000000000800b9b0       0x5c ./Middlewares/Third_Party/FreeRTOS/Source/tasks.o
 .text.prvDeleteTCB
                0x000000000800ba0c       0x68 ./Middlewares/Third_Party/FreeRTOS/Source/tasks.o
 .text.prvResetNextTaskUnblockTime
                0x000000000800ba74       0x40 ./Middlewares/Third_Party/FreeRTOS/Source/tasks.o
 .text.xTaskGetSchedulerState
                0x000000000800bab4       0x3c ./Middlewares/Third_Party/FreeRTOS/Source/tasks.o
                0x000000000800bab4                xTaskGetSchedulerState
 .text.xTaskPriorityInherit
                0x000000000800baf0       0xec ./Middlewares/Third_Party/FreeRTOS/Source/tasks.o
                0x000000000800baf0                xTaskPriorityInherit
 .text.xTaskPriorityDisinherit
                0x000000000800bbdc      0x10c ./Middlewares/Third_Party/FreeRTOS/Source/tasks.o
                0x000000000800bbdc                xTaskPriorityDisinherit
 .text.vTaskPriorityDisinheritAfterTimeout
                0x000000000800bce8      0x11c ./Middlewares/Third_Party/FreeRTOS/Source/tasks.o
                0x000000000800bce8                vTaskPriorityDisinheritAfterTimeout
 .text.pvTaskIncrementMutexHeldCount
                0x000000000800be04       0x28 ./Middlewares/Third_Party/FreeRTOS/Source/tasks.o
                0x000000000800be04                pvTaskIncrementMutexHeldCount
 .text.xTaskNotifyWait
                0x000000000800be2c       0xc0 ./Middlewares/Third_Party/FreeRTOS/Source/tasks.o
                0x000000000800be2c                xTaskNotifyWait
 .text.xTaskGenericNotify
                0x000000000800beec      0x17c ./Middlewares/Third_Party/FreeRTOS/Source/tasks.o
                0x000000000800beec                xTaskGenericNotify
 .text.xTaskGenericNotifyFromISR
                0x000000000800c068      0x1c8 ./Middlewares/Third_Party/FreeRTOS/Source/tasks.o
                0x000000000800c068                xTaskGenericNotifyFromISR
 .text.prvAddCurrentTaskToDelayedList
                0x000000000800c230       0xcc ./Middlewares/Third_Party/FreeRTOS/Source/tasks.o
 .text.pxPortInitialiseStack
                0x000000000800c2fc       0x68 ./Middlewares/Third_Party/FreeRTOS/Source/portable/GCC/ARM_CM4F/port.o
                0x000000000800c2fc                pxPortInitialiseStack
 .text.prvTaskExitError
                0x000000000800c364       0x58 ./Middlewares/Third_Party/FreeRTOS/Source/portable/GCC/ARM_CM4F/port.o
 *fill*         0x000000000800c3bc        0x4 
 .text.SVC_Handler
                0x000000000800c3c0       0x28 ./Middlewares/Third_Party/FreeRTOS/Source/portable/GCC/ARM_CM4F/port.o
                0x000000000800c3c0                SVC_Handler
 .text.prvPortStartFirstTask
                0x000000000800c3e8       0x28 ./Middlewares/Third_Party/FreeRTOS/Source/portable/GCC/ARM_CM4F/port.o
 .text.xPortStartScheduler
                0x000000000800c410      0x144 ./Middlewares/Third_Party/FreeRTOS/Source/portable/GCC/ARM_CM4F/port.o
                0x000000000800c410                xPortStartScheduler
 .text.vPortEnterCritical
                0x000000000800c554       0x60 ./Middlewares/Third_Party/FreeRTOS/Source/portable/GCC/ARM_CM4F/port.o
                0x000000000800c554                vPortEnterCritical
 .text.vPortExitCritical
                0x000000000800c5b4       0x54 ./Middlewares/Third_Party/FreeRTOS/Source/portable/GCC/ARM_CM4F/port.o
                0x000000000800c5b4                vPortExitCritical
 *fill*         0x000000000800c608        0x8 
 .text.PendSV_Handler
                0x000000000800c610       0x68 ./Middlewares/Third_Party/FreeRTOS/Source/portable/GCC/ARM_CM4F/port.o
                0x000000000800c610                PendSV_Handler
 .text.SysTick_Handler
                0x000000000800c678       0x44 ./Middlewares/Third_Party/FreeRTOS/Source/portable/GCC/ARM_CM4F/port.o
                0x000000000800c678                SysTick_Handler
 .text.vPortSetupTimerInterrupt
                0x000000000800c6bc       0x48 ./Middlewares/Third_Party/FreeRTOS/Source/portable/GCC/ARM_CM4F/port.o
                0x000000000800c6bc                vPortSetupTimerInterrupt
 .text.vPortEnableVFP
                0x000000000800c704       0x14 ./Middlewares/Third_Party/FreeRTOS/Source/portable/GCC/ARM_CM4F/port.o
 .text.vPortValidateInterruptPriority
                0x000000000800c718       0x80 ./Middlewares/Third_Party/FreeRTOS/Source/portable/GCC/ARM_CM4F/port.o
                0x000000000800c718                vPortValidateInterruptPriority
 .text.pvPortMalloc
                0x000000000800c798      0x198 ./Middlewares/Third_Party/FreeRTOS/Source/portable/MemMang/heap_4.o
                0x000000000800c798                pvPortMalloc
 .text.vPortFree
                0x000000000800c930       0xc4 ./Middlewares/Third_Party/FreeRTOS/Source/portable/MemMang/heap_4.o
                0x000000000800c930                vPortFree
 .text.prvHeapInit
                0x000000000800c9f4       0xc4 ./Middlewares/Third_Party/FreeRTOS/Source/portable/MemMang/heap_4.o
 .text.prvInsertBlockIntoFreeList
                0x000000000800cab8       0xb4 ./Middlewares/Third_Party/FreeRTOS/Source/portable/MemMang/heap_4.o
 .text.atoi     0x000000000800cb6c        0x8 /opt/stm32cubeide/plugins/com.st.stm32cube.ide.mcu.externaltools.gnu-tools-for-stm32.10.3-2021.10.linux64_1.0.0.202111181127/tools/bin/../lib/gcc/arm-none-eabi/10.3.1/../../../../arm-none-eabi/lib/thumb/v7e-m+fp/hard/libc_nano.a(lib_a-atoi.o)
                0x000000000800cb6c                atoi
 .text.__errno  0x000000000800cb74        0xc /opt/stm32cubeide/plugins/com.st.stm32cube.ide.mcu.externaltools.gnu-tools-for-stm32.10.3-2021.10.linux64_1.0.0.202111181127/tools/bin/../lib/gcc/arm-none-eabi/10.3.1/../../../../arm-none-eabi/lib/thumb/v7e-m+fp/hard/libc_nano.a(lib_a-errno.o)
                0x000000000800cb74                __errno
 .text.__libc_init_array
                0x000000000800cb80       0x48 /opt/stm32cubeide/plugins/com.st.stm32cube.ide.mcu.externaltools.gnu-tools-for-stm32.10.3-2021.10.linux64_1.0.0.202111181127/tools/bin/../lib/gcc/arm-none-eabi/10.3.1/../../../../arm-none-eabi/lib/thumb/v7e-m+fp/hard/libc_nano.a(lib_a-init.o)
                0x000000000800cb80                __libc_init_array
 .text.__retarget_lock_acquire_recursive
                0x000000000800cbc8        0x2 /opt/stm32cubeide/plugins/com.st.stm32cube.ide.mcu.externaltools.gnu-tools-for-stm32.10.3-2021.10.linux64_1.0.0.202111181127/tools/bin/../lib/gcc/arm-none-eabi/10.3.1/../../../../arm-none-eabi/lib/thumb/v7e-m+fp/hard/libc_nano.a(lib_a-lock.o)
                0x000000000800cbc8                __retarget_lock_acquire_recursive
 .text.__retarget_lock_release_recursive
                0x000000000800cbca        0x2 /opt/stm32cubeide/plugins/com.st.stm32cube.ide.mcu.externaltools.gnu-tools-for-stm32.10.3-2021.10.linux64_1.0.0.202111181127/tools/bin/../lib/gcc/arm-none-eabi/10.3.1/../../../../arm-none-eabi/lib/thumb/v7e-m+fp/hard/libc_nano.a(lib_a-lock.o)
                0x000000000800cbca                __retarget_lock_release_recursive
 .text.memcpy   0x000000000800cbcc       0x1c /opt/stm32cubeide/plugins/com.st.stm32cube.ide.mcu.externaltools.gnu-tools-for-stm32.10.3-2021.10.linux64_1.0.0.202111181127/tools/bin/../lib/gcc/arm-none-eabi/10.3.1/../../../../arm-none-eabi/lib/thumb/v7e-m+fp/hard/libc_nano.a(lib_a-memcpy-stub.o)
                0x000000000800cbcc                memcpy
 .text.memset   0x000000000800cbe8       0x10 /opt/stm32cubeide/plugins/com.st.stm32cube.ide.mcu.externaltools.gnu-tools-for-stm32.10.3-2021.10.linux64_1.0.0.202111181127/tools/bin/../lib/gcc/arm-none-eabi/10.3.1/../../../../arm-none-eabi/lib/thumb/v7e-m+fp/hard/libc_nano.a(lib_a-memset.o)
                0x000000000800cbe8                memset
 .text.sbrk_aligned
                0x000000000800cbf8       0x40 /opt/stm32cubeide/plugins/com.st.stm32cube.ide.mcu.externaltools.gnu-tools-for-stm32.10.3-2021.10.linux64_1.0.0.202111181127/tools/bin/../lib/gcc/arm-none-eabi/10.3.1/../../../../arm-none-eabi/lib/thumb/v7e-m+fp/hard/libc_nano.a(lib_a-nano-mallocr.o)
 .text._malloc_r
                0x000000000800cc38       0xe8 /opt/stm32cubeide/plugins/com.st.stm32cube.ide.mcu.externaltools.gnu-tools-for-stm32.10.3-2021.10.linux64_1.0.0.202111181127/tools/bin/../lib/gcc/arm-none-eabi/10.3.1/../../../../arm-none-eabi/lib/thumb/v7e-m+fp/hard/libc_nano.a(lib_a-nano-mallocr.o)
                0x000000000800cc38                _malloc_r
 .text.cleanup_glue
                0x000000000800cd20       0x1a /opt/stm32cubeide/plugins/com.st.stm32cube.ide.mcu.externaltools.gnu-tools-for-stm32.10.3-2021.10.linux64_1.0.0.202111181127/tools/bin/../lib/gcc/arm-none-eabi/10.3.1/../../../../arm-none-eabi/lib/thumb/v7e-m+fp/hard/libc_nano.a(lib_a-reent.o)
                0x000000000800cd20                cleanup_glue
 *fill*         0x000000000800cd3a        0x2 
 .text._reclaim_reent
                0x000000000800cd3c       0xb8 /opt/stm32cubeide/plugins/com.st.stm32cube.ide.mcu.externaltools.gnu-tools-for-stm32.10.3-2021.10.linux64_1.0.0.202111181127/tools/bin/../lib/gcc/arm-none-eabi/10.3.1/../../../../arm-none-eabi/lib/thumb/v7e-m+fp/hard/libc_nano.a(lib_a-reent.o)
                0x000000000800cd3c                _reclaim_reent
 .text._sbrk_r  0x000000000800cdf4       0x20 /opt/stm32cubeide/plugins/com.st.stm32cube.ide.mcu.externaltools.gnu-tools-for-stm32.10.3-2021.10.linux64_1.0.0.202111181127/tools/bin/../lib/gcc/arm-none-eabi/10.3.1/../../../../arm-none-eabi/lib/thumb/v7e-m+fp/hard/libc_nano.a(lib_a-sbrkr.o)
                0x000000000800cdf4                _sbrk_r
 .text.sprintf  0x000000000800ce14       0x40 /opt/stm32cubeide/plugins/com.st.stm32cube.ide.mcu.externaltools.gnu-tools-for-stm32.10.3-2021.10.linux64_1.0.0.202111181127/tools/bin/../lib/gcc/arm-none-eabi/10.3.1/../../../../arm-none-eabi/lib/thumb/v7e-m+fp/hard/libc_nano.a(lib_a-sprintf.o)
                0x000000000800ce14                sprintf
                0x000000000800ce14                siprintf
 .text.strncat  0x000000000800ce54       0x26 /opt/stm32cubeide/plugins/com.st.stm32cube.ide.mcu.externaltools.gnu-tools-for-stm32.10.3-2021.10.linux64_1.0.0.202111181127/tools/bin/../lib/gcc/arm-none-eabi/10.3.1/../../../../arm-none-eabi/lib/thumb/v7e-m+fp/hard/libc_nano.a(lib_a-strncat.o)
                0x000000000800ce54                strncat
 *fill*         0x000000000800ce7a        0x2 
 .text._strtol_l.constprop.0
                0x000000000800ce7c      0x104 /opt/stm32cubeide/plugins/com.st.stm32cube.ide.mcu.externaltools.gnu-tools-for-stm32.10.3-2021.10.linux64_1.0.0.202111181127/tools/bin/../lib/gcc/arm-none-eabi/10.3.1/../../../../arm-none-eabi/lib/thumb/v7e-m+fp/hard/libc_nano.a(lib_a-strtol.o)
 .text.strtol   0x000000000800cf80       0x14 /opt/stm32cubeide/plugins/com.st.stm32cube.ide.mcu.externaltools.gnu-tools-for-stm32.10.3-2021.10.linux64_1.0.0.202111181127/tools/bin/../lib/gcc/arm-none-eabi/10.3.1/../../../../arm-none-eabi/lib/thumb/v7e-m+fp/hard/libc_nano.a(lib_a-strtol.o)
                0x000000000800cf80                strtol
 .text.__malloc_lock
                0x000000000800cf94        0xc /opt/stm32cubeide/plugins/com.st.stm32cube.ide.mcu.externaltools.gnu-tools-for-stm32.10.3-2021.10.linux64_1.0.0.202111181127/tools/bin/../lib/gcc/arm-none-eabi/10.3.1/../../../../arm-none-eabi/lib/thumb/v7e-m+fp/hard/libc_nano.a(lib_a-mlock.o)
                0x000000000800cf94                __malloc_lock
 .text.__malloc_unlock
                0x000000000800cfa0        0xc /opt/stm32cubeide/plugins/com.st.stm32cube.ide.mcu.externaltools.gnu-tools-for-stm32.10.3-2021.10.linux64_1.0.0.202111181127/tools/bin/../lib/gcc/arm-none-eabi/10.3.1/../../../../arm-none-eabi/lib/thumb/v7e-m+fp/hard/libc_nano.a(lib_a-mlock.o)
                0x000000000800cfa0                __malloc_unlock
 .text._free_r  0x000000000800cfac       0x98 /opt/stm32cubeide/plugins/com.st.stm32cube.ide.mcu.externaltools.gnu-tools-for-stm32.10.3-2021.10.linux64_1.0.0.202111181127/tools/bin/../lib/gcc/arm-none-eabi/10.3.1/../../../../arm-none-eabi/lib/thumb/v7e-m+fp/hard/libc_nano.a(lib_a-nano-freer.o)
                0x000000000800cfac                _free_r
 .text.__ssputs_r
                0x000000000800d044       0xb6 /opt/stm32cubeide/plugins/com.st.stm32cube.ide.mcu.externaltools.gnu-tools-for-stm32.10.3-2021.10.linux64_1.0.0.202111181127/tools/bin/../lib/gcc/arm-none-eabi/10.3.1/../../../../arm-none-eabi/lib/thumb/v7e-m+fp/hard/libc_nano.a(lib_a-nano-svfprintf.o)
                0x000000000800d044                __ssputs_r
 *fill*         0x000000000800d0fa        0x2 
 .text._svfprintf_r
                0x000000000800d0fc      0x200 /opt/stm32cubeide/plugins/com.st.stm32cube.ide.mcu.externaltools.gnu-tools-for-stm32.10.3-2021.10.linux64_1.0.0.202111181127/tools/bin/../lib/gcc/arm-none-eabi/10.3.1/../../../../arm-none-eabi/lib/thumb/v7e-m+fp/hard/libc_nano.a(lib_a-nano-svfprintf.o)
                0x000000000800d0fc                _svfprintf_r
                0x000000000800d0fc                _svfiprintf_r
 .text._printf_common
                0x000000000800d2fc       0xda /opt/stm32cubeide/plugins/com.st.stm32cube.ide.mcu.externaltools.gnu-tools-for-stm32.10.3-2021.10.linux64_1.0.0.202111181127/tools/bin/../lib/gcc/arm-none-eabi/10.3.1/../../../../arm-none-eabi/lib/thumb/v7e-m+fp/hard/libc_nano.a(lib_a-nano-vfprintf_i.o)
                0x000000000800d2fc                _printf_common
 *fill*         0x000000000800d3d6        0x2 
 .text._printf_i
                0x000000000800d3d8      0x24c /opt/stm32cubeide/plugins/com.st.stm32cube.ide.mcu.externaltools.gnu-tools-for-stm32.10.3-2021.10.linux64_1.0.0.202111181127/tools/bin/../lib/gcc/arm-none-eabi/10.3.1/../../../../arm-none-eabi/lib/thumb/v7e-m+fp/hard/libc_nano.a(lib_a-nano-vfprintf_i.o)
                0x000000000800d3d8                _printf_i
 .text.memmove  0x000000000800d624       0x34 /opt/stm32cubeide/plugins/com.st.stm32cube.ide.mcu.externaltools.gnu-tools-for-stm32.10.3-2021.10.linux64_1.0.0.202111181127/tools/bin/../lib/gcc/arm-none-eabi/10.3.1/../../../../arm-none-eabi/lib/thumb/v7e-m+fp/hard/libc_nano.a(lib_a-memmove.o)
                0x000000000800d624                memmove
 .text._realloc_r
                0x000000000800d658       0x5e /opt/stm32cubeide/plugins/com.st.stm32cube.ide.mcu.externaltools.gnu-tools-for-stm32.10.3-2021.10.linux64_1.0.0.202111181127/tools/bin/../lib/gcc/arm-none-eabi/10.3.1/../../../../arm-none-eabi/lib/thumb/v7e-m+fp/hard/libc_nano.a(lib_a-nano-reallocr.o)
                0x000000000800d658                _realloc_r
 .text._malloc_usable_size_r
                0x000000000800d6b6       0x10 /opt/stm32cubeide/plugins/com.st.stm32cube.ide.mcu.externaltools.gnu-tools-for-stm32.10.3-2021.10.linux64_1.0.0.202111181127/tools/bin/../lib/gcc/arm-none-eabi/10.3.1/../../../../arm-none-eabi/lib/thumb/v7e-m+fp/hard/libc_nano.a(lib_a-nano-msizer.o)
                0x000000000800d6b6                _malloc_usable_size_r
 *(.glue_7)
 .glue_7        0x000000000800d6c6        0x0 linker stubs
 *(.glue_7t)
 .glue_7t       0x000000000800d6c6        0x0 linker stubs
 *(.eh_frame)
 *fill*         0x000000000800d6c6        0x2 
 .eh_frame      0x000000000800d6c8        0x0 /opt/stm32cubeide/plugins/com.st.stm32cube.ide.mcu.externaltools.gnu-tools-for-stm32.10.3-2021.10.linux64_1.0.0.202111181127/tools/bin/../lib/gcc/arm-none-eabi/10.3.1/thumb/v7e-m+fp/hard/crtbegin.o
 *(.init)
 .init          0x000000000800d6c8        0x4 /opt/stm32cubeide/plugins/com.st.stm32cube.ide.mcu.externaltools.gnu-tools-for-stm32.10.3-2021.10.linux64_1.0.0.202111181127/tools/bin/../lib/gcc/arm-none-eabi/10.3.1/thumb/v7e-m+fp/hard/crti.o
                0x000000000800d6c8                _init
 .init          0x000000000800d6cc        0x8 /opt/stm32cubeide/plugins/com.st.stm32cube.ide.mcu.externaltools.gnu-tools-for-stm32.10.3-2021.10.linux64_1.0.0.202111181127/tools/bin/../lib/gcc/arm-none-eabi/10.3.1/thumb/v7e-m+fp/hard/crtn.o
 *(.fini)
 .fini          0x000000000800d6d4        0x4 /opt/stm32cubeide/plugins/com.st.stm32cube.ide.mcu.externaltools.gnu-tools-for-stm32.10.3-2021.10.linux64_1.0.0.202111181127/tools/bin/../lib/gcc/arm-none-eabi/10.3.1/thumb/v7e-m+fp/hard/crti.o
                0x000000000800d6d4                _fini
 .fini          0x000000000800d6d8        0x8 /opt/stm32cubeide/plugins/com.st.stm32cube.ide.mcu.externaltools.gnu-tools-for-stm32.10.3-2021.10.linux64_1.0.0.202111181127/tools/bin/../lib/gcc/arm-none-eabi/10.3.1/thumb/v7e-m+fp/hard/crtn.o
                0x000000000800d6e0                . = ALIGN (0x4)
                0x000000000800d6e0                _etext = .

.vfp11_veneer   0x000000000800d6e0        0x0
 .vfp11_veneer  0x000000000800d6e0        0x0 linker stubs

.v4_bx          0x000000000800d6e0        0x0
 .v4_bx         0x000000000800d6e0        0x0 linker stubs

.iplt           0x000000000800d6e0        0x0
 .iplt          0x000000000800d6e0        0x0 /opt/stm32cubeide/plugins/com.st.stm32cube.ide.mcu.externaltools.gnu-tools-for-stm32.10.3-2021.10.linux64_1.0.0.202111181127/tools/bin/../lib/gcc/arm-none-eabi/10.3.1/thumb/v7e-m+fp/hard/crtbegin.o

.rodata         0x000000000800d6e0    0x2cc38
                0x000000000800d6e0                . = ALIGN (0x4)
 *(.rodata)
 .rodata        0x000000000800d6e0      0x1cd ./Core/Src/DevBoard.o
 *fill*         0x000000000800d8ad        0x3 
 .rodata        0x000000000800d8b0       0x28 ./Core/Src/main.o
 .rodata        0x000000000800d8d8       0x55 ./Core/Src/screens/ChangeTimeScreen.o
 *fill*         0x000000000800d92d        0x3 
 .rodata        0x000000000800d930       0xe8 ./Core/Src/screens/DeviceTestScreen.o
 .rodata        0x000000000800da18       0x7b ./Core/Src/screens/EditTimerScreen.o
 *fill*         0x000000000800da93        0x1 
 .rodata        0x000000000800da94       0x15 ./Core/Src/screens/HomeScreen.o
 *fill*         0x000000000800daa9        0x3 
 .rodata        0x000000000800daac       0x34 ./Core/Src/screens/SettingsTaskScreen.o
 .rodata        0x000000000800dae0       0x4f ./Core/Src/screens/TimeListScreen.o
 *fill*         0x000000000800db2f        0x1 
 .rodata        0x000000000800db30        0x5 ./Middlewares/Third_Party/FreeRTOS/Source/tasks.o
 *(.rodata*)
 *fill*         0x000000000800db35        0x3 
 .rodata.AHBPrescTable
                0x000000000800db38       0x10 ./Core/Src/system_stm32l4xx.o
                0x000000000800db38                AHBPrescTable
 .rodata.APBPrescTable
                0x000000000800db48        0x8 ./Core/Src/system_stm32l4xx.o
                0x000000000800db48                APBPrescTable
 .rodata.MSIRangeTable
                0x000000000800db50       0x30 ./Core/Src/system_stm32l4xx.o
                0x000000000800db50                MSIRangeTable
 .rodata.home_small
                0x000000000800db80     0x1008 ./Core/Src/DisplayManager/TitleBar.o
                0x000000000800db80                home_small
 .rodata.days_in_month
                0x000000000800eb88       0x30 ./Core/Src/drivers/DS3231.o
                0x000000000800eb88                days_in_month
 .rodata.FontLarge
                0x000000000800ebb8      0x4d3 ./Core/Src/drivers/ILI9488.o
                0x000000000800ebb8                FontLarge
 *fill*         0x000000000800f08b        0x1 
 .rodata.dayName
                0x000000000800f08c       0x46 ./Core/Src/screens/DeviceTestScreen.o
 *fill*         0x000000000800f0d2        0x2 
 .rodata.loading1
                0x000000000800f0d4     0x1008 ./Core/Src/screens/DeviceTestScreen.o
 .rodata.loading2
                0x00000000080100dc     0x1008 ./Core/Src/screens/DeviceTestScreen.o
 .rodata.loading3
                0x00000000080110e4     0x1008 ./Core/Src/screens/DeviceTestScreen.o
 .rodata.dayName
                0x00000000080120ec       0x46 ./Core/Src/screens/HomeScreen.o
 *fill*         0x0000000008012132        0x2 
 .rodata.num_0  0x0000000008012134     0x4008 ./Core/Src/screens/HomeScreen.o
 .rodata.num_1  0x000000000801613c     0x4008 ./Core/Src/screens/HomeScreen.o
 .rodata.num_2  0x000000000801a144     0x4008 ./Core/Src/screens/HomeScreen.o
 .rodata.num_3  0x000000000801e14c     0x4008 ./Core/Src/screens/HomeScreen.o
 .rodata.num_4  0x0000000008022154     0x4008 ./Core/Src/screens/HomeScreen.o
 .rodata.num_5  0x000000000802615c     0x4008 ./Core/Src/screens/HomeScreen.o
 .rodata.num_6  0x000000000802a164     0x4008 ./Core/Src/screens/HomeScreen.o
 .rodata.num_7  0x000000000802e16c     0x4008 ./Core/Src/screens/HomeScreen.o
 .rodata.num_8  0x0000000008032174     0x4008 ./Core/Src/screens/HomeScreen.o
 .rodata.num_9  0x000000000803617c     0x4008 ./Core/Src/screens/HomeScreen.o
 .rodata.__sf_fake_stderr
                0x000000000803a184       0x20 /opt/stm32cubeide/plugins/com.st.stm32cube.ide.mcu.externaltools.gnu-tools-for-stm32.10.3-2021.10.linux64_1.0.0.202111181127/tools/bin/../lib/gcc/arm-none-eabi/10.3.1/../../../../arm-none-eabi/lib/thumb/v7e-m+fp/hard/libc_nano.a(lib_a-findfp.o)
                0x000000000803a184                __sf_fake_stderr
 .rodata.__sf_fake_stdin
                0x000000000803a1a4       0x20 /opt/stm32cubeide/plugins/com.st.stm32cube.ide.mcu.externaltools.gnu-tools-for-stm32.10.3-2021.10.linux64_1.0.0.202111181127/tools/bin/../lib/gcc/arm-none-eabi/10.3.1/../../../../arm-none-eabi/lib/thumb/v7e-m+fp/hard/libc_nano.a(lib_a-findfp.o)
                0x000000000803a1a4                __sf_fake_stdin
 .rodata.__sf_fake_stdout
                0x000000000803a1c4       0x20 /opt/stm32cubeide/plugins/com.st.stm32cube.ide.mcu.externaltools.gnu-tools-for-stm32.10.3-2021.10.linux64_1.0.0.202111181127/tools/bin/../lib/gcc/arm-none-eabi/10.3.1/../../../../arm-none-eabi/lib/thumb/v7e-m+fp/hard/libc_nano.a(lib_a-findfp.o)
                0x000000000803a1c4                __sf_fake_stdout
 .rodata._ctype_
                0x000000000803a1e4      0x101 /opt/stm32cubeide/plugins/com.st.stm32cube.ide.mcu.externaltools.gnu-tools-for-stm32.10.3-2021.10.linux64_1.0.0.202111181127/tools/bin/../lib/gcc/arm-none-eabi/10.3.1/../../../../arm-none-eabi/lib/thumb/v7e-m+fp/hard/libc_nano.a(lib_a-ctype_.o)
                0x000000000803a1e4                _ctype_
 .rodata._svfprintf_r.str1.1
                0x000000000803a2e5       0x11 /opt/stm32cubeide/plugins/com.st.stm32cube.ide.mcu.externaltools.gnu-tools-for-stm32.10.3-2021.10.linux64_1.0.0.202111181127/tools/bin/../lib/gcc/arm-none-eabi/10.3.1/../../../../arm-none-eabi/lib/thumb/v7e-m+fp/hard/libc_nano.a(lib_a-nano-svfprintf.o)
 .rodata._printf_i.str1.1
                0x000000000803a2f6       0x22 /opt/stm32cubeide/plugins/com.st.stm32cube.ide.mcu.externaltools.gnu-tools-for-stm32.10.3-2021.10.linux64_1.0.0.202111181127/tools/bin/../lib/gcc/arm-none-eabi/10.3.1/../../../../arm-none-eabi/lib/thumb/v7e-m+fp/hard/libc_nano.a(lib_a-nano-vfprintf_i.o)
                0x000000000803a318                . = ALIGN (0x4)

.ARM.extab      0x000000000803a318        0x0
                0x000000000803a318                . = ALIGN (0x4)
 *(.ARM.extab* .gnu.linkonce.armextab.*)
                0x000000000803a318                . = ALIGN (0x4)

.ARM            0x000000000803a318        0x8
                0x000000000803a318                . = ALIGN (0x4)
                0x000000000803a318                __exidx_start = .
 *(.ARM.exidx*)
 .ARM.exidx     0x000000000803a318        0x8 /opt/stm32cubeide/plugins/com.st.stm32cube.ide.mcu.externaltools.gnu-tools-for-stm32.10.3-2021.10.linux64_1.0.0.202111181127/tools/bin/../lib/gcc/arm-none-eabi/10.3.1/thumb/v7e-m+fp/hard/libgcc.a(_udivmoddi4.o)
                0x000000000803a320                __exidx_end = .
                0x000000000803a320                . = ALIGN (0x4)

.rel.dyn        0x000000000803a320        0x0
 .rel.iplt      0x000000000803a320        0x0 /opt/stm32cubeide/plugins/com.st.stm32cube.ide.mcu.externaltools.gnu-tools-for-stm32.10.3-2021.10.linux64_1.0.0.202111181127/tools/bin/../lib/gcc/arm-none-eabi/10.3.1/thumb/v7e-m+fp/hard/crtbegin.o

.preinit_array  0x000000000803a320        0x0
                0x000000000803a320                . = ALIGN (0x4)
                0x000000000803a320                PROVIDE (__preinit_array_start = .)
 *(.preinit_array*)
                0x000000000803a320                PROVIDE (__preinit_array_end = .)
                0x000000000803a320                . = ALIGN (0x4)

.init_array     0x000000000803a320        0x4
                0x000000000803a320                . = ALIGN (0x4)
                0x000000000803a320                PROVIDE (__init_array_start = .)
 *(SORT_BY_NAME(.init_array.*))
 *(.init_array*)
 .init_array    0x000000000803a320        0x4 /opt/stm32cubeide/plugins/com.st.stm32cube.ide.mcu.externaltools.gnu-tools-for-stm32.10.3-2021.10.linux64_1.0.0.202111181127/tools/bin/../lib/gcc/arm-none-eabi/10.3.1/thumb/v7e-m+fp/hard/crtbegin.o
                0x000000000803a324                PROVIDE (__init_array_end = .)
                0x000000000803a324                . = ALIGN (0x4)

.fini_array     0x000000000803a324        0x4
                0x000000000803a324                . = ALIGN (0x4)
                [!provide]                        PROVIDE (__fini_array_start = .)
 *(SORT_BY_NAME(.fini_array.*))
 *(.fini_array*)
 .fini_array    0x000000000803a324        0x4 /opt/stm32cubeide/plugins/com.st.stm32cube.ide.mcu.externaltools.gnu-tools-for-stm32.10.3-2021.10.linux64_1.0.0.202111181127/tools/bin/../lib/gcc/arm-none-eabi/10.3.1/thumb/v7e-m+fp/hard/crtbegin.o
                [!provide]                        PROVIDE (__fini_array_end = .)
                0x000000000803a328                . = ALIGN (0x4)
                0x000000000803a328                _sidata = LOADADDR (.data)

.data           0x0000000020000000     0x40a8 load address 0x000000000803a328
                0x0000000020000000                . = ALIGN (0x4)
                0x0000000020000000                _sdata = .
 *(.data)
 *(.data*)
 .data.SystemCoreClock
                0x0000000020000000        0x4 ./Core/Src/system_stm32l4xx.o
                0x0000000020000000                SystemCoreClock
 .data.myAnimation
                0x0000000020000004        0xc ./Core/Src/screens/DeviceTestScreen.o
 .data.colon    0x0000000020000010     0x4008 ./Core/Src/screens/HomeScreen.o
                0x0000000020000010                colon
 .data.dummyList
                0x0000000020004018       0x1c ./Core/Src/screens/TimeListScreen.o
                0x0000000020004018                dummyList
 .data.numItems
                0x0000000020004034        0x4 ./Core/Src/screens/TimeListScreen.o
                0x0000000020004034                numItems
 .data.uwTickPrio
                0x0000000020004038        0x4 ./Drivers/STM32L4xx_HAL_Driver/Src/stm32l4xx_hal.o
                0x0000000020004038                uwTickPrio
 .data.uwTickFreq
                0x000000002000403c        0x1 ./Drivers/STM32L4xx_HAL_Driver/Src/stm32l4xx_hal.o
                0x000000002000403c                uwTickFreq
 *fill*         0x000000002000403d        0x3 
 .data.uxCriticalNesting
                0x0000000020004040        0x4 ./Middlewares/Third_Party/FreeRTOS/Source/portable/GCC/ARM_CM4F/port.o
 .data._impure_ptr
                0x0000000020004044        0x4 /opt/stm32cubeide/plugins/com.st.stm32cube.ide.mcu.externaltools.gnu-tools-for-stm32.10.3-2021.10.linux64_1.0.0.202111181127/tools/bin/../lib/gcc/arm-none-eabi/10.3.1/../../../../arm-none-eabi/lib/thumb/v7e-m+fp/hard/libc_nano.a(lib_a-impure.o)
                0x0000000020004044                _impure_ptr
 .data.impure_data
                0x0000000020004048       0x60 /opt/stm32cubeide/plugins/com.st.stm32cube.ide.mcu.externaltools.gnu-tools-for-stm32.10.3-2021.10.linux64_1.0.0.202111181127/tools/bin/../lib/gcc/arm-none-eabi/10.3.1/../../../../arm-none-eabi/lib/thumb/v7e-m+fp/hard/libc_nano.a(lib_a-impure.o)
 *(.RamFunc)
 *(.RamFunc*)
                0x00000000200040a8                . = ALIGN (0x4)
                0x00000000200040a8                _edata = .

.igot.plt       0x00000000200040a8        0x0 load address 0x000000000803e3d0
 .igot.plt      0x00000000200040a8        0x0 /opt/stm32cubeide/plugins/com.st.stm32cube.ide.mcu.externaltools.gnu-tools-for-stm32.10.3-2021.10.linux64_1.0.0.202111181127/tools/bin/../lib/gcc/arm-none-eabi/10.3.1/thumb/v7e-m+fp/hard/crtbegin.o
                0x00000000200040a8                . = ALIGN (0x4)

.bss            0x00000000200040a8     0x61bc load address 0x000000000803e3d0
                0x00000000200040a8                _sbss = .
                0x00000000200040a8                __bss_start__ = _sbss
 *(.bss)
 .bss           0x00000000200040a8       0x1c /opt/stm32cubeide/plugins/com.st.stm32cube.ide.mcu.externaltools.gnu-tools-for-stm32.10.3-2021.10.linux64_1.0.0.202111181127/tools/bin/../lib/gcc/arm-none-eabi/10.3.1/thumb/v7e-m+fp/hard/crtbegin.o
 *(.bss*)
 .bss.drawTaskHandle
                0x00000000200040c4        0x4 ./Core/Src/DevBoard.o
                0x00000000200040c4                drawTaskHandle
 .bss.currentScreenHandle
                0x00000000200040c8        0x4 ./Core/Src/DevBoard.o
                0x00000000200040c8                currentScreenHandle
 .bss.changeScreenTaskHandle
                0x00000000200040cc        0x4 ./Core/Src/DevBoard.o
                0x00000000200040cc                changeScreenTaskHandle
 .bss.touchTaskHandle
                0x00000000200040d0        0x4 ./Core/Src/DevBoard.o
                0x00000000200040d0                touchTaskHandle
 .bss.timeTaskHandle
                0x00000000200040d4        0x4 ./Core/Src/DevBoard.o
                0x00000000200040d4                timeTaskHandle
 .bss.time      0x00000000200040d8        0xc ./Core/Src/DevBoard.o
                0x00000000200040d8                time
 .bss.timeString
                0x00000000200040e4        0x9 ./Core/Src/DevBoard.o
                0x00000000200040e4                timeString
 *fill*         0x00000000200040ed        0x3 
 .bss.I2CMutex_ID
                0x00000000200040f0        0x4 ./Core/Src/DevBoard.o
                0x00000000200040f0                I2CMutex_ID
 .bss.xIdleTaskTCBBuffer
                0x00000000200040f4       0xb4 ./Core/Src/freertos.o
 .bss.xIdleStack
                0x00000000200041a8      0x200 ./Core/Src/freertos.o
 .bss.hcrc      0x00000000200043a8       0x24 ./Core/Src/main.o
                0x00000000200043a8                hcrc
 .bss.hi2c1     0x00000000200043cc       0x54 ./Core/Src/main.o
                0x00000000200043cc                hi2c1
 .bss.hspi1     0x0000000020004420       0x64 ./Core/Src/main.o
                0x0000000020004420                hspi1
 .bss.huart1    0x0000000020004484       0x84 ./Core/Src/main.o
                0x0000000020004484                huart1
 .bss.defaultTaskHandle
                0x0000000020004508        0x4 ./Core/Src/main.o
                0x0000000020004508                defaultTaskHandle
 .bss.htim1     0x000000002000450c       0x4c ./Core/Src/stm32l4xx_hal_timebase_tim.o
                0x000000002000450c                htim1
 .bss.__sbrk_heap_end
                0x0000000020004558        0x4 ./Core/Src/sysmem.o
 .bss.elements  0x000000002000455c      0xb80 ./Core/Src/DisplayManager/DisplayManager.o
                0x000000002000455c                elements
 .bss.numElements
                0x00000000200050dc        0x4 ./Core/Src/DisplayManager/DisplayManager.o
                0x00000000200050dc                numElements
 .bss.focusedElement
                0x00000000200050e0        0x4 ./Core/Src/DisplayManager/DisplayManager.o
                0x00000000200050e0                focusedElement
 .bss.oldFocusedElement
                0x00000000200050e4        0x4 ./Core/Src/DisplayManager/DisplayManager.o
                0x00000000200050e4                oldFocusedElement
 .bss.previously_touched_element
                0x00000000200050e8        0x4 ./Core/Src/DisplayManager/DisplayManager.o
                0x00000000200050e8                previously_touched_element
 .bss.hrsBox    0x00000000200050ec       0x5c ./Core/Src/screens/ChangeTimeScreen.o
                0x00000000200050ec                hrsBox
 .bss.minsBox   0x0000000020005148       0x5c ./Core/Src/screens/ChangeTimeScreen.o
                0x0000000020005148                minsBox
 .bss.dayBox    0x00000000200051a4       0x5c ./Core/Src/screens/ChangeTimeScreen.o
                0x00000000200051a4                dayBox
 .bss.monthBox  0x0000000020005200       0x5c ./Core/Src/screens/ChangeTimeScreen.o
                0x0000000020005200                monthBox
 .bss.yearBox   0x000000002000525c       0x5c ./Core/Src/screens/ChangeTimeScreen.o
                0x000000002000525c                yearBox
 .bss.fancyDateString
                0x00000000200052b8       0x20 ./Core/Src/screens/HomeScreen.o
                0x00000000200052b8                fancyDateString
 .bss.dateTextId
                0x00000000200052d8        0x4 ./Core/Src/screens/HomeScreen.o
                0x00000000200052d8                dateTextId
 .bss.uwTick    0x00000000200052dc        0x4 ./Drivers/STM32L4xx_HAL_Driver/Src/stm32l4xx_hal.o
                0x00000000200052dc                uwTick
 .bss.pxCurrentTCB
                0x00000000200052e0        0x4 ./Middlewares/Third_Party/FreeRTOS/Source/tasks.o
                0x00000000200052e0                pxCurrentTCB
 .bss.pxReadyTasksLists
                0x00000000200052e4       0x8c ./Middlewares/Third_Party/FreeRTOS/Source/tasks.o
 .bss.xDelayedTaskList1
                0x0000000020005370       0x14 ./Middlewares/Third_Party/FreeRTOS/Source/tasks.o
 .bss.xDelayedTaskList2
                0x0000000020005384       0x14 ./Middlewares/Third_Party/FreeRTOS/Source/tasks.o
 .bss.pxDelayedTaskList
                0x0000000020005398        0x4 ./Middlewares/Third_Party/FreeRTOS/Source/tasks.o
 .bss.pxOverflowDelayedTaskList
                0x000000002000539c        0x4 ./Middlewares/Third_Party/FreeRTOS/Source/tasks.o
 .bss.xPendingReadyList
                0x00000000200053a0       0x14 ./Middlewares/Third_Party/FreeRTOS/Source/tasks.o
 .bss.xTasksWaitingTermination
                0x00000000200053b4       0x14 ./Middlewares/Third_Party/FreeRTOS/Source/tasks.o
 .bss.uxDeletedTasksWaitingCleanUp
                0x00000000200053c8        0x4 ./Middlewares/Third_Party/FreeRTOS/Source/tasks.o
 .bss.xSuspendedTaskList
                0x00000000200053cc       0x14 ./Middlewares/Third_Party/FreeRTOS/Source/tasks.o
 .bss.uxCurrentNumberOfTasks
                0x00000000200053e0        0x4 ./Middlewares/Third_Party/FreeRTOS/Source/tasks.o
 .bss.xTickCount
                0x00000000200053e4        0x4 ./Middlewares/Third_Party/FreeRTOS/Source/tasks.o
 .bss.uxTopReadyPriority
                0x00000000200053e8        0x4 ./Middlewares/Third_Party/FreeRTOS/Source/tasks.o
 .bss.xSchedulerRunning
                0x00000000200053ec        0x4 ./Middlewares/Third_Party/FreeRTOS/Source/tasks.o
 .bss.xPendedTicks
                0x00000000200053f0        0x4 ./Middlewares/Third_Party/FreeRTOS/Source/tasks.o
 .bss.xYieldPending
                0x00000000200053f4        0x4 ./Middlewares/Third_Party/FreeRTOS/Source/tasks.o