Archive member included to satisfy reference by file (symbol)

/opt/stm32cubeide/plugins/com.st.stm32cube.ide.mcu.externaltools.gnu-tools-for-stm32.10.3-2021.10.linux64_1.0.0.202111181127/tools/bin/../lib/gcc/arm-none-eabi/10.3.1/../../../../arm-none-eabi/lib/thumb/v7e-m+fp/hard/libc_nano.a(lib_a-errno.o)
                              ./Core/Src/syscalls.o (__errno)
/opt/stm32cubeide/plugins/com.st.stm32cube.ide.mcu.externaltools.gnu-tools-for-stm32.10.3-2021.10.linux64_1.0.0.202111181127/tools/bin/../lib/gcc/arm-none-eabi/10.3.1/../../../../arm-none-eabi/lib/thumb/v7e-m+fp/hard/libc_nano.a(lib_a-exit.o)
                              /opt/stm32cubeide/plugins/com.st.stm32cube.ide.mcu.externaltools.gnu-tools-for-stm32.10.3-2021.10.linux64_1.0.0.202111181127/tools/bin/../lib/gcc/arm-none-eabi/10.3.1/../../../../arm-none-eabi/lib/thumb/v7e-m+fp/hard/crt0.o (exit)
/opt/stm32cubeide/plugins/com.st.stm32cube.ide.mcu.externaltools.gnu-tools-for-stm32.10.3-2021.10.linux64_1.0.0.202111181127/tools/bin/../lib/gcc/arm-none-eabi/10.3.1/../../../../arm-none-eabi/lib/thumb/v7e-m+fp/hard/libc_nano.a(lib_a-findfp.o)
                              ./Middlewares/Third_Party/FreeRTOS/Source/tasks.o (__sf_fake_stderr)
/opt/stm32cubeide/plugins/com.st.stm32cube.ide.mcu.externaltools.gnu-tools-for-stm32.10.3-2021.10.linux64_1.0.0.202111181127/tools/bin/../lib/gcc/arm-none-eabi/10.3.1/../../../../arm-none-eabi/lib/thumb/v7e-m+fp/hard/libc_nano.a(lib_a-fwalk.o)
                              /opt/stm32cubeide/plugins/com.st.stm32cube.ide.mcu.externaltools.gnu-tools-for-stm32.10.3-2021.10.linux64_1.0.0.202111181127/tools/bin/../lib/gcc/arm-none-eabi/10.3.1/../../../../arm-none-eabi/lib/thumb/v7e-m+fp/hard/libc_nano.a(lib_a-findfp.o) (_fwalk)
/opt/stm32cubeide/plugins/com.st.stm32cube.ide.mcu.externaltools.gnu-tools-for-stm32.10.3-2021.10.linux64_1.0.0.202111181127/tools/bin/../lib/gcc/arm-none-eabi/10.3.1/../../../../arm-none-eabi/lib/thumb/v7e-m+fp/hard/libc_nano.a(lib_a-impure.o)
                              /opt/stm32cubeide/plugins/com.st.stm32cube.ide.mcu.externaltools.gnu-tools-for-stm32.10.3-2021.10.linux64_1.0.0.202111181127/tools/bin/../lib/gcc/arm-none-eabi/10.3.1/../../../../arm-none-eabi/lib/thumb/v7e-m+fp/hard/libc_nano.a(lib_a-exit.o) (_global_impure_ptr)
/opt/stm32cubeide/plugins/com.st.stm32cube.ide.mcu.externaltools.gnu-tools-for-stm32.10.3-2021.10.linux64_1.0.0.202111181127/tools/bin/../lib/gcc/arm-none-eabi/10.3.1/../../../../arm-none-eabi/lib/thumb/v7e-m+fp/hard/libc_nano.a(lib_a-init.o)
                              /opt/stm32cubeide/plugins/com.st.stm32cube.ide.mcu.externaltools.gnu-tools-for-stm32.10.3-2021.10.linux64_1.0.0.202111181127/tools/bin/../lib/gcc/arm-none-eabi/10.3.1/../../../../arm-none-eabi/lib/thumb/v7e-m+fp/hard/crt0.o (__libc_init_array)
/opt/stm32cubeide/plugins/com.st.stm32cube.ide.mcu.externaltools.gnu-tools-for-stm32.10.3-2021.10.linux64_1.0.0.202111181127/tools/bin/../lib/gcc/arm-none-eabi/10.3.1/../../../../arm-none-eabi/lib/thumb/v7e-m+fp/hard/libc_nano.a(lib_a-lock.o)
                              /opt/stm32cubeide/plugins/com.st.stm32cube.ide.mcu.externaltools.gnu-tools-for-stm32.10.3-2021.10.linux64_1.0.0.202111181127/tools/bin/../lib/gcc/arm-none-eabi/10.3.1/../../../../arm-none-eabi/lib/thumb/v7e-m+fp/hard/libc_nano.a(lib_a-findfp.o) (__retarget_lock_init_recursive)
/opt/stm32cubeide/plugins/com.st.stm32cube.ide.mcu.externaltools.gnu-tools-for-stm32.10.3-2021.10.linux64_1.0.0.202111181127/tools/bin/../lib/gcc/arm-none-eabi/10.3.1/../../../../arm-none-eabi/lib/thumb/v7e-m+fp/hard/libc_nano.a(lib_a-memcpy-stub.o)
                              ./Core/Src/drivers/DisplayManager.o (memcpy)
/opt/stm32cubeide/plugins/com.st.stm32cube.ide.mcu.externaltools.gnu-tools-for-stm32.10.3-2021.10.linux64_1.0.0.202111181127/tools/bin/../lib/gcc/arm-none-eabi/10.3.1/../../../../arm-none-eabi/lib/thumb/v7e-m+fp/hard/libc_nano.a(lib_a-memset.o)
                              /opt/stm32cubeide/plugins/com.st.stm32cube.ide.mcu.externaltools.gnu-tools-for-stm32.10.3-2021.10.linux64_1.0.0.202111181127/tools/bin/../lib/gcc/arm-none-eabi/10.3.1/../../../../arm-none-eabi/lib/thumb/v7e-m+fp/hard/crt0.o (memset)
/opt/stm32cubeide/plugins/com.st.stm32cube.ide.mcu.externaltools.gnu-tools-for-stm32.10.3-2021.10.linux64_1.0.0.202111181127/tools/bin/../lib/gcc/arm-none-eabi/10.3.1/../../../../arm-none-eabi/lib/thumb/v7e-m+fp/hard/libc_nano.a(lib_a-nano-mallocr.o)
                              /opt/stm32cubeide/plugins/com.st.stm32cube.ide.mcu.externaltools.gnu-tools-for-stm32.10.3-2021.10.linux64_1.0.0.202111181127/tools/bin/../lib/gcc/arm-none-eabi/10.3.1/../../../../arm-none-eabi/lib/thumb/v7e-m+fp/hard/libc_nano.a(lib_a-findfp.o) (_malloc_r)
/opt/stm32cubeide/plugins/com.st.stm32cube.ide.mcu.externaltools.gnu-tools-for-stm32.10.3-2021.10.linux64_1.0.0.202111181127/tools/bin/../lib/gcc/arm-none-eabi/10.3.1/../../../../arm-none-eabi/lib/thumb/v7e-m+fp/hard/libc_nano.a(lib_a-reent.o)
[...]
Memory Configuration

Name             Origin             Length             Attributes
RAM              0x0000000020000000 0x0000000000018000 xrw
RAM2             0x0000000010000000 0x0000000000008000 xrw
FLASH            0x0000000008000000 0x0000000000100000 xr
*default*        0x0000000000000000 0xffffffffffffffff

Linker script and memory map

LOAD /opt/stm32cubeide/plugins/com.st.stm32cube.ide.mcu.externaltools.gnu-tools-for-stm32.10.3-2021.10.linux64_1.0.0.202111181127/tools/bin/../lib/gcc/arm-none-eabi/10.3.1/thumb/v7e-m+fp/hard/crti.o
LOAD /opt/stm32cubeide/plugins/com.st.stm32cube.ide.mcu.externaltools.gnu-tools-for-stm32.10.3-2021.10.linux64_1.0.0.202111181127/tools/bin/../lib/gcc/arm-none-eabi/10.3.1/thumb/v7e-m+fp/hard/crtbegin.o
LOAD /opt/stm32cubeide/plugins/com.st.stm32cube.ide.mcu.externaltools.gnu-tools-for-stm32.10.3-2021.10.linux64_1.0.0.202111181127/tools/bin/../lib/gcc/arm-none-eabi/10.3.1/../../../../arm-none-eabi/lib/thumb/v7e-m+fp/hard/crt0.o
LOAD ./Core/Inc/nema_hal_threadx.o
LOAD ./Core/Src/drivers/DFPlayer.o
LOAD ./Core/Src/drivers/DS3231.o
LOAD ./Core/Src/drivers/DisplayManager.o
LOAD ./Core/Src/drivers/FT5446.o
LOAD ./Core/Src/drivers/ILI9488.o
LOAD ./Core/Src/freertos.o
LOAD ./Core/Src/main.o
LOAD ./Core/Src/stm32l4xx_hal_msp.o
LOAD ./Core/Src/stm32l4xx_hal_timebase_tim.o
LOAD ./Core/Src/stm32l4xx_it.o
LOAD ./Core/Src/syscalls.o
LOAD ./Core/Src/sysmem.o
LOAD ./Core/Src/system_stm32l4xx.o
LOAD ./Core/Src/screens/DeviceTestScreen.o
LOAD ./Core/Src/screens/HomeScreen.o
LOAD ./Core/Startup/startup_stm32l476rgtx.o
LOAD ./Drivers/STM32L4xx_HAL_Driver/Src/stm32l4xx_hal.o
LOAD ./Drivers/STM32L4xx_HAL_Driver/Src/stm32l4xx_hal_cortex.o
LOAD ./Drivers/STM32L4xx_HAL_Driver/Src/stm32l4xx_hal_crc.o
LOAD ./Drivers/STM32L4xx_HAL_Driver/Src/stm32l4xx_hal_crc_ex.o
LOAD ./Drivers/STM32L4xx_HAL_Driver/Src/stm32l4xx_hal_dma.o
LOAD ./Drivers/STM32L4xx_HAL_Driver/Src/stm32l4xx_hal_dma_ex.o
LOAD ./Drivers/STM32L4xx_HAL_Driver/Src/stm32l4xx_hal_exti.o
LOAD ./Drivers/STM32L4xx_HAL_Driver/Src/stm32l4xx_hal_flash.o
LOAD ./Drivers/STM32L4xx_HAL_Driver/Src/stm32l4xx_hal_flash_ex.o
LOAD ./Drivers/STM32L4xx_HAL_Driver/Src/stm32l4xx_hal_flash_ramfunc.o
LOAD ./Drivers/STM32L4xx_HAL_Driver/Src/stm32l4xx_hal_gpio.o
LOAD ./Drivers/STM32L4xx_HAL_Driver/Src/stm32l4xx_hal_i2c.o
LOAD ./Drivers/STM32L4xx_HAL_Driver/Src/stm32l4xx_hal_i2c_ex.o
LOAD ./Drivers/STM32L4xx_HAL_Driver/Src/stm32l4xx_hal_pwr.o
LOAD ./Drivers/STM32L4xx_HAL_Driver/Src/stm32l4xx_hal_pwr_ex.o
LOAD ./Drivers/STM32L4xx_HAL_Driver/Src/stm32l4xx_hal_rcc.o
LOAD ./Drivers/STM32L4xx_HAL_Driver/Src/stm32l4xx_hal_rcc_ex.o
LOAD ./Drivers/STM32L4xx_HAL_Driver/Src/stm32l4xx_hal_spi.o
LOAD ./Drivers/STM32L4xx_HAL_Driver/Src/stm32l4xx_hal_spi_ex.o
LOAD ./Drivers/STM32L4xx_HAL_Driver/Src/stm32l4xx_hal_tim.o
LOAD ./Drivers/STM32L4xx_HAL_Driver/Src/stm32l4xx_hal_tim_ex.o
LOAD ./Drivers/STM32L4xx_HAL_Driver/Src/stm32l4xx_hal_uart.o
LOAD ./Drivers/STM32L4xx_HAL_Driver/Src/stm32l4xx_hal_uart_ex.o
LOAD ./Middlewares/Third_Party/FreeRTOS/Source/CMSIS_RTOS/cmsis_os.o
LOAD ./Middlewares/Third_Party/FreeRTOS/Source/croutine.o
LOAD ./Middlewares/Third_Party/FreeRTOS/Source/event_groups.o
LOAD ./Middlewares/Third_Party/FreeRTOS/Source/list.o
LOAD ./Middlewares/Third_Party/FreeRTOS/Source/queue.o
LOAD ./Middlewares/Third_Party/FreeRTOS/Source/stream_buffer.o
LOAD ./Middlewares/Third_Party/FreeRTOS/Source/tasks.o
LOAD ./Middlewares/Third_Party/FreeRTOS/Source/timers.o
LOAD ./Middlewares/Third_Party/FreeRTOS/Source/portable/GCC/ARM_CM4F/port.o
LOAD ./Middlewares/Third_Party/FreeRTOS/Source/portable/MemMang/heap_4.o
START GROUP
LOAD /opt/stm32cubeide/plugins/com.st.stm32cube.ide.mcu.externaltools.gnu-tools-for-stm32.10.3-2021.10.linux64_1.0.0.202111181127/tools/bin/../lib/gcc/arm-none-eabi/10.3.1/../../../../arm-none-eabi/lib/thumb/v7e-m+fp/hard/libstdc++_nano.a
LOAD /opt/stm32cubeide/plugins/com.st.stm32cube.ide.mcu.externaltools.gnu-tools-for-stm32.10.3-2021.10.linux64_1.0.0.202111181127/tools/bin/../lib/gcc/arm-none-eabi/10.3.1/../../../../arm-none-eabi/lib/thumb/v7e-m+fp/hard/libsupc++_nano.a
END GROUP
LOAD /opt/stm32cubeide/plugins/com.st.stm32cube.ide.mcu.externaltools.gnu-tools-for-stm32.10.3-2021.10.linux64_1.0.0.202111181127/tools/bin/../lib/gcc/arm-none-eabi/10.3.1/../../../../arm-none-eabi/lib/thumb/v7e-m+fp/hard/libstdc++_nano.a
LOAD /opt/stm32cubeide/plugins/com.st.stm32cube.ide.mcu.externaltools.gnu-tools-for-stm32.10.3-2021.10.linux64_1.0.0.202111181127/tools/bin/../lib/gcc/arm-none-eabi/10.3.1/../../../../arm-none-eabi/lib/thumb/v7e-m+fp/hard/libm.a
LOAD /opt/stm32cubeide/plugins/com.st.stm32cube.ide.mcu.externaltools.gnu-tools-for-stm32.10.3-2021.10.linux64_1.0.0.202111181127/tools/bin/../lib/gcc/arm-none-eabi/10.3.1/../../../../arm-none-eabi/lib/thumb/v7e-m+fp/hard/libc_nano.a
START GROUP
LOAD /opt/stm32cubeide/plugins/com.st.stm32cube.ide.mcu.externaltools.gnu-tools-for-stm32.10.3-2021.10.linux64_1.0.0.202111181127/tools/bin/../lib/gcc/arm-none-eabi/10.3.1/thumb/v7e-m+fp/hard/libgcc.a
LOAD /opt/stm32cubeide/plugins/com.st.stm32cube.ide.mcu.externaltools.gnu-tools-for-stm32.10.3-2021.10.linux64_1.0.0.202111181127/tools/bin/../lib/gcc/arm-none-eabi/10.3.1/../../../../arm-none-eabi/lib/thumb/v7e-m+fp/hard/libc_nano.a
END GROUP
START GROUP
LOAD /opt/stm32cubeide/plugins/com.st.stm32cube.ide.mcu.externaltools.gnu-tools-for-stm32.10.3-2021.10.linux64_1.0.0.202111181127/tools/bin/../lib/gcc/arm-none-eabi/10.3.1/thumb/v7e-m+fp/hard/libgcc.a
LOAD /opt/stm32cubeide/plugins/com.st.stm32cube.ide.mcu.externaltools.gnu-tools-for-stm32.10.3-2021.10.linux64_1.0.0.202111181127/tools/bin/../lib/gcc/arm-none-eabi/10.3.1/../../../../arm-none-eabi/lib/thumb/v7e-m+fp/hard/libc_nano.a
END GROUP
LOAD /opt/stm32cubeide/plugins/com.st.stm32cube.ide.mcu.externaltools.gnu-tools-for-stm32.10.3-2021.10.linux64_1.0.0.202111181127/tools/bin/../lib/gcc/arm-none-eabi/10.3.1/thumb/v7e-m+fp/hard/crtend.o
LOAD /opt/stm32cubeide/plugins/com.st.stm32cube.ide.mcu.externaltools.gnu-tools-for-stm32.10.3-2021.10.linux64_1.0.0.202111181127/tools/bin/../lib/gcc/arm-none-eabi/10.3.1/thumb/v7e-m+fp/hard/crtn.o
                0x0000000020018000                _estack = (ORIGIN (RAM) + LENGTH (RAM))
                0x0000000000000200                _Min_Heap_Size = 0x200
                0x0000000000000400                _Min_Stack_Size = 0x400

.isr_vector     0x0000000008000000      0x188
                0x0000000008000000                . = ALIGN (0x4)
 *(.isr_vector)
 .isr_vector    0x0000000008000000      0x188 ./Core/Startup/startup_stm32l476rgtx.o
                0x0000000008000000                g_pfnVectors
                0x0000000008000188                . = ALIGN (0x4)

.text           0x0000000008000190     0xa178
                0x0000000008000190                . = ALIGN (0x4)
 *(.text)
 .text          0x0000000008000190       0x40 /opt/stm32cubeide/plugins/com.st.stm32cube.ide.mcu.externaltools.gnu-tools-for-stm32.10.3-2021.10.linux64_1.0.0.202111181127/tools/bin/../lib/gcc/arm-none-eabi/10.3.1/thumb/v7e-m+fp/hard/crtbegin.o
 .text          0x00000000080001d0       0xa0 /opt/stm32cubeide/plugins/com.st.stm32cube.ide.mcu.externaltools.gnu-tools-for-stm32.10.3-2021.10.linux64_1.0.0.202111181127/tools/bin/../lib/gcc/arm-none-eabi/10.3.1/../../../../arm-none-eabi/lib/thumb/v7e-m+fp/hard/libc_nano.a(lib_a-memchr.o)
                0x00000000080001d0                memchr
 .text          0x0000000008000270      0x378 /opt/stm32cubeide/plugins/com.st.stm32cube.ide.mcu.externaltools.gnu-tools-for-stm32.10.3-2021.10.linux64_1.0.0.202111181127/tools/bin/../lib/gcc/arm-none-eabi/10.3.1/thumb/v7e-m+fp/hard/libgcc.a(_arm_addsubdf3.o)
                0x0000000008000270                __aeabi_drsub
                0x0000000008000278                __aeabi_dsub
                0x0000000008000278                __subdf3
                0x000000000800027c                __adddf3
                0x000000000800027c                __aeabi_dadd
                0x00000000080004f4                __aeabi_ui2d
                0x00000000080004f4                __floatunsidf
                0x0000000008000514                __floatsidf
                0x0000000008000514                __aeabi_i2d
                0x0000000008000538                __extendsfdf2
                0x0000000008000538                __aeabi_f2d
                0x000000000800057c                __aeabi_ul2d
                0x000000000800057c                __floatundidf
                0x000000000800058c                __floatdidf
                0x000000000800058c                __aeabi_l2d
 .text          0x00000000080005e8      0x110 /opt/stm32cubeide/plugins/com.st.stm32cube.ide.mcu.externaltools.gnu-tools-for-stm32.10.3-2021.10.linux64_1.0.0.202111181127/tools/bin/../lib/gcc/arm-none-eabi/10.3.1/thumb/v7e-m+fp/hard/libgcc.a(_arm_cmpdf2.o)
                0x00000000080005e8                __gtdf2
                0x00000000080005e8                __gedf2
                0x00000000080005f0                __ltdf2
                0x00000000080005f0                __ledf2
                0x00000000080005f8                __cmpdf2
                0x00000000080005f8                __eqdf2
                0x00000000080005f8                __nedf2
                0x0000000008000674                __aeabi_cdrcmple
                0x0000000008000684                __aeabi_cdcmple
                0x0000000008000684                __aeabi_cdcmpeq
                0x0000000008000694                __aeabi_dcmpeq
                0x00000000080006a8                __aeabi_dcmplt
                0x00000000080006bc                __aeabi_dcmple
                0x00000000080006d0                __aeabi_dcmpge
                0x00000000080006e4                __aeabi_dcmpgt
 .text          0x00000000080006f8       0x30 /opt/stm32cubeide/plugins/com.st.stm32cube.ide.mcu.externaltools.gnu-tools-for-stm32.10.3-2021.10.linux64_1.0.0.202111181127/tools/bin/../lib/gcc/arm-none-eabi/10.3.1/thumb/v7e-m+fp/hard/libgcc.a(_aeabi_uldivmod.o)
                0x00000000080006f8                __aeabi_uldivmod
 .text          0x0000000008000728      0x2d0 /opt/stm32cubeide/plugins/com.st.stm32cube.ide.mcu.externaltools.gnu-tools-for-stm32.10.3-2021.10.linux64_1.0.0.202111181127/tools/bin/../lib/gcc/arm-none-eabi/10.3.1/thumb/v7e-m+fp/hard/libgcc.a(_udivmoddi4.o)
                0x0000000008000728                __udivmoddi4
 .text          0x00000000080009f8        0x4 /opt/stm32cubeide/plugins/com.st.stm32cube.ide.mcu.externaltools.gnu-tools-for-stm32.10.3-2021.10.linux64_1.0.0.202111181127/tools/bin/../lib/gcc/arm-none-eabi/10.3.1/thumb/v7e-m+fp/hard/libgcc.a(_dvmd_tls.o)
                0x00000000080009f8                __aeabi_ldiv0
                0x00000000080009f8                __aeabi_idiv0
 *(.text*)
 .text.DFPlayer_sendByte
                0x00000000080009fc       0x24 ./Core/Src/drivers/DFPlayer.o
                0x00000000080009fc                DFPlayer_sendByte
 .text.DFPlayer_calculateChecksum
                0x0000000008000a20       0x38 ./Core/Src/drivers/DFPlayer.o
                0x0000000008000a20                DFPlayer_calculateChecksum
 .text.DFPlayer_sendCommand
                0x0000000008000a58       0x74 ./Core/Src/drivers/DFPlayer.o
                0x0000000008000a58                DFPlayer_sendCommand
 .text.DFPlayer_getResponse
                0x0000000008000acc       0x38 ./Core/Src/drivers/DFPlayer.o
                0x0000000008000acc                DFPlayer_getResponse
 .text.DFPlayer_setPause
                0x0000000008000b04       0x12 ./Core/Src/drivers/DFPlayer.o
                0x0000000008000b04                DFPlayer_setPause
 .text.DFPlayer_getStatus
                0x0000000008000b16       0x1c ./Core/Src/drivers/DFPlayer.o
                0x0000000008000b16                DFPlayer_getStatus
 .text.DFPlayer_getTracksInFolder
                0x0000000008000b32       0x26 ./Core/Src/drivers/DFPlayer.o
                0x0000000008000b32                DFPlayer_getTracksInFolder
 .text.DFPlayer_resetModule
                0x0000000008000b58       0x12 ./Core/Src/drivers/DFPlayer.o
                0x0000000008000b58                DFPlayer_resetModule
 *fill*         0x0000000008000b6a        0x2 
 .text.RTC_get_time_date
                0x0000000008000b6c       0xb0 ./Core/Src/drivers/DS3231.o
                0x0000000008000b6c                RTC_get_time_date
 .text.RTC_convert_seconds_to_decimal
                0x0000000008000c1c       0x36 ./Core/Src/drivers/DS3231.o
                0x0000000008000c1c                RTC_convert_seconds_to_decimal
 .text.RTC_convert_hours_to_decimal
                0x0000000008000c52       0x36 ./Core/Src/drivers/DS3231.o
                0x0000000008000c52                RTC_convert_hours_to_decimal
 .text.RTC_convert_date_to_decimal
                0x0000000008000c88       0x36 ./Core/Src/drivers/DS3231.o
                0x0000000008000c88                RTC_convert_date_to_decimal
 .text.DM_Init  0x0000000008000cbe       0x10 ./Core/Src/drivers/DisplayManager.o
                0x0000000008000cbe                DM_Init
 *fill*         0x0000000008000cce        0x2 
 .text.DM_Draw  0x0000000008000cd0      0x1dc ./Core/Src/drivers/DisplayManager.o
                0x0000000008000cd0                DM_Draw
 .text.DM_Clear
                0x0000000008000eac       0x48 ./Core/Src/drivers/DisplayManager.o
                0x0000000008000eac                DM_Clear
 .text.DM_Add_Element
                0x0000000008000ef4       0x4c ./Core/Src/drivers/DisplayManager.o
                0x0000000008000ef4                DM_Add_Element
 .text.DM_Replace_Element
                0x0000000008000f40       0x40 ./Core/Src/drivers/DisplayManager.o
                0x0000000008000f40                DM_Replace_Element
 .text.DM_StrLen
                0x0000000008000f80       0x42 ./Core/Src/drivers/DisplayManager.o
                0x0000000008000f80                DM_StrLen
 *fill*         0x0000000008000fc2        0x2 
 .text.DM_Set_State
                0x0000000008000fc4       0x30 ./Core/Src/drivers/DisplayManager.o
                0x0000000008000fc4                DM_Set_State
 .text.DM_Remove_Element
                0x0000000008000ff4       0xb8 ./Core/Src/drivers/DisplayManager.o
                0x0000000008000ff4                DM_Remove_Element
 .text.DM_Parse_Press
                0x00000000080010ac       0xa4 ./Core/Src/drivers/DisplayManager.o
                0x00000000080010ac                DM_Parse_Press
 .text.DM_Do_Press
                0x0000000008001150       0xfc ./Core/Src/drivers/DisplayManager.o
                0x0000000008001150                DM_Do_Press
 .text.DM_New_Fill_Rectangle
                0x000000000800124c       0x54 ./Core/Src/drivers/DisplayManager.o
                0x000000000800124c                DM_New_Fill_Rectangle
 .text.DM_Fill_Rectangle
                0x00000000080012a0       0x84 ./Core/Src/drivers/DisplayManager.o
                0x00000000080012a0                DM_Fill_Rectangle
 .text.DM_New_Fill_Gradient
                0x0000000008001324       0x60 ./Core/Src/drivers/DisplayManager.o
                0x0000000008001324                DM_New_Fill_Gradient
 .text.DM_Fill_Gradient
                0x0000000008001384       0xb0 ./Core/Src/drivers/DisplayManager.o
                0x0000000008001384                DM_Fill_Gradient
 .text.DM_New_Text
                0x0000000008001434       0x78 ./Core/Src/drivers/DisplayManager.o
                0x0000000008001434                DM_New_Text
 .text.DM_Text  0x00000000080014ac       0x84 ./Core/Src/drivers/DisplayManager.o
                0x00000000080014ac                DM_Text
 .text.DM_New_Bitmap
                0x0000000008001530       0x84 ./Core/Src/drivers/DisplayManager.o
                0x0000000008001530                DM_New_Bitmap
 .text.DM_Bitmap
                0x00000000080015b4       0x6c ./Core/Src/drivers/DisplayManager.o
                0x00000000080015b4                DM_Bitmap
 .text.DM_New_Button
                0x0000000008001620       0xb0 ./Core/Src/drivers/DisplayManager.o
                0x0000000008001620                DM_New_Button
 .text.DM_Button
                0x00000000080016d0      0x2d4 ./Core/Src/drivers/DisplayManager.o
                0x00000000080016d0                DM_Button
 .text.DM_Button_onPress
                0x00000000080019a4       0x18 ./Core/Src/drivers/DisplayManager.o
                0x00000000080019a4                DM_Button_onPress
 .text.DM_New_Title_Bar
                0x00000000080019bc       0x50 ./Core/Src/drivers/DisplayManager.o
                0x00000000080019bc                DM_New_Title_Bar
 .text.DM_Title_Bar
                0x0000000008001a0c      0x17c ./Core/Src/drivers/DisplayManager.o
                0x0000000008001a0c                DM_Title_Bar
 .text.DM_List_onPress
                0x0000000008001b88       0xa4 ./Core/Src/drivers/DisplayManager.o
                0x0000000008001b88                DM_List_onPress
 .text.DM_New_Animation
                0x0000000008001c2c       0x98 ./Core/Src/drivers/DisplayManager.o
                0x0000000008001c2c                DM_New_Animation
 .text.DM_Animation
                0x0000000008001cc4       0x84 ./Core/Src/drivers/DisplayManager.o
                0x0000000008001cc4                DM_Animation
 .text.FT5446_getTouch
                0x0000000008001d48       0x7c ./Core/Src/drivers/FT5446.o
                0x0000000008001d48                FT5446_getTouch
 .text.parallel_write
                0x0000000008001dc4       0x58 ./Core/Src/drivers/ILI9488.o
                0x0000000008001dc4                parallel_write
 .text.lcd_write_data
                0x0000000008001e1c       0x40 ./Core/Src/drivers/ILI9488.o
                0x0000000008001e1c                lcd_write_data
 .text.lcd_write_command
                0x0000000008001e5c       0x44 ./Core/Src/drivers/ILI9488.o
                0x0000000008001e5c                lcd_write_command
 .text.swap_int
                0x0000000008001ea0       0x2a ./Core/Src/drivers/ILI9488.o
                0x0000000008001ea0                swap_int
 *fill*         0x0000000008001eca        0x2 
 .text.delay_ms
                0x0000000008001ecc       0x6c ./Core/Src/drivers/ILI9488.o
                0x0000000008001ecc                delay_ms
 .text.lcd_init_parallel
                0x0000000008001f38       0x84 ./Core/Src/drivers/ILI9488.o
                0x0000000008001f38                lcd_init_parallel
 .text.lcd_init_command_list
                0x0000000008001fbc      0x194 ./Core/Src/drivers/ILI9488.o
                0x0000000008001fbc                lcd_init_command_list
 .text.set_draw_window
                0x0000000008002150       0xa4 ./Core/Src/drivers/ILI9488.o
                0x0000000008002150                set_draw_window
 .text.draw_pixel
                0x00000000080021f4       0x2a ./Core/Src/drivers/ILI9488.o
                0x00000000080021f4                draw_pixel
 *fill*         0x000000000800221e        0x2 
 .text.fill_rectangle
                0x0000000008002220       0x84 ./Core/Src/drivers/ILI9488.o
                0x0000000008002220                fill_rectangle
 .text.draw_char
                0x00000000080022a4       0xf8 ./Core/Src/drivers/ILI9488.o
                0x00000000080022a4                draw_char
 .text.draw_fast_char
                0x000000000800239c       0xd0 ./Core/Src/drivers/ILI9488.o
                0x000000000800239c                draw_fast_char
 .text.draw_string
                0x000000000800246c       0x60 ./Core/Src/drivers/ILI9488.o
                0x000000000800246c                draw_string
 .text.draw_fast_string
                0x00000000080024cc       0x52 ./Core/Src/drivers/ILI9488.o
                0x00000000080024cc                draw_fast_string
 *fill*         0x000000000800251e        0x2 
 .text.draw_bitmap
                0x0000000008002520       0xf0 ./Core/Src/drivers/ILI9488.o
                0x0000000008002520                draw_bitmap
 .text.fill_gradient
                0x0000000008002610      0x274 ./Core/Src/drivers/ILI9488.o
                0x0000000008002610                fill_gradient
 .text.vApplicationGetIdleTaskMemory
                0x0000000008002884       0x34 ./Core/Src/freertos.o
                0x0000000008002884                vApplicationGetIdleTaskMemory
 .text.main     0x00000000080028b8       0xd0 ./Core/Src/main.o
                0x00000000080028b8                main
 .text.SystemClock_Config
                0x0000000008002988       0xa2 ./Core/Src/main.o
                0x0000000008002988                SystemClock_Config
 *fill*         0x0000000008002a2a        0x2 
 .text.MX_CRC_Init
                0x0000000008002a2c       0x44 ./Core/Src/main.o
 .text.MX_I2C1_Init
                0x0000000008002a70       0x80 ./Core/Src/main.o
 .text.MX_SPI1_Init
                0x0000000008002af0       0x7c ./Core/Src/main.o
 .text.MX_USART1_UART_Init
                0x0000000008002b6c       0x60 ./Core/Src/main.o
 .text.MX_GPIO_Init
                0x0000000008002bcc      0x140 ./Core/Src/main.o
 .text.ChangeScreenTask
                0x0000000008002d0c       0xc4 ./Core/Src/main.o
                0x0000000008002d0c                ChangeScreenTask
 .text.TouchTask
                0x0000000008002dd0       0x3c ./Core/Src/main.o
                0x0000000008002dd0                TouchTask
 .text.StartDefaultTask
                0x0000000008002e0c       0x24 ./Core/Src/main.o
                0x0000000008002e0c                StartDefaultTask
 .text.HAL_TIM_PeriodElapsedCallback
                0x0000000008002e30       0x24 ./Core/Src/main.o
                0x0000000008002e30                HAL_TIM_PeriodElapsedCallback
 .text.Error_Handler
                0x0000000008002e54        0xa ./Core/Src/main.o
                0x0000000008002e54                Error_Handler
 *fill*         0x0000000008002e5e        0x2 
 .text.HAL_MspInit
                0x0000000008002e60       0x50 ./Core/Src/stm32l4xx_hal_msp.o
                0x0000000008002e60                HAL_MspInit
 .text.HAL_CRC_MspInit
                0x0000000008002eb0       0x40 ./Core/Src/stm32l4xx_hal_msp.o
                0x0000000008002eb0                HAL_CRC_MspInit
 .text.HAL_I2C_MspInit
                0x0000000008002ef0       0xbc ./Core/Src/stm32l4xx_hal_msp.o
                0x0000000008002ef0                HAL_I2C_MspInit
 .text.HAL_SPI_MspInit
                0x0000000008002fac       0x84 ./Core/Src/stm32l4xx_hal_msp.o
                0x0000000008002fac                HAL_SPI_MspInit
 .text.HAL_UART_MspInit
                0x0000000008003030       0xbc ./Core/Src/stm32l4xx_hal_msp.o
                0x0000000008003030                HAL_UART_MspInit
 .text.HAL_InitTick
                0x00000000080030ec       0xdc ./Core/Src/stm32l4xx_hal_timebase_tim.o
                0x00000000080030ec                HAL_InitTick
 .text.NMI_Handler
                0x00000000080031c8        0x6 ./Core/Src/stm32l4xx_it.o
                0x00000000080031c8                NMI_Handler
 .text.HardFault_Handler
                0x00000000080031ce        0x6 ./Core/Src/stm32l4xx_it.o
                0x00000000080031ce                HardFault_Handler
 .text.MemManage_Handler
                0x00000000080031d4        0x6 ./Core/Src/stm32l4xx_it.o
                0x00000000080031d4                MemManage_Handler
 .text.BusFault_Handler
                0x00000000080031da        0x6 ./Core/Src/stm32l4xx_it.o
                0x00000000080031da                BusFault_Handler
 .text.UsageFault_Handler
                0x00000000080031e0        0x6 ./Core/Src/stm32l4xx_it.o
                0x00000000080031e0                UsageFault_Handler
 .text.DebugMon_Handler
                0x00000000080031e6        0xe ./Core/Src/stm32l4xx_it.o
                0x00000000080031e6                DebugMon_Handler
 .text.EXTI9_5_IRQHandler
                0x00000000080031f4       0x20 ./Core/Src/stm32l4xx_it.o
                0x00000000080031f4                EXTI9_5_IRQHandler
 .text.TIM1_UP_TIM16_IRQHandler
                0x0000000008003214       0x14 ./Core/Src/stm32l4xx_it.o
                0x0000000008003214                TIM1_UP_TIM16_IRQHandler
 .text._sbrk    0x0000000008003228       0x6c ./Core/Src/sysmem.o
                0x0000000008003228                _sbrk
 .text.SystemInit
                0x0000000008003294       0x24 ./Core/Src/system_stm32l4xx.o
                0x0000000008003294                SystemInit
 .text.DeviceTestTask
                0x00000000080032b8      0x388 ./Core/Src/screens/DeviceTestScreen.o
                0x00000000080032b8                DeviceTestTask
 .text.OK_Press
                0x0000000008003640       0x28 ./Core/Src/screens/DeviceTestScreen.o
                0x0000000008003640                OK_Press
 .text.MainMenuTask
                0x0000000008003668      0x62c ./Core/Src/screens/HomeScreen.o
                0x0000000008003668                MainMenuTask
 .text.Button_Press
                0x0000000008003c94       0x24 ./Core/Src/screens/HomeScreen.o
                0x0000000008003c94                Button_Press
 .text.SplashScreenTask
                0x0000000008003cb8      0x1fc ./Core/Src/screens/HomeScreen.o
                0x0000000008003cb8                SplashScreenTask
 .text.Char_To_Bmp
                0x0000000008003eb4       0xa0 ./Core/Src/screens/HomeScreen.o
                0x0000000008003eb4                Char_To_Bmp
 .text.Reset_Handler
                0x0000000008003f54       0x50 ./Core/Startup/startup_stm32l476rgtx.o
                0x0000000008003f54                Reset_Handler
 .text.Default_Handler
                0x0000000008003fa4        0x2 ./Core/Startup/startup_stm32l476rgtx.o
                0x0000000008003fa4                RTC_Alarm_IRQHandler
                0x0000000008003fa4                EXTI2_IRQHandler
                0x0000000008003fa4                TIM8_TRG_COM_IRQHandler
                0x0000000008003fa4                TIM8_CC_IRQHandler
                0x0000000008003fa4                TIM1_CC_IRQHandler
                0x0000000008003fa4                TSC_IRQHandler
                0x0000000008003fa4                TAMP_STAMP_IRQHandler
                0x0000000008003fa4                EXTI3_IRQHandler
                0x0000000008003fa4                LPTIM2_IRQHandler
                0x0000000008003fa4                DFSDM1_FLT1_IRQHandler
                0x0000000008003fa4                I2C3_ER_IRQHandler
                0x0000000008003fa4                DFSDM1_FLT2_IRQHandler
                0x0000000008003fa4                EXTI0_IRQHandler
                0x0000000008003fa4                I2C2_EV_IRQHandler
                0x0000000008003fa4                CAN1_RX0_IRQHandler
                0x0000000008003fa4                FPU_IRQHandler
                0x0000000008003fa4                ADC1_2_IRQHandler
                0x0000000008003fa4                SPI1_IRQHandler
                0x0000000008003fa4                TIM6_DAC_IRQHandler
                0x0000000008003fa4                TIM8_UP_IRQHandler
                0x0000000008003fa4                DMA2_Channel2_IRQHandler
                0x0000000008003fa4                DMA1_Channel4_IRQHandler
                0x0000000008003fa4                SAI2_IRQHandler
                0x0000000008003fa4                DFSDM1_FLT3_IRQHandler
                0x0000000008003fa4                USART3_IRQHandler
                0x0000000008003fa4                DMA1_Channel7_IRQHandler
                0x0000000008003fa4                CAN1_RX1_IRQHandler
                0x0000000008003fa4                LCD_IRQHandler
                0x0000000008003fa4                UART5_IRQHandler
                0x0000000008003fa4                ADC3_IRQHandler
                0x0000000008003fa4                TIM4_IRQHandler
                0x0000000008003fa4                DMA2_Channel1_IRQHandler
                0x0000000008003fa4                QUADSPI_IRQHandler
                0x0000000008003fa4                I2C1_EV_IRQHandler
                0x0000000008003fa4                DMA1_Channel6_IRQHandler
                0x0000000008003fa4                UART4_IRQHandler
                0x0000000008003fa4                DMA2_Channel4_IRQHandler
                0x0000000008003fa4                TIM3_IRQHandler
                0x0000000008003fa4                RCC_IRQHandler
                0x0000000008003fa4                DMA1_Channel1_IRQHandler
                0x0000000008003fa4                Default_Handler
                0x0000000008003fa4                DMA2_Channel7_IRQHandler
                0x0000000008003fa4                EXTI15_10_IRQHandler
                0x0000000008003fa4                TIM7_IRQHandler
                0x0000000008003fa4                SDMMC1_IRQHandler
                0x0000000008003fa4                TIM5_IRQHandler
                0x0000000008003fa4                I2C3_EV_IRQHandler
                0x0000000008003fa4                RTC_WKUP_IRQHandler
                0x0000000008003fa4                PVD_PVM_IRQHandler
                0x0000000008003fa4                SPI2_IRQHandler
                0x0000000008003fa4                CAN1_TX_IRQHandler
                0x0000000008003fa4                DMA2_Channel5_IRQHandler
                0x0000000008003fa4                DMA1_Channel5_IRQHandler
                0x0000000008003fa4                EXTI4_IRQHandler
                0x0000000008003fa4                RNG_IRQHandler
                0x0000000008003fa4                TIM1_TRG_COM_TIM17_IRQHandler
                0x0000000008003fa4                DMA1_Channel3_IRQHandler
                0x0000000008003fa4                COMP_IRQHandler
                0x0000000008003fa4                WWDG_IRQHandler
                0x0000000008003fa4                LPUART1_IRQHandler
                0x0000000008003fa4                DMA2_Channel6_IRQHandler
                0x0000000008003fa4                TIM2_IRQHandler
                0x0000000008003fa4                EXTI1_IRQHandler
                0x0000000008003fa4                USART2_IRQHandler
                0x0000000008003fa4                DFSDM1_FLT0_IRQHandler
                0x0000000008003fa4                I2C2_ER_IRQHandler
                0x0000000008003fa4                DMA1_Channel2_IRQHandler
                0x0000000008003fa4                TIM8_BRK_IRQHandler
                0x0000000008003fa4                CAN1_SCE_IRQHandler
                0x0000000008003fa4                FLASH_IRQHandler
                0x0000000008003fa4                USART1_IRQHandler
                0x0000000008003fa4                OTG_FS_IRQHandler
                0x0000000008003fa4                SPI3_IRQHandler
                0x0000000008003fa4                I2C1_ER_IRQHandler
                0x0000000008003fa4                FMC_IRQHandler
                0x0000000008003fa4                SWPMI1_IRQHandler
                0x0000000008003fa4                LPTIM1_IRQHandler
                0x0000000008003fa4                SAI1_IRQHandler
                0x0000000008003fa4                DMA2_Channel3_IRQHandler
                0x0000000008003fa4                TIM1_BRK_TIM15_IRQHandler
 .text.HAL_Init
                0x0000000008003fa6       0x30 ./Drivers/STM32L4xx_HAL_Driver/Src/stm32l4xx_hal.o
                0x0000000008003fa6                HAL_Init
 *fill*         0x0000000008003fd6        0x2 
 .text.HAL_IncTick
                0x0000000008003fd8       0x28 ./Drivers/STM32L4xx_HAL_Driver/Src/stm32l4xx_hal.o
                0x0000000008003fd8                HAL_IncTick
 .text.HAL_GetTick
                0x0000000008004000       0x18 ./Drivers/STM32L4xx_HAL_Driver/Src/stm32l4xx_hal.o
                0x0000000008004000                HAL_GetTick
 .text.HAL_Delay
                0x0000000008004018       0x48 ./Drivers/STM32L4xx_HAL_Driver/Src/stm32l4xx_hal.o
                0x0000000008004018                HAL_Delay
 .text.__NVIC_SetPriorityGrouping
                0x0000000008004060       0x48 ./Drivers/STM32L4xx_HAL_Driver/Src/stm32l4xx_hal_cortex.o
 .text.__NVIC_GetPriorityGrouping
                0x00000000080040a8       0x1c ./Drivers/STM32L4xx_HAL_Driver/Src/stm32l4xx_hal_cortex.o
 .text.__NVIC_EnableIRQ
                0x00000000080040c4       0x3c ./Drivers/STM32L4xx_HAL_Driver/Src/stm32l4xx_hal_cortex.o
 .text.__NVIC_SetPriority
                0x0000000008004100       0x54 ./Drivers/STM32L4xx_HAL_Driver/Src/stm32l4xx_hal_cortex.o
 .text.NVIC_EncodePriority
                0x0000000008004154       0x66 ./Drivers/STM32L4xx_HAL_Driver/Src/stm32l4xx_hal_cortex.o
 .text.HAL_NVIC_SetPriorityGrouping
                0x00000000080041ba       0x16 ./Drivers/STM32L4xx_HAL_Driver/Src/stm32l4xx_hal_cortex.o
                0x00000000080041ba                HAL_NVIC_SetPriorityGrouping
 .text.HAL_NVIC_SetPriority
                0x00000000080041d0       0x38 ./Drivers/STM32L4xx_HAL_Driver/Src/stm32l4xx_hal_cortex.o
                0x00000000080041d0                HAL_NVIC_SetPriority
 .text.HAL_NVIC_EnableIRQ
                0x0000000008004208       0x1c ./Drivers/STM32L4xx_HAL_Driver/Src/stm32l4xx_hal_cortex.o
                0x0000000008004208                HAL_NVIC_EnableIRQ
 .text.HAL_CRC_Init
                0x0000000008004224       0xc8 ./Drivers/STM32L4xx_HAL_Driver/Src/stm32l4xx_hal_crc.o
                0x0000000008004224                HAL_CRC_Init
 .text.HAL_CRCEx_Polynomial_Set
                0x00000000080042ec      0x10c ./Drivers/STM32L4xx_HAL_Driver/Src/stm32l4xx_hal_crc_ex.o
                0x00000000080042ec                HAL_CRCEx_Polynomial_Set
 .text.HAL_GPIO_Init
                0x00000000080043f8      0x354 ./Drivers/STM32L4xx_HAL_Driver/Src/stm32l4xx_hal_gpio.o
                0x00000000080043f8                HAL_GPIO_Init
 .text.HAL_GPIO_WritePin
                0x000000000800474c       0x30 ./Drivers/STM32L4xx_HAL_Driver/Src/stm32l4xx_hal_gpio.o
                0x000000000800474c                HAL_GPIO_WritePin
 .text.HAL_GPIO_TogglePin
                0x000000000800477c       0x34 ./Drivers/STM32L4xx_HAL_Driver/Src/stm32l4xx_hal_gpio.o
                0x000000000800477c                HAL_GPIO_TogglePin
 .text.HAL_GPIO_EXTI_IRQHandler
                0x00000000080047b0       0x30 ./Drivers/STM32L4xx_HAL_Driver/Src/stm32l4xx_hal_gpio.o
                0x00000000080047b0                HAL_GPIO_EXTI_IRQHandler
 .text.HAL_GPIO_EXTI_Callback
                0x00000000080047e0       0x16 ./Drivers/STM32L4xx_HAL_Driver/Src/stm32l4xx_hal_gpio.o
                0x00000000080047e0                HAL_GPIO_EXTI_Callback
 .text.HAL_I2C_Init
                0x00000000080047f6      0x11e ./Drivers/STM32L4xx_HAL_Driver/Src/stm32l4xx_hal_i2c.o
                0x00000000080047f6                HAL_I2C_Init
 .text.HAL_I2C_Mem_Read
                0x0000000008004914      0x234 ./Drivers/STM32L4xx_HAL_Driver/Src/stm32l4xx_hal_i2c.o
                0x0000000008004914                HAL_I2C_Mem_Read
 .text.HAL_I2C_IsDeviceReady
                0x0000000008004b48      0x20e ./Drivers/STM32L4xx_HAL_Driver/Src/stm32l4xx_hal_i2c.o
                0x0000000008004b48                HAL_I2C_IsDeviceReady
 *fill*         0x0000000008004d56        0x2 
 .text.I2C_RequestMemoryRead
                0x0000000008004d58       0xa8 ./Drivers/STM32L4xx_HAL_Driver/Src/stm32l4xx_hal_i2c.o
 .text.I2C_Flush_TXDR
                0x0000000008004e00       0x48 ./Drivers/STM32L4xx_HAL_Driver/Src/stm32l4xx_hal_i2c.o
 .text.I2C_WaitOnFlagUntilTimeout
                0x0000000008004e48       0x80 ./Drivers/STM32L4xx_HAL_Driver/Src/stm32l4xx_hal_i2c.o
 .text.I2C_WaitOnTXISFlagUntilTimeout
                0x0000000008004ec8       0x80 ./Drivers/STM32L4xx_HAL_Driver/Src/stm32l4xx_hal_i2c.o
 .text.I2C_WaitOnSTOPFlagUntilTimeout
                0x0000000008004f48       0x78 ./Drivers/STM32L4xx_HAL_Driver/Src/stm32l4xx_hal_i2c.o
 .text.I2C_IsErrorOccurred
                0x0000000008004fc0      0x1d8 ./Drivers/STM32L4xx_HAL_Driver/Src/stm32l4xx_hal_i2c.o
 .text.I2C_TransferConfig
                0x0000000008005198       0x64 ./Drivers/STM32L4xx_HAL_Driver/Src/stm32l4xx_hal_i2c.o
 .text.HAL_I2CEx_ConfigAnalogFilter
                0x00000000080051fc       0x96 ./Drivers/STM32L4xx_HAL_Driver/Src/stm32l4xx_hal_i2c_ex.o
                0x00000000080051fc                HAL_I2CEx_ConfigAnalogFilter
 .text.HAL_I2CEx_ConfigDigitalFilter
                0x0000000008005292       0x98 ./Drivers/STM32L4xx_HAL_Driver/Src/stm32l4xx_hal_i2c_ex.o
                0x0000000008005292                HAL_I2CEx_ConfigDigitalFilter
 *fill*         0x000000000800532a        0x2 
 .text.HAL_PWREx_GetVoltageRange
                0x000000000800532c       0x1c ./Drivers/STM32L4xx_HAL_Driver/Src/stm32l4xx_hal_pwr_ex.o
                0x000000000800532c                HAL_PWREx_GetVoltageRange
 .text.HAL_PWREx_ControlVoltageScaling
                0x0000000008005348       0xac ./Drivers/STM32L4xx_HAL_Driver/Src/stm32l4xx_hal_pwr_ex.o
                0x0000000008005348                HAL_PWREx_ControlVoltageScaling
 .text.HAL_RCC_OscConfig
                0x00000000080053f4      0x7b8 ./Drivers/STM32L4xx_HAL_Driver/Src/stm32l4xx_hal_rcc.o
                0x00000000080053f4                HAL_RCC_OscConfig
 .text.HAL_RCC_ClockConfig
                0x0000000008005bac      0x200 ./Drivers/STM32L4xx_HAL_Driver/Src/stm32l4xx_hal_rcc.o
                0x0000000008005bac                HAL_RCC_ClockConfig
 .text.HAL_RCC_GetSysClockFreq
                0x0000000008005dac      0x118 ./Drivers/STM32L4xx_HAL_Driver/Src/stm32l4xx_hal_rcc.o
                0x0000000008005dac                HAL_RCC_GetSysClockFreq
 .text.HAL_RCC_GetHCLKFreq
                0x0000000008005ec4       0x18 ./Drivers/STM32L4xx_HAL_Driver/Src/stm32l4xx_hal_rcc.o
                0x0000000008005ec4                HAL_RCC_GetHCLKFreq
 .text.HAL_RCC_GetPCLK1Freq
                0x0000000008005edc       0x2c ./Drivers/STM32L4xx_HAL_Driver/Src/stm32l4xx_hal_rcc.o
                0x0000000008005edc                HAL_RCC_GetPCLK1Freq
 .text.HAL_RCC_GetPCLK2Freq
                0x0000000008005f08       0x2c ./Drivers/STM32L4xx_HAL_Driver/Src/stm32l4xx_hal_rcc.o
                0x0000000008005f08                HAL_RCC_GetPCLK2Freq
 .text.HAL_RCC_GetClockConfig
                0x0000000008005f34       0x64 ./Drivers/STM32L4xx_HAL_Driver/Src/stm32l4xx_hal_rcc.o
                0x0000000008005f34                HAL_RCC_GetClockConfig
 .text.RCC_SetFlashLatencyFromMSIRange
                0x0000000008005f98       0xc0 ./Drivers/STM32L4xx_HAL_Driver/Src/stm32l4xx_hal_rcc.o
 .text.HAL_RCCEx_PeriphCLKConfig
                0x0000000008006058      0x5d4 ./Drivers/STM32L4xx_HAL_Driver/Src/stm32l4xx_hal_rcc_ex.o
                0x0000000008006058                HAL_RCCEx_PeriphCLKConfig
 .text.RCCEx_PLLSAI1_Config
                0x000000000800662c      0x1e8 ./Drivers/STM32L4xx_HAL_Driver/Src/stm32l4xx_hal_rcc_ex.o
 .text.RCCEx_PLLSAI2_Config
                0x0000000008006814      0x1bc ./Drivers/STM32L4xx_HAL_Driver/Src/stm32l4xx_hal_rcc_ex.o
 .text.HAL_SPI_Init
                0x00000000080069d0      0x146 ./Drivers/STM32L4xx_HAL_Driver/Src/stm32l4xx_hal_spi.o
                0x00000000080069d0                HAL_SPI_Init
 .text.HAL_TIM_Base_Init
                0x0000000008006b16       0xae ./Drivers/STM32L4xx_HAL_Driver/Src/stm32l4xx_hal_tim.o
                0x0000000008006b16                HAL_TIM_Base_Init
 .text.HAL_TIM_Base_MspInit
                0x0000000008006bc4       0x14 ./Drivers/STM32L4xx_HAL_Driver/Src/stm32l4xx_hal_tim.o
                0x0000000008006bc4                HAL_TIM_Base_MspInit
 .text.HAL_TIM_Base_Start_IT
                0x0000000008006bd8       0xe0 ./Drivers/STM32L4xx_HAL_Driver/Src/stm32l4xx_hal_tim.o
                0x0000000008006bd8                HAL_TIM_Base_Start_IT
 .text.HAL_TIM_IRQHandler
                0x0000000008006cb8      0x23e ./Drivers/STM32L4xx_HAL_Driver/Src/stm32l4xx_hal_tim.o
                0x0000000008006cb8                HAL_TIM_IRQHandler
 .text.HAL_TIM_OC_DelayElapsedCallback
                0x0000000008006ef6       0x14 ./Drivers/STM32L4xx_HAL_Driver/Src/stm32l4xx_hal_tim.o
                0x0000000008006ef6                HAL_TIM_OC_DelayElapsedCallback
 .text.HAL_TIM_IC_CaptureCallback
                0x0000000008006f0a       0x14 ./Drivers/STM32L4xx_HAL_Driver/Src/stm32l4xx_hal_tim.o
                0x0000000008006f0a                HAL_TIM_IC_CaptureCallback
 .text.HAL_TIM_PWM_PulseFinishedCallback
                0x0000000008006f1e       0x14 ./Drivers/STM32L4xx_HAL_Driver/Src/stm32l4xx_hal_tim.o
                0x0000000008006f1e                HAL_TIM_PWM_PulseFinishedCallback
 .text.HAL_TIM_TriggerCallback
                0x0000000008006f32       0x14 ./Drivers/STM32L4xx_HAL_Driver/Src/stm32l4xx_hal_tim.o
                0x0000000008006f32                HAL_TIM_TriggerCallback
 *fill*         0x0000000008006f46        0x2 
 .text.TIM_Base_SetConfig
                0x0000000008006f48      0x134 ./Drivers/STM32L4xx_HAL_Driver/Src/stm32l4xx_hal_tim.o
                0x0000000008006f48                TIM_Base_SetConfig
 .text.HAL_TIMEx_CommutCallback
                0x000000000800707c       0x14 ./Drivers/STM32L4xx_HAL_Driver/Src/stm32l4xx_hal_tim_ex.o
                0x000000000800707c                HAL_TIMEx_CommutCallback
 .text.HAL_TIMEx_BreakCallback
                0x0000000008007090       0x14 ./Drivers/STM32L4xx_HAL_Driver/Src/stm32l4xx_hal_tim_ex.o
                0x0000000008007090                HAL_TIMEx_BreakCallback
 .text.HAL_TIMEx_Break2Callback
                0x00000000080070a4       0x14 ./Drivers/STM32L4xx_HAL_Driver/Src/stm32l4xx_hal_tim_ex.o
                0x00000000080070a4                HAL_TIMEx_Break2Callback
 .text.HAL_UART_Init
                0x00000000080070b8       0x9c ./Drivers/STM32L4xx_HAL_Driver/Src/stm32l4xx_hal_uart.o
                0x00000000080070b8                HAL_UART_Init
 .text.HAL_UART_Transmit
                0x0000000008007154      0x128 ./Drivers/STM32L4xx_HAL_Driver/Src/stm32l4xx_hal_uart.o
                0x0000000008007154                HAL_UART_Transmit
 .text.HAL_UART_Receive
                0x000000000800727c      0x1a2 ./Drivers/STM32L4xx_HAL_Driver/Src/stm32l4xx_hal_uart.o
                0x000000000800727c                HAL_UART_Receive
 *fill*         0x000000000800741e        0x2 
 .text.UART_SetConfig
                0x0000000008007420      0x570 ./Drivers/STM32L4xx_HAL_Driver/Src/stm32l4xx_hal_uart.o
                0x0000000008007420                UART_SetConfig
 .text.UART_AdvFeatureConfig
                0x0000000008007990      0x144 ./Drivers/STM32L4xx_HAL_Driver/Src/stm32l4xx_hal_uart.o
                0x0000000008007990                UART_AdvFeatureConfig
 .text.UART_CheckIdleState
                0x0000000008007ad4       0x92 ./Drivers/STM32L4xx_HAL_Driver/Src/stm32l4xx_hal_uart.o
                0x0000000008007ad4                UART_CheckIdleState
 .text.UART_WaitOnFlagUntilTimeout
                0x0000000008007b66      0x188 ./Drivers/STM32L4xx_HAL_Driver/Src/stm32l4xx_hal_uart.o
                0x0000000008007b66                UART_WaitOnFlagUntilTimeout
 .text.makeFreeRtosPriority
                0x0000000008007cee       0x30 ./Middlewares/Third_Party/FreeRTOS/Source/CMSIS_RTOS/cmsis_os.o
 .text.inHandlerMode
                0x0000000008007d1e       0x24 ./Middlewares/Third_Party/FreeRTOS/Source/CMSIS_RTOS/cmsis_os.o
 .text.osKernelStart
                0x0000000008007d42        0xe ./Middlewares/Third_Party/FreeRTOS/Source/CMSIS_RTOS/cmsis_os.o
                0x0000000008007d42                osKernelStart
 .text.osThreadCreate
                0x0000000008007d50       0x98 ./Middlewares/Third_Party/FreeRTOS/Source/CMSIS_RTOS/cmsis_os.o
                0x0000000008007d50                osThreadCreate
 .text.osThreadTerminate
                0x0000000008007de8       0x18 ./Middlewares/Third_Party/FreeRTOS/Source/CMSIS_RTOS/cmsis_os.o
                0x0000000008007de8                osThreadTerminate
 .text.osDelay  0x0000000008007e00       0x28 ./Middlewares/Third_Party/FreeRTOS/Source/CMSIS_RTOS/cmsis_os.o
                0x0000000008007e00                osDelay
 .text.osSignalSet
                0x0000000008007e28       0x80 ./Middlewares/Third_Party/FreeRTOS/Source/CMSIS_RTOS/cmsis_os.o
                0x0000000008007e28                osSignalSet
 .text.osSignalWait
                0x0000000008007ea8       0x98 ./Middlewares/Third_Party/FreeRTOS/Source/CMSIS_RTOS/cmsis_os.o
                0x0000000008007ea8                osSignalWait
 .text.vListInitialise
                0x0000000008007f40       0x40 ./Middlewares/Third_Party/FreeRTOS/Source/list.o
                0x0000000008007f40                vListInitialise
 .text.vListInitialiseItem
                0x0000000008007f80       0x1a ./Middlewares/Third_Party/FreeRTOS/Source/list.o
                0x0000000008007f80                vListInitialiseItem
 .text.vListInsertEnd
                0x0000000008007f9a       0x48 ./Middlewares/Third_Party/FreeRTOS/Source/list.o
                0x0000000008007f9a                vListInsertEnd
 .text.vListInsert
                0x0000000008007fe2       0x72 ./Middlewares/Third_Party/FreeRTOS/Source/list.o
                0x0000000008007fe2                vListInsert
 .text.uxListRemove
                0x0000000008008054       0x54 ./Middlewares/Third_Party/FreeRTOS/Source/list.o
                0x0000000008008054                uxListRemove
 .text.xTaskCreateStatic
                0x00000000080080a8       0xba ./Middlewares/Third_Party/FreeRTOS/Source/tasks.o
                0x00000000080080a8                xTaskCreateStatic
 .text.xTaskCreate
                0x0000000008008162       0x8a ./Middlewares/Third_Party/FreeRTOS/Source/tasks.o
                0x0000000008008162                xTaskCreate
 .text.prvInitialiseNewTask
                0x00000000080081ec      0x13c ./Middlewares/Third_Party/FreeRTOS/Source/tasks.o
 .text.prvAddNewTaskToReadyList
                0x0000000008008328       0xd4 ./Middlewares/Third_Party/FreeRTOS/Source/tasks.o
 .text.vTaskDelete
                0x00000000080083fc      0x120 ./Middlewares/Third_Party/FreeRTOS/Source/tasks.o
                0x00000000080083fc                vTaskDelete
 .text.vTaskDelay
                0x000000000800851c       0x68 ./Middlewares/Third_Party/FreeRTOS/Source/tasks.o
                0x000000000800851c                vTaskDelay
 .text.vTaskStartScheduler
                0x0000000008008584       0xd4 ./Middlewares/Third_Party/FreeRTOS/Source/tasks.o
                0x0000000008008584                vTaskStartScheduler
 .text.vTaskSuspendAll
                0x0000000008008658       0x1c ./Middlewares/Third_Party/FreeRTOS/Source/tasks.o
                0x0000000008008658                vTaskSuspendAll
 .text.xTaskResumeAll
                0x0000000008008674      0x138 ./Middlewares/Third_Party/FreeRTOS/Source/tasks.o
                0x0000000008008674                xTaskResumeAll
 .text.xTaskIncrementTick
                0x00000000080087ac      0x170 ./Middlewares/Third_Party/FreeRTOS/Source/tasks.o
                0x00000000080087ac                xTaskIncrementTick
 .text.vTaskSwitchContext
                0x000000000800891c       0xc4 ./Middlewares/Third_Party/FreeRTOS/Source/tasks.o
                0x000000000800891c                vTaskSwitchContext
 .text.prvIdleTask
                0x00000000080089e0       0x30 ./Middlewares/Third_Party/FreeRTOS/Source/tasks.o
 .text.prvInitialiseTaskLists
                0x0000000008008a10       0x80 ./Middlewares/Third_Party/FreeRTOS/Source/tasks.o
 .text.prvCheckTasksWaitingTermination
                0x0000000008008a90       0x5c ./Middlewares/Third_Party/FreeRTOS/Source/tasks.o
 .text.prvDeleteTCB
                0x0000000008008aec       0x68 ./Middlewares/Third_Party/FreeRTOS/Source/tasks.o
 .text.prvResetNextTaskUnblockTime
                0x0000000008008b54       0x40 ./Middlewares/Third_Party/FreeRTOS/Source/tasks.o
 .text.xTaskNotifyWait
                0x0000000008008b94       0xc0 ./Middlewares/Third_Party/FreeRTOS/Source/tasks.o
                0x0000000008008b94                xTaskNotifyWait
 .text.xTaskGenericNotify
                0x0000000008008c54      0x17c ./Middlewares/Third_Party/FreeRTOS/Source/tasks.o
                0x0000000008008c54                xTaskGenericNotify
 .text.xTaskGenericNotifyFromISR
                0x0000000008008dd0      0x1c8 ./Middlewares/Third_Party/FreeRTOS/Source/tasks.o
                0x0000000008008dd0                xTaskGenericNotifyFromISR
 .text.prvAddCurrentTaskToDelayedList
                0x0000000008008f98       0xcc ./Middlewares/Third_Party/FreeRTOS/Source/tasks.o
 .text.pxPortInitialiseStack
                0x0000000008009064       0x68 ./Middlewares/Third_Party/FreeRTOS/Source/portable/GCC/ARM_CM4F/port.o
                0x0000000008009064                pxPortInitialiseStack
 .text.prvTaskExitError
                0x00000000080090cc       0x58 ./Middlewares/Third_Party/FreeRTOS/Source/portable/GCC/ARM_CM4F/port.o
 *fill*         0x0000000008009124        0xc 
 .text.SVC_Handler
                0x0000000008009130       0x28 ./Middlewares/Third_Party/FreeRTOS/Source/portable/GCC/ARM_CM4F/port.o
                0x0000000008009130                SVC_Handler
 .text.prvPortStartFirstTask
                0x0000000008009158       0x28 ./Middlewares/Third_Party/FreeRTOS/Source/portable/GCC/ARM_CM4F/port.o
 .text.xPortStartScheduler
                0x0000000008009180      0x144 ./Middlewares/Third_Party/FreeRTOS/Source/portable/GCC/ARM_CM4F/port.o
                0x0000000008009180                xPortStartScheduler
 .text.vPortEnterCritical
                0x00000000080092c4       0x60 ./Middlewares/Third_Party/FreeRTOS/Source/portable/GCC/ARM_CM4F/port.o
                0x00000000080092c4                vPortEnterCritical
 .text.vPortExitCritical
                0x0000000008009324       0x54 ./Middlewares/Third_Party/FreeRTOS/Source/portable/GCC/ARM_CM4F/port.o
                0x0000000008009324                vPortExitCritical
 *fill*         0x0000000008009378        0x8 
 .text.PendSV_Handler
                0x0000000008009380       0x68 ./Middlewares/Third_Party/FreeRTOS/Source/portable/GCC/ARM_CM4F/port.o
                0x0000000008009380                PendSV_Handler
 .text.SysTick_Handler
                0x00000000080093e8       0x44 ./Middlewares/Third_Party/FreeRTOS/Source/portable/GCC/ARM_CM4F/port.o
                0x00000000080093e8                SysTick_Handler
 .text.vPortSetupTimerInterrupt
                0x000000000800942c       0x48 ./Middlewares/Third_Party/FreeRTOS/Source/portable/GCC/ARM_CM4F/port.o
                0x000000000800942c                vPortSetupTimerInterrupt
 .text.vPortEnableVFP
                0x0000000008009474       0x14 ./Middlewares/Third_Party/FreeRTOS/Source/portable/GCC/ARM_CM4F/port.o
 .text.vPortValidateInterruptPriority
                0x0000000008009488       0x80 ./Middlewares/Third_Party/FreeRTOS/Source/portable/GCC/ARM_CM4F/port.o
                0x0000000008009488                vPortValidateInterruptPriority
 .text.pvPortMalloc
                0x0000000008009508      0x198 ./Middlewares/Third_Party/FreeRTOS/Source/portable/MemMang/heap_4.o
                0x0000000008009508                pvPortMalloc
 .text.vPortFree
                0x00000000080096a0       0xc4 ./Middlewares/Third_Party/FreeRTOS/Source/portable/MemMang/heap_4.o
                0x00000000080096a0                vPortFree
 .text.prvHeapInit
                0x0000000008009764       0xc4 ./Middlewares/Third_Party/FreeRTOS/Source/portable/MemMang/heap_4.o
 .text.prvInsertBlockIntoFreeList
                0x0000000008009828       0xb4 ./Middlewares/Third_Party/FreeRTOS/Source/portable/MemMang/heap_4.o
 .text.__errno  0x00000000080098dc        0xc /opt/stm32cubeide/plugins/com.st.stm32cube.ide.mcu.externaltools.gnu-tools-for-stm32.10.3-2021.10.linux64_1.0.0.202111181127/tools/bin/../lib/gcc/arm-none-eabi/10.3.1/../../../../arm-none-eabi/lib/thumb/v7e-m+fp/hard/libc_nano.a(lib_a-errno.o)
                0x00000000080098dc                __errno
 .text.__libc_init_array
                0x00000000080098e8       0x48 /opt/stm32cubeide/plugins/com.st.stm32cube.ide.mcu.externaltools.gnu-tools-for-stm32.10.3-2021.10.linux64_1.0.0.202111181127/tools/bin/../lib/gcc/arm-none-eabi/10.3.1/../../../../arm-none-eabi/lib/thumb/v7e-m+fp/hard/libc_nano.a(lib_a-init.o)
                0x00000000080098e8                __libc_init_array
 .text.__retarget_lock_acquire_recursive
                0x0000000008009930        0x2 /opt/stm32cubeide/plugins/com.st.stm32cube.ide.mcu.externaltools.gnu-tools-for-stm32.10.3-2021.10.linux64_1.0.0.202111181127/tools/bin/../lib/gcc/arm-none-eabi/10.3.1/../../../../arm-none-eabi/lib/thumb/v7e-m+fp/hard/libc_nano.a(lib_a-lock.o)
                0x0000000008009930                __retarget_lock_acquire_recursive
 .text.__retarget_lock_release_recursive
                0x0000000008009932        0x2 /opt/stm32cubeide/plugins/com.st.stm32cube.ide.mcu.externaltools.gnu-tools-for-stm32.10.3-2021.10.linux64_1.0.0.202111181127/tools/bin/../lib/gcc/arm-none-eabi/10.3.1/../../../../arm-none-eabi/lib/thumb/v7e-m+fp/hard/libc_nano.a(lib_a-lock.o)
                0x0000000008009932                __retarget_lock_release_recursive
 .text.memcpy   0x0000000008009934       0x1c /opt/stm32cubeide/plugins/com.st.stm32cube.ide.mcu.externaltools.gnu-tools-for-stm32.10.3-2021.10.linux64_1.0.0.202111181127/tools/bin/../lib/gcc/arm-none-eabi/10.3.1/../../../../arm-none-eabi/lib/thumb/v7e-m+fp/hard/libc_nano.a(lib_a-memcpy-stub.o)
                0x0000000008009934                memcpy
 .text.memset   0x0000000008009950       0x10 /opt/stm32cubeide/plugins/com.st.stm32cube.ide.mcu.externaltools.gnu-tools-for-stm32.10.3-2021.10.linux64_1.0.0.202111181127/tools/bin/../lib/gcc/arm-none-eabi/10.3.1/../../../../arm-none-eabi/lib/thumb/v7e-m+fp/hard/libc_nano.a(lib_a-memset.o)
                0x0000000008009950                memset
 .text.sbrk_aligned
                0x0000000008009960       0x40 /opt/stm32cubeide/plugins/com.st.stm32cube.ide.mcu.externaltools.gnu-tools-for-stm32.10.3-2021.10.linux64_1.0.0.202111181127/tools/bin/../lib/gcc/arm-none-eabi/10.3.1/../../../../arm-none-eabi/lib/thumb/v7e-m+fp/hard/libc_nano.a(lib_a-nano-mallocr.o)
 .text._malloc_r
                0x00000000080099a0       0xe8 /opt/stm32cubeide/plugins/com.st.stm32cube.ide.mcu.externaltools.gnu-tools-for-stm32.10.3-2021.10.linux64_1.0.0.202111181127/tools/bin/../lib/gcc/arm-none-eabi/10.3.1/../../../../arm-none-eabi/lib/thumb/v7e-m+fp/hard/libc_nano.a(lib_a-nano-mallocr.o)
                0x00000000080099a0                _malloc_r
 .text.cleanup_glue
                0x0000000008009a88       0x1a /opt/stm32cubeide/plugins/com.st.stm32cube.ide.mcu.externaltools.gnu-tools-for-stm32.10.3-2021.10.linux64_1.0.0.202111181127/tools/bin/../lib/gcc/arm-none-eabi/10.3.1/../../../../arm-none-eabi/lib/thumb/v7e-m+fp/hard/libc_nano.a(lib_a-reent.o)
                0x0000000008009a88                cleanup_glue
 *fill*         0x0000000008009aa2        0x2 
 .text._reclaim_reent
                0x0000000008009aa4       0xb8 /opt/stm32cubeide/plugins/com.st.stm32cube.ide.mcu.externaltools.gnu-tools-for-stm32.10.3-2021.10.linux64_1.0.0.202111181127/tools/bin/../lib/gcc/arm-none-eabi/10.3.1/../../../../arm-none-eabi/lib/thumb/v7e-m+fp/hard/libc_nano.a(lib_a-reent.o)
                0x0000000008009aa4                _reclaim_reent
 .text._sbrk_r  0x0000000008009b5c       0x20 /opt/stm32cubeide/plugins/com.st.stm32cube.ide.mcu.externaltools.gnu-tools-for-stm32.10.3-2021.10.linux64_1.0.0.202111181127/tools/bin/../lib/gcc/arm-none-eabi/10.3.1/../../../../arm-none-eabi/lib/thumb/v7e-m+fp/hard/libc_nano.a(lib_a-sbrkr.o)
                0x0000000008009b5c                _sbrk_r
 .text.sprintf  0x0000000008009b7c       0x40 /opt/stm32cubeide/plugins/com.st.stm32cube.ide.mcu.externaltools.gnu-tools-for-stm32.10.3-2021.10.linux64_1.0.0.202111181127/tools/bin/../lib/gcc/arm-none-eabi/10.3.1/../../../../arm-none-eabi/lib/thumb/v7e-m+fp/hard/libc_nano.a(lib_a-sprintf.o)
                0x0000000008009b7c                sprintf
                0x0000000008009b7c                siprintf
 .text.__malloc_lock
                0x0000000008009bbc        0xc /opt/stm32cubeide/plugins/com.st.stm32cube.ide.mcu.externaltools.gnu-tools-for-stm32.10.3-2021.10.linux64_1.0.0.202111181127/tools/bin/../lib/gcc/arm-none-eabi/10.3.1/../../../../arm-none-eabi/lib/thumb/v7e-m+fp/hard/libc_nano.a(lib_a-mlock.o)
                0x0000000008009bbc                __malloc_lock
 .text.__malloc_unlock
                0x0000000008009bc8        0xc /opt/stm32cubeide/plugins/com.st.stm32cube.ide.mcu.externaltools.gnu-tools-for-stm32.10.3-2021.10.linux64_1.0.0.202111181127/tools/bin/../lib/gcc/arm-none-eabi/10.3.1/../../../../arm-none-eabi/lib/thumb/v7e-m+fp/hard/libc_nano.a(lib_a-mlock.o)
                0x0000000008009bc8                __malloc_unlock
 .text._free_r  0x0000000008009bd4       0x98 /opt/stm32cubeide/plugins/com.st.stm32cube.ide.mcu.externaltools.gnu-tools-for-stm32.10.3-2021.10.linux64_1.0.0.202111181127/tools/bin/../lib/gcc/arm-none-eabi/10.3.1/../../../../arm-none-eabi/lib/thumb/v7e-m+fp/hard/libc_nano.a(lib_a-nano-freer.o)
                0x0000000008009bd4                _free_r
 .text.__ssputs_r
                0x0000000008009c6c       0xb6 /opt/stm32cubeide/plugins/com.st.stm32cube.ide.mcu.externaltools.gnu-tools-for-stm32.10.3-2021.10.linux64_1.0.0.202111181127/tools/bin/../lib/gcc/arm-none-eabi/10.3.1/../../../../arm-none-eabi/lib/thumb/v7e-m+fp/hard/libc_nano.a(lib_a-nano-svfprintf.o)
                0x0000000008009c6c                __ssputs_r
 *fill*         0x0000000008009d22        0x2 
 .text._svfprintf_r
                0x0000000008009d24      0x200 /opt/stm32cubeide/plugins/com.st.stm32cube.ide.mcu.externaltools.gnu-tools-for-stm32.10.3-2021.10.linux64_1.0.0.202111181127/tools/bin/../lib/gcc/arm-none-eabi/10.3.1/../../../../arm-none-eabi/lib/thumb/v7e-m+fp/hard/libc_nano.a(lib_a-nano-svfprintf.o)
                0x0000000008009d24                _svfprintf_r
                0x0000000008009d24                _svfiprintf_r
 .text._printf_common
                0x0000000008009f24       0xda /opt/stm32cubeide/plugins/com.st.stm32cube.ide.mcu.externaltools.gnu-tools-for-stm32.10.3-2021.10.linux64_1.0.0.202111181127/tools/bin/../lib/gcc/arm-none-eabi/10.3.1/../../../../arm-none-eabi/lib/thumb/v7e-m+fp/hard/libc_nano.a(lib_a-nano-vfprintf_i.o)
                0x0000000008009f24                _printf_common
 *fill*         0x0000000008009ffe        0x2 
 .text._printf_i
                0x000000000800a000      0x24c /opt/stm32cubeide/plugins/com.st.stm32cube.ide.mcu.externaltools.gnu-tools-for-stm32.10.3-2021.10.linux64_1.0.0.202111181127/tools/bin/../lib/gcc/arm-none-eabi/10.3.1/../../../../arm-none-eabi/lib/thumb/v7e-m+fp/hard/libc_nano.a(lib_a-nano-vfprintf_i.o)
                0x000000000800a000                _printf_i
 .text.memmove  0x000000000800a24c       0x34 /opt/stm32cubeide/plugins/com.st.stm32cube.ide.mcu.externaltools.gnu-tools-for-stm32.10.3-2021.10.linux64_1.0.0.202111181127/tools/bin/../lib/gcc/arm-none-eabi/10.3.1/../../../../arm-none-eabi/lib/thumb/v7e-m+fp/hard/libc_nano.a(lib_a-memmove.o)
                0x000000000800a24c                memmove
 .text._realloc_r
                0x000000000800a280       0x5e /opt/stm32cubeide/plugins/com.st.stm32cube.ide.mcu.externaltools.gnu-tools-for-stm32.10.3-2021.10.linux64_1.0.0.202111181127/tools/bin/../lib/gcc/arm-none-eabi/10.3.1/../../../../arm-none-eabi/lib/thumb/v7e-m+fp/hard/libc_nano.a(lib_a-nano-reallocr.o)
                0x000000000800a280                _realloc_r
 .text._malloc_usable_size_r
                0x000000000800a2de       0x10 /opt/stm32cubeide/plugins/com.st.stm32cube.ide.mcu.externaltools.gnu-tools-for-stm32.10.3-2021.10.linux64_1.0.0.202111181127/tools/bin/../lib/gcc/arm-none-eabi/10.3.1/../../../../arm-none-eabi/lib/thumb/v7e-m+fp/hard/libc_nano.a(lib_a-nano-msizer.o)
                0x000000000800a2de                _malloc_usable_size_r
 *(.glue_7)
 .glue_7        0x000000000800a2ee        0x0 linker stubs
 *(.glue_7t)
 .glue_7t       0x000000000800a2ee        0x0 linker stubs
 *(.eh_frame)
 *fill*         0x000000000800a2ee        0x2 
 .eh_frame      0x000000000800a2f0        0x0 /opt/stm32cubeide/plugins/com.st.stm32cube.ide.mcu.externaltools.gnu-tools-for-stm32.10.3-2021.10.linux64_1.0.0.202111181127/tools/bin/../lib/gcc/arm-none-eabi/10.3.1/thumb/v7e-m+fp/hard/crtbegin.o
 *(.init)
 .init          0x000000000800a2f0        0x4 /opt/stm32cubeide/plugins/com.st.stm32cube.ide.mcu.externaltools.gnu-tools-for-stm32.10.3-2021.10.linux64_1.0.0.202111181127/tools/bin/../lib/gcc/arm-none-eabi/10.3.1/thumb/v7e-m+fp/hard/crti.o
                0x000000000800a2f0                _init
 .init          0x000000000800a2f4        0x8 /opt/stm32cubeide/plugins/com.st.stm32cube.ide.mcu.externaltools.gnu-tools-for-stm32.10.3-2021.10.linux64_1.0.0.202111181127/tools/bin/../lib/gcc/arm-none-eabi/10.3.1/thumb/v7e-m+fp/hard/crtn.o
 *(.fini)
 .fini          0x000000000800a2fc        0x4 /opt/stm32cubeide/plugins/com.st.stm32cube.ide.mcu.externaltools.gnu-tools-for-stm32.10.3-2021.10.linux64_1.0.0.202111181127/tools/bin/../lib/gcc/arm-none-eabi/10.3.1/thumb/v7e-m+fp/hard/crti.o
                0x000000000800a2fc                _fini
 .fini          0x000000000800a300        0x8 /opt/stm32cubeide/plugins/com.st.stm32cube.ide.mcu.externaltools.gnu-tools-for-stm32.10.3-2021.10.linux64_1.0.0.202111181127/tools/bin/../lib/gcc/arm-none-eabi/10.3.1/thumb/v7e-m+fp/hard/crtn.o
                0x000000000800a308                . = ALIGN (0x4)
                0x000000000800a308                _etext = .

.vfp11_veneer   0x000000000800a308        0x0
 .vfp11_veneer  0x000000000800a308        0x0 linker stubs

.v4_bx          0x000000000800a308        0x0
 .v4_bx         0x000000000800a308        0x0 linker stubs

.iplt           0x000000000800a308        0x0
 .iplt          0x000000000800a308        0x0 /opt/stm32cubeide/plugins/com.st.stm32cube.ide.mcu.externaltools.gnu-tools-for-stm32.10.3-2021.10.linux64_1.0.0.202111181127/tools/bin/../lib/gcc/arm-none-eabi/10.3.1/thumb/v7e-m+fp/hard/crtbegin.o

.rodata         0x000000000800a308    0x910a0
                0x000000000800a308                . = ALIGN (0x4)
 *(.rodata)
 .rodata        0x000000000800a308      0x108 ./Core/Src/main.o
 .rodata        0x000000000800a410       0xe8 ./Core/Src/screens/DeviceTestScreen.o
 .rodata        0x000000000800a4f8       0xe0 ./Core/Src/screens/HomeScreen.o
 .rodata        0x000000000800a5d8        0x5 ./Middlewares/Third_Party/FreeRTOS/Source/tasks.o
 *(.rodata*)
 *fill*         0x000000000800a5dd        0x3 
 .rodata.FontLarge
                0x000000000800a5e0      0x4d3 ./Core/Src/drivers/ILI9488.o
                0x000000000800a5e0                FontLarge
 *fill*         0x000000000800aab3        0x1 
 .rodata.AHBPrescTable
                0x000000000800aab4       0x10 ./Core/Src/system_stm32l4xx.o
                0x000000000800aab4                AHBPrescTable
 .rodata.APBPrescTable
                0x000000000800aac4        0x8 ./Core/Src/system_stm32l4xx.o
                0x000000000800aac4                APBPrescTable
 .rodata.MSIRangeTable
                0x000000000800aacc       0x30 ./Core/Src/system_stm32l4xx.o
                0x000000000800aacc                MSIRangeTable
 .rodata.dayName
                0x000000000800aafc       0x46 ./Core/Src/screens/DeviceTestScreen.o
 *fill*         0x000000000800ab42        0x2 
 .rodata.loading1
                0x000000000800ab44     0x1008 ./Core/Src/screens/DeviceTestScreen.o
 .rodata.loading2
                0x000000000800bb4c     0x1008 ./Core/Src/screens/DeviceTestScreen.o
 .rodata.loading3
                0x000000000800cb54     0x1008 ./Core/Src/screens/DeviceTestScreen.o
 .rodata.dayName
                0x000000000800db5c       0x46 ./Core/Src/screens/HomeScreen.o
 *fill*         0x000000000800dba2        0x2 
 .rodata.num_0  0x000000000800dba4     0x4008 ./Core/Src/screens/HomeScreen.o
 .rodata.num_1  0x0000000008011bac     0x4008 ./Core/Src/screens/HomeScreen.o
 .rodata.num_2  0x0000000008015bb4     0x4008 ./Core/Src/screens/HomeScreen.o
 .rodata.num_3  0x0000000008019bbc     0x4008 ./Core/Src/screens/HomeScreen.o
 .rodata.num_4  0x000000000801dbc4     0x4008 ./Core/Src/screens/HomeScreen.o
 .rodata.num_5  0x0000000008021bcc     0x4008 ./Core/Src/screens/HomeScreen.o
 .rodata.num_6  0x0000000008025bd4     0x4008 ./Core/Src/screens/HomeScreen.o
 .rodata.num_7  0x0000000008029bdc     0x4008 ./Core/Src/screens/HomeScreen.o
 .rodata.num_8  0x000000000802dbe4     0x4008 ./Core/Src/screens/HomeScreen.o
 .rodata.num_9  0x0000000008031bec     0x4008 ./Core/Src/screens/HomeScreen.o
 .rodata.sse    0x0000000008035bf4    0x62708 ./Core/Src/screens/HomeScreen.o
 .rodata.loading1
                0x00000000080982fc     0x1008 ./Core/Src/screens/HomeScreen.o
 .rodata.loading2
                0x0000000008099304     0x1008 ./Core/Src/screens/HomeScreen.o
 .rodata.loading3
                0x000000000809a30c     0x1008 ./Core/Src/screens/HomeScreen.o
 .rodata.__sf_fake_stderr
                0x000000000809b314       0x20 /opt/stm32cubeide/plugins/com.st.stm32cube.ide.mcu.externaltools.gnu-tools-for-stm32.10.3-2021.10.linux64_1.0.0.202111181127/tools/bin/../lib/gcc/arm-none-eabi/10.3.1/../../../../arm-none-eabi/lib/thumb/v7e-m+fp/hard/libc_nano.a(lib_a-findfp.o)
                0x000000000809b314                __sf_fake_stderr
 .rodata.__sf_fake_stdin
                0x000000000809b334       0x20 /opt/stm32cubeide/plugins/com.st.stm32cube.ide.mcu.externaltools.gnu-tools-for-stm32.10.3-2021.10.linux64_1.0.0.202111181127/tools/bin/../lib/gcc/arm-none-eabi/10.3.1/../../../../arm-none-eabi/lib/thumb/v7e-m+fp/hard/libc_nano.a(lib_a-findfp.o)
                0x000000000809b334                __sf_fake_stdin
 .rodata.__sf_fake_stdout
                0x000000000809b354       0x20 /opt/stm32cubeide/plugins/com.st.stm32cube.ide.mcu.externaltools.gnu-tools-for-stm32.10.3-2021.10.linux64_1.0.0.202111181127/tools/bin/../lib/gcc/arm-none-eabi/10.3.1/../../../../arm-none-eabi/lib/thumb/v7e-m+fp/hard/libc_nano.a(lib_a-findfp.o)
                0x000000000809b354                __sf_fake_stdout
 .rodata._svfprintf_r.str1.1
                0x000000000809b374       0x11 /opt/stm32cubeide/plugins/com.st.stm32cube.ide.mcu.externaltools.gnu-tools-for-stm32.10.3-2021.10.linux64_1.0.0.202111181127/tools/bin/../lib/gcc/arm-none-eabi/10.3.1/../../../../arm-none-eabi/lib/thumb/v7e-m+fp/hard/libc_nano.a(lib_a-nano-svfprintf.o)
 .rodata._printf_i.str1.1
                0x000000000809b385       0x22 /opt/stm32cubeide/plugins/com.st.stm32cube.ide.mcu.externaltools.gnu-tools-for-stm32.10.3-2021.10.linux64_1.0.0.202111181127/tools/bin/../lib/gcc/arm-none-eabi/10.3.1/../../../../arm-none-eabi/lib/thumb/v7e-m+fp/hard/libc_nano.a(lib_a-nano-vfprintf_i.o)
                0x000000000809b3a8                . = ALIGN (0x4)
 *fill*         0x000000000809b3a7        0x1 

.ARM.extab      0x000000000809b3a8        0x0
                0x000000000809b3a8                . = ALIGN (0x4)
 *(.ARM.extab* .gnu.linkonce.armextab.*)
                0x000000000809b3a8                . = ALIGN (0x4)

.ARM            0x000000000809b3a8        0x8
                0x000000000809b3a8                . = ALIGN (0x4)
                0x000000000809b3a8                __exidx_start = .
 *(.ARM.exidx*)
 .ARM.exidx     0x000000000809b3a8        0x8 /opt/stm32cubeide/plugins/com.st.stm32cube.ide.mcu.externaltools.gnu-tools-for-stm32.10.3-2021.10.linux64_1.0.0.202111181127/tools/bin/../lib/gcc/arm-none-eabi/10.3.1/thumb/v7e-m+fp/hard/libgcc.a(_udivmoddi4.o)
                0x000000000809b3b0                __exidx_end = .
                0x000000000809b3b0                . = ALIGN (0x4)

.rel.dyn        0x000000000809b3b0        0x0
 .rel.iplt      0x000000000809b3b0        0x0 /opt/stm32cubeide/plugins/com.st.stm32cube.ide.mcu.externaltools.gnu-tools-for-stm32.10.3-2021.10.linux64_1.0.0.202111181127/tools/bin/../lib/gcc/arm-none-eabi/10.3.1/thumb/v7e-m+fp/hard/crtbegin.o

.preinit_array  0x000000000809b3b0        0x0
                0x000000000809b3b0                . = ALIGN (0x4)
                0x000000000809b3b0                PROVIDE (__preinit_array_start = .)
 *(.preinit_array*)
                0x000000000809b3b0                PROVIDE (__preinit_array_end = .)
                0x000000000809b3b0                . = ALIGN (0x4)

.init_array     0x000000000809b3b0        0x4
                0x000000000809b3b0                . = ALIGN (0x4)
                0x000000000809b3b0                PROVIDE (__init_array_start = .)
 *(SORT_BY_NAME(.init_array.*))
 *(.init_array*)
 .init_array    0x000000000809b3b0        0x4 /opt/stm32cubeide/plugins/com.st.stm32cube.ide.mcu.externaltools.gnu-tools-for-stm32.10.3-2021.10.linux64_1.0.0.202111181127/tools/bin/../lib/gcc/arm-none-eabi/10.3.1/thumb/v7e-m+fp/hard/crtbegin.o
                0x000000000809b3b4                PROVIDE (__init_array_end = .)
                0x000000000809b3b4                . = ALIGN (0x4)

.fini_array     0x000000000809b3b4        0x4
                0x000000000809b3b4                . = ALIGN (0x4)
                [!provide]                        PROVIDE (__fini_array_start = .)
 *(SORT_BY_NAME(.fini_array.*))
 *(.fini_array*)
 .fini_array    0x000000000809b3b4        0x4 /opt/stm32cubeide/plugins/com.st.stm32cube.ide.mcu.externaltools.gnu-tools-for-stm32.10.3-2021.10.linux64_1.0.0.202111181127/tools/bin/../lib/gcc/arm-none-eabi/10.3.1/thumb/v7e-m+fp/hard/crtbegin.o
                [!provide]                        PROVIDE (__fini_array_end = .)
                0x000000000809b3b8                . = ALIGN (0x4)
                0x000000000809b3b8                _sidata = LOADADDR (.data)

.data           0x0000000020000000     0x4098 load address 0x000000000809b3b8
                0x0000000020000000                . = ALIGN (0x4)
                0x0000000020000000                _sdata = .
 *(.data)
 *(.data*)
 .data.BGColour
                0x0000000020000000        0x2 ./Core/Src/drivers/DisplayManager.o
                0x0000000020000000                BGColour
 *fill*         0x0000000020000002        0x2 
 .data.SystemCoreClock
                0x0000000020000004        0x4 ./Core/Src/system_stm32l4xx.o
                0x0000000020000004                SystemCoreClock
 .data.myAnimation
                0x0000000020000008        0xc ./Core/Src/screens/DeviceTestScreen.o
 .data.colon    0x0000000020000014     0x4008 ./Core/Src/screens/HomeScreen.o
                0x0000000020000014                colon
 .data.myAnimation
                0x000000002000401c        0xc ./Core/Src/screens/HomeScreen.o
 .data.uwTickPrio
                0x0000000020004028        0x4 ./Drivers/STM32L4xx_HAL_Driver/Src/stm32l4xx_hal.o
                0x0000000020004028                uwTickPrio
 .data.uwTickFreq
                0x000000002000402c        0x1 ./Drivers/STM32L4xx_HAL_Driver/Src/stm32l4xx_hal.o
                0x000000002000402c                uwTickFreq
 *fill*         0x000000002000402d        0x3 
 .data.uxCriticalNesting
                0x0000000020004030        0x4 ./Middlewares/Third_Party/FreeRTOS/Source/portable/GCC/ARM_CM4F/port.o
 .data._impure_ptr
                0x0000000020004034        0x4 /opt/stm32cubeide/plugins/com.st.stm32cube.ide.mcu.externaltools.gnu-tools-for-stm32.10.3-2021.10.linux64_1.0.0.202111181127/tools/bin/../lib/gcc/arm-none-eabi/10.3.1/../../../../arm-none-eabi/lib/thumb/v7e-m+fp/hard/libc_nano.a(lib_a-impure.o)
                0x0000000020004034                _impure_ptr
 .data.impure_data
                0x0000000020004038       0x60 /opt/stm32cubeide/plugins/com.st.stm32cube.ide.mcu.externaltools.gnu-tools-for-stm32.10.3-2021.10.linux64_1.0.0.202111181127/tools/bin/../lib/gcc/arm-none-eabi/10.3.1/../../../../arm-none-eabi/lib/thumb/v7e-m+fp/hard/libc_nano.a(lib_a-impure.o)
 *(.RamFunc)
 *(.RamFunc*)
                0x0000000020004098                . = ALIGN (0x4)
                0x0000000020004098                _edata = .

.igot.plt       0x0000000020004098        0x0 load address 0x000000000809f450
 .igot.plt      0x0000000020004098        0x0 /opt/stm32cubeide/plugins/com.st.stm32cube.ide.mcu.externaltools.gnu-tools-for-stm32.10.3-2021.10.linux64_1.0.0.202111181127/tools/bin/../lib/gcc/arm-none-eabi/10.3.1/thumb/v7e-m+fp/hard/crtbegin.o
                0x0000000020004098                . = ALIGN (0x4)

.bss            0x0000000020004098     0x5e20 load address 0x000000000809f450
                0x0000000020004098                _sbss = .
                0x0000000020004098                __bss_start__ = _sbss
 *(.bss)
 .bss           0x0000000020004098       0x1c /opt/stm32cubeide/plugins/com.st.stm32cube.ide.mcu.externaltools.gnu-tools-for-stm32.10.3-2021.10.linux64_1.0.0.202111181127/tools/bin/../lib/gcc/arm-none-eabi/10.3.1/thumb/v7e-m+fp/hard/crtbegin.o
 *(.bss*)
 .bss.elements  0x00000000200040b4      0xa00 ./Core/Src/drivers/DisplayManager.o
                0x00000000200040b4                elements
 .bss.numElements
                0x0000000020004ab4        0x4 ./Core/Src/drivers/DisplayManager.o
                0x0000000020004ab4                numElements
 .bss.previously_touched_element
                0x0000000020004ab8        0x4 ./Core/Src/drivers/DisplayManager.o
                0x0000000020004ab8                previously_touched_element
 .bss.xIdleTaskTCBBuffer
                0x0000000020004abc       0xb4 ./Core/Src/freertos.o
 .bss.xIdleStack
                0x0000000020004b70      0x200 ./Core/Src/freertos.o
 .bss.hcrc      0x0000000020004d70       0x24 ./Core/Src/main.o
                0x0000000020004d70                hcrc
 .bss.hi2c1     0x0000000020004d94       0x54 ./Core/Src/main.o
                0x0000000020004d94                hi2c1
 .bss.hspi1     0x0000000020004de8       0x64 ./Core/Src/main.o
                0x0000000020004de8                hspi1
 .bss.huart1    0x0000000020004e4c       0x84 ./Core/Src/main.o
                0x0000000020004e4c                huart1
 .bss.defaultTaskHandle
                0x0000000020004ed0        0x4 ./Core/Src/main.o
                0x0000000020004ed0                defaultTaskHandle
 .bss.currentScreenHandle
                0x0000000020004ed4        0x4 ./Core/Src/main.o
                0x0000000020004ed4                currentScreenHandle
 .bss.changeScreenTaskHandle
                0x0000000020004ed8        0x4 ./Core/Src/main.o
                0x0000000020004ed8                changeScreenTaskHandle
 .bss.touchTaskHandle
                0x0000000020004edc        0x4 ./Core/Src/main.o
                0x0000000020004edc                touchTaskHandle
 .bss.htim1     0x0000000020004ee0       0x4c ./Core/Src/stm32l4xx_hal_timebase_tim.o
                0x0000000020004ee0                htim1
 .bss.__sbrk_heap_end
                0x0000000020004f2c        0x4 ./Core/Src/sysmem.o
 .bss.uwTick    0x0000000020004f30        0x4 ./Drivers/STM32L4xx_HAL_Driver/Src/stm32l4xx_hal.o
                0x0000000020004f30                uwTick
 .bss.pxCurrentTCB
                0x0000000020004f34        0x4 ./Middlewares/Third_Party/FreeRTOS/Source/tasks.o
                0x0000000020004f34                pxCurrentTCB
 .bss.pxReadyTasksLists
                0x0000000020004f38       0x8c ./Middlewares/Third_Party/FreeRTOS/Source/tasks.o
 .bss.xDelayedTaskList1
                0x0000000020004fc4       0x14 ./Middlewares/Third_Party/FreeRTOS/Source/tasks.o
 .bss.xDelayedTaskList2
                0x0000000020004fd8       0x14 ./Middlewares/Third_Party/FreeRTOS/Source/tasks.o
 .bss.pxDelayedTaskList
                0x0000000020004fec        0x4 ./Middlewares/Third_Party/FreeRTOS/Source/tasks.o
 .bss.pxOverflowDelayedTaskList
                0x0000000020004ff0        0x4 ./Middlewares/Third_Party/FreeRTOS/Source/tasks.o
 .bss.xPendingReadyList
                0x0000000020004ff4       0x14 ./Middlewares/Third_Party/FreeRTOS/Source/tasks.o
 .bss.xTasksWaitingTermination
                0x0000000020005008       0x14 ./Middlewares/Third_Party/FreeRTOS/Source/tasks.o
 .bss.uxDeletedTasksWaitingCleanUp
                0x000000002000501c        0x4 ./Middlewares/Third_Party/FreeRTOS/Source/tasks.o
 .bss.xSuspendedTaskList
                0x0000000020005020       0x14 ./Middlewares/Third_Party/FreeRTOS/Source/tasks.o
 .bss.uxCurrentNumberOfTasks
                0x0000000020005034        0x4 ./Middlewares/Third_Party/FreeRTOS/Source/tasks.o
 .bss.xTickCount
                0x0000000020005038        0x4 ./Middlewares/Third_Party/FreeRTOS/Source/tasks.o
 .bss.uxTopReadyPriority
                0x000000002000503c        0x4 ./Middlewares/Third_Party/FreeRTOS/Source/tasks.o
 .bss.xSchedulerRunning
                0x0000000020005040        0x4 ./Middlewares/Third_Party/FreeRTOS/Source/tasks.o
 .bss.xPendedTicks
                0x0000000020005044        0x4 ./Middlewares/Third_Party/FreeRTOS/Source/tasks.o
 .bss.xYieldPending
                0x0000000020005048        0x4 ./Middlewares/Third_Party/FreeRTOS/Source/tasks.o
 .bss.xNumOfOverflows
                0x000000002000504c        0x4 ./Middlewares/Third_Party/FreeRTOS/Source/tasks.o
 .bss.uxTaskNumber
                0x0000000020005050        0x4 ./Middlewares/Third_Party/FreeRTOS/Source/tasks.o
 .bss.xNextTaskUnblockTime
                0x0000000020005054        0x4 ./Middlewares/Third_Party/FreeRTOS/Source/tasks.o
 .bss.xIdleTaskHandle
                0x0000000020005058        0x4 ./Middlewares/Third_Party/FreeRTOS/Source/tasks.o
 .bss.uxSchedulerSuspended
                0x000000002000505c        0x4 ./Middlewares/Third_Party/FreeRTOS/Source/tasks.o
 .bss.ucMaxSysCallPriority
                0x0000000020005060        0x1 ./Middlewares/Third_Party/FreeRTOS/Source/portable/GCC/ARM_CM4F/port.o
 *fill*         0x0000000020005061        0x3 
 .bss.ulMaxPRIGROUPValue
                0x0000000020005064        0x4 ./Middlewares/Third_Party/FreeRTOS/Source/portable/GCC/ARM_CM4F/port.o
 .bss.ucHeap    0x0000000020005068     0x4e20 ./Middlewares/Third_Party/FreeRTOS/Source/portable/MemMang/heap_4.o
 .bss.xStart    0x0000000020009e88        0x8 ./Middlewares/Third_Party/FreeRTOS/Source/portable/MemMang/heap_4.o
 .bss.pxEnd     0x0000000020009e90        0x4 ./Middlewares/Third_Party/FreeRTOS/Source/portable/MemMang/heap_4.o
 .bss.xFreeBytesRemaining
                0x0000000020009e94        0x4 ./Middlewares/Third_Party/FreeRTOS/Source/portable/MemMang/heap_4.o
 .bss.xMinimumEverFreeBytesRemaining
                0x0000000020009e98        0x4 ./Middlewares/Third_Party/FreeRTOS/Source/portable/MemMang/heap_4.o
 .bss.xNumberOfSuccessfulAllocations
                0x0000000020009e9c        0x4 ./Middlewares/Third_Party/FreeRTOS/Source/portable/MemMang/heap_4.o
 .bss.xNumberOfSuccessfulFrees
                0x0000000020009ea0        0x4 ./Middlewares/Third_Party/FreeRTOS/Source/portable/MemMang/heap_4.o
 .bss.xBlockAllocatedBit
                0x0000000020009ea4        0x4 ./Middlewares/Third_Party/FreeRTOS/Source/portable/MemMang/heap_4.o
 .bss.__lock___malloc_recursive_mutex
                0x0000000020009ea8        0x1 /opt/stm32cubeide/plugins/com.st.stm32cube.ide.mcu.externaltools.gnu-tools-for-stm32.10.3-2021.10.linux64_1.0.0.202111181127/tools/bin/../lib/gcc/arm-none-eabi/10.3.1/../../../../arm-none-eabi/lib/thumb/v7e-m+fp/hard/libc_nano.a(lib_a-lock.o)
                0x0000000020009ea8                __lock___malloc_recursive_mutex
 *fill*         0x0000000020009ea9        0x3 
 .bss.__malloc_free_list
                0x0000000020009eac        0x4 /opt/stm32cubeide/plugins/com.st.stm32cube.ide.mcu.externaltools.gnu-tools-for-stm32.10.3-2021.10.linux64_1.0.0.202111181127/tools/bin/../lib/gcc/arm-none-eabi/10.3.1/../../../../arm-none-eabi/lib/thumb/v7e-m+fp/hard/libc_nano.a(lib_a-nano-mallocr.o)
                0x0000000020009eac                __malloc_free_list
 .bss.__malloc_sbrk_start
                0x0000000020009eb0        0x4 /opt/stm32cubeide/plugins/com.st.stm32cube.ide.mcu.externaltools.gnu-tools-for-stm32.10.3-2021.10.linux64_1.0.0.202111181127/tools/bin/../lib/gcc/arm-none-eabi/10.3.1/../../../../arm-none-eabi/lib/thumb/v7e-m+fp/hard/libc_nano.a(lib_a-nano-mallocr.o)
                0x0000000020009eb0                __malloc_sbrk_start
 .bss.errno     0x0000000020009eb4        0x4 /opt/stm32cubeide/plugins/com.st.stm32cube.ide.mcu.externaltools.gnu-tools-for-stm32.10.3-2021.10.linux64_1.0.0.202111181127/tools/bin/../lib/gcc/arm-none-eabi/10.3.1/../../../../arm-none-eabi/lib/thumb/v7e-m+fp/hard/libc_nano.a(lib_a-reent.o)
                0x0000000020009eb4                errno
 *(COMMON)
                0x0000000020009eb8                . = ALIGN (0x4)
                0x0000000020009eb8                _ebss = .
                0x0000000020009eb8                __bss_end__ = _ebss

._user_heap_stack
                0x0000000020009eb8      0x600 load address 0x000000000809f450
                0x0000000020009eb8                . = ALIGN (0x8)
                [!provide]                        PROVIDE (end = .)
                0x0000000020009eb8                PROVIDE (_end = .)
                0x000000002000a0b8                . = (. + _Min_Heap_Size)
 *fill*         0x0000000020009eb8      0x200 
                0x000000002000a4b8                . = (. + _Min_Stack_Size)
 *fill*         0x000000002000a0b8      0x400 
                0x000000002000a4b8                . = ALIGN (0x8)

/DISCARD/
 libc.a(*)
 libm.a(*)
 libgcc.a(*)

.ARM.attributes
                0x0000000000000000       0x30
 *(.ARM.attributes)
 .ARM.attributes
                0x0000000000000000       0x1e /opt/stm32cubeide/plugins/com.st.stm32cube.ide.mcu.externaltools.gnu-tools-for-stm32.10.3-2021.10.linux64_1.0.0.202111181127/tools/bin/../lib/gcc/arm-none-eabi/10.3.1/thumb/v7e-m+fp/hard/crti.o
 .ARM.attributes
                0x000000000000001e       0x34 /opt/stm32cubeide/plugins/com.st.stm32cube.ide.mcu.externaltools.gnu-tools-for-stm32.10.3-2021.10.linux64_1.0.0.202111181127/tools/bin/../lib/gcc/arm-none-eabi/10.3.1/thumb/v7e-m+fp/hard/crtbegin.o
 .ARM.attributes
                0x0000000000000052       0x34 ./Core/Src/drivers/DFPlayer.o
 .ARM.attributes
                0x0000000000000086       0x34 ./Core/Src/drivers/DS3231.o
 .ARM.attributes
                0x00000000000000ba       0x34 ./Core/Src/drivers/DisplayManager.o
 .ARM.attributes
                0x00000000000000ee       0x34 ./Core/Src/drivers/FT5446.o
 .ARM.attributes
                0x0000000000000122       0x34 ./Core/Src/drivers/ILI9488.o
 .ARM.attributes
                0x0000000000000156       0x34 ./Core/Src/freertos.o
 .ARM.attributes
                0x000000000000018a       0x34 ./Core/Src/main.o
 .ARM.attributes
                0x00000000000001be       0x34 ./Core/Src/stm32l4xx_hal_msp.o
 .ARM.attributes
                0x00000000000001f2       0x34 ./Core/Src/stm32l4xx_hal_timebase_tim.o
 .ARM.attributes
                0x0000000000000226       0x34 ./Core/Src/stm32l4xx_it.o
 .ARM.attributes
                0x000000000000025a       0x34 ./Core/Src/sysmem.o
 .ARM.attributes
                0x000000000000028e       0x34 ./Core/Src/system_stm32l4xx.o
 .ARM.attributes
                0x00000000000002c2       0x34 ./Core/Src/screens/DeviceTestScreen.o
 .ARM.attributes
                0x00000000000002f6       0x34 ./Core/Src/screens/HomeScreen.o
 .ARM.attributes
                0x000000000000032a       0x21 ./Core/Startup/startup_stm32l476rgtx.o
 .ARM.attributes
                0x000000000000034b       0x34 ./Drivers/STM32L4xx_HAL_Driver/Src/stm32l4xx_hal.o
 .ARM.attributes
                0x000000000000037f       0x34 ./Drivers/STM32L4xx_HAL_Driver/Src/stm32l4xx_hal_cortex.o
 .ARM.attributes
                0x00000000000003b3       0x34 ./Drivers/STM32L4xx_HAL_Driver/Src/stm32l4xx_hal_crc.o
 .ARM.attributes
                0x00000000000003e7       0x34 ./Drivers/STM32L4xx_HAL_Driver/Src/stm32l4xx_hal_crc_ex.o
 .ARM.attributes
                0x000000000000041b       0x34 ./Drivers/STM32L4xx_HAL_Driver/Src/stm32l4xx_hal_gpio.o
 .ARM.attributes
                0x000000000000044f       0x34 ./Drivers/STM32L4xx_HAL_Driver/Src/stm32l4xx_hal_i2c.o
 .ARM.attributes
                0x0000000000000483       0x34 ./Drivers/STM32L4xx_HAL_Driver/Src/stm32l4xx_hal_i2c_ex.o
 .ARM.attributes
                0x00000000000004b7       0x34 ./Drivers/STM32L4xx_HAL_Driver/Src/stm32l4xx_hal_pwr_ex.o
 .ARM.attributes
                0x00000000000004eb       0x34 ./Drivers/STM32L4xx_HAL_Driver/Src/stm32l4xx_hal_rcc.o
 .ARM.attributes
                0x000000000000051f       0x34 ./Drivers/STM32L4xx_HAL_Driver/Src/stm32l4xx_hal_rcc_ex.o
 .ARM.attributes
                0x0000000000000553       0x34 ./Drivers/STM32L4xx_HAL_Driver/Src/stm32l4xx_hal_spi.o
 .ARM.attributes
                0x0000000000000587       0x34 ./Drivers/STM32L4xx_HAL_Driver/Src/stm32l4xx_hal_tim.o
 .ARM.attributes
                0x00000000000005bb       0x34 ./Drivers/STM32L4xx_HAL_Driver/Src/stm32l4xx_hal_tim_ex.o
 .ARM.attributes
                0x00000000000005ef       0x34 ./Drivers/STM32L4xx_HAL_Driver/Src/stm32l4xx_hal_uart.o
 .ARM.attributes
                0x0000000000000623       0x34 ./Middlewares/Third_Party/FreeRTOS/Source/CMSIS_RTOS/cmsis_os.o
 .ARM.attributes
                0x0000000000000657       0x34 ./Middlewares/Third_Party/FreeRTOS/Source/list.o
 .ARM.attributes
                0x000000000000068b       0x34 ./Middlewares/Third_Party/FreeRTOS/Source/tasks.o
 .ARM.attributes
                0x00000000000006bf       0x34 ./Middlewares/Third_Party/FreeRTOS/Source/portable/GCC/ARM_CM4F/port.o
 .ARM.attributes
                0x00000000000006f3       0x34 ./Middlewares/Third_Party/FreeRTOS/Source/portable/MemMang/heap_4.o
 .ARM.attributes
                0x0000000000000727       0x34 /opt/stm32cubeide/plugins/com.st.stm32cube.ide.mcu.externaltools.gnu-tools-for-stm32.10.3-2021.10.linux64_1.0.0.202111181127/tools/bin/../lib/gcc/arm-none-eabi/10.3.1/../../../../arm-none-eabi/lib/thumb/v7e-m+fp/hard/libc_nano.a(lib_a-errno.o)
 .ARM.attributes
                0x000000000000075b       0x34 /opt/stm32cubeide/plugins/com.st.stm32cube.ide.mcu.externaltools.gnu-tools-for-stm32.10.3-2021.10.linux64_1.0.0.202111181127/tools/bin/../lib/gcc/arm-none-eabi/10.3.1/../../../../arm-none-eabi/lib/thumb/v7e-m+fp/hard/libc_nano.a(lib_a-findfp.o)
 .ARM.attributes
                0x000000000000078f       0x34 /opt/stm32cubeide/plugins/com.st.stm32cube.ide.mcu.externaltools.gnu-tools-for-stm32.10.3-2021.10.linux64_1.0.0.202111181127/tools/bin/../lib/gcc/arm-none-eabi/10.3.1/../../../../arm-none-eabi/lib/thumb/v7e-m+fp/hard/libc_nano.a(lib_a-impure.o)
 .ARM.attributes
                0x00000000000007c3       0x34 /opt/stm32cubeide/plugins/com.st.stm32cube.ide.mcu.externaltools.gnu-tools-for-stm32.10.3-2021.10.linux64_1.0.0.202111181127/tools/bin/../lib/gcc/arm-none-eabi/10.3.1/../../../../arm-none-eabi/lib/thumb/v7e-m+fp/hard/libc_nano.a(lib_a-init.o)
 .ARM.attributes
                0x00000000000007f7       0x34 /opt/stm32cubeide/plugins/com.st.stm32cube.ide.mcu.externaltools.gnu-tools-for-stm32.10.3-2021.10.linux64_1.0.0.202111181127/tools/bin/../lib/gcc/arm-none-eabi/10.3.1/../../../../arm-none-eabi/lib/thumb/v7e-m+fp/hard/libc_nano.a(lib_a-lock.o)
 .ARM.attributes
                0x000000000000082b       0x34 /opt/stm32cubeide/plugins/com.st.stm32cube.ide.mcu.externaltools.gnu-tools-for-stm32.10.3-2021.10.linux64_1.0.0.202111181127/tools/bin/../lib/gcc/arm-none-eabi/10.3.1/../../../../arm-none-eabi/lib/thumb/v7e-m+fp/hard/libc_nano.a(lib_a-memcpy-stub.o)
 .ARM.attributes
                0x000000000000085f       0x34 /opt/stm32cubeide/plugins/com.st.stm32cube.ide.mcu.externaltools.gnu-tools-for-stm32.10.3-2021.10.linux64_1.0.0.202111181127/tools/bin/../lib/gcc/arm-none-eabi/10.3.1/../../../../arm-none-eabi/lib/thumb/v7e-m+fp/hard/libc_nano.a(lib_a-memset.o)
 .ARM.attributes
                0x0000000000000893       0x34 /opt/stm32cubeide/plugins/com.st.stm32cube.ide.mcu.externaltools.gnu-tools-for-stm32.10.3-2021.10.linux64_1.0.0.202111181127/tools/bin/../lib/gcc/arm-none-eabi/10.3.1/../../../../arm-none-eabi/lib/thumb/v7e-m+fp/hard/libc_nano.a(lib_a-nano-mallocr.o)
 .ARM.attributes
                0x00000000000008c7       0x34 /opt/stm32cubeide/plugins/com.st.stm32cube.ide.mcu.externaltools.gnu-tools-for-stm32.10.3-2021.10.linux64_1.0.0.202111181127/tools/bin/../lib/gcc/arm-none-eabi/10.3.1/../../../../arm-none-eabi/lib/thumb/v7e-m+fp/hard/libc_nano.a(lib_a-reent.o)
 .ARM.attributes
                0x00000000000008fb       0x34 /opt/stm32cubeide/plugins/com.st.stm32cube.ide.mcu.externaltools.gnu-tools-for-stm32.10.3-2021.10.linux64_1.0.0.202111181127/tools/bin/../lib/gcc/arm-none-eabi/10.3.1/../../../../arm-none-eabi/lib/thumb/v7e-m+fp/hard/libc_nano.a(lib_a-sbrkr.o)
 .ARM.attributes
                0x000000000000092f       0x34 /opt/stm32cubeide/plugins/com.st.stm32cube.ide.mcu.externaltools.gnu-tools-for-stm32.10.3-2021.10.linux64_1.0.0.202111181127/tools/bin/../lib/gcc/arm-none-eabi/10.3.1/../../../../arm-none-eabi/lib/thumb/v7e-m+fp/hard/libc_nano.a(lib_a-sprintf.o)
 .ARM.attributes
                0x0000000000000963       0x34 /opt/stm32cubeide/plugins/com.st.stm32cube.ide.mcu.externaltools.gnu-tools-for-stm32.10.3-2021.10.linux64_1.0.0.202111181127/tools/bin/../lib/gcc/arm-none-eabi/10.3.1/../../../../arm-none-eabi/lib/thumb/v7e-m+fp/hard/libc_nano.a(lib_a-mlock.o)
 .ARM.attributes
                0x0000000000000997       0x34 /opt/stm32cubeide/plugins/com.st.stm32cube.ide.mcu.externaltools.gnu-tools-for-stm32.10.3-2021.10.linux64_1.0.0.202111181127/tools/bin/../lib/gcc/arm-none-eabi/10.3.1/../../../../arm-none-eabi/lib/thumb/v7e-m+fp/hard/libc_nano.a(lib_a-nano-freer.o)
 .ARM.attributes
                0x00000000000009cb       0x34 /opt/stm32cubeide/plugins/com.st.stm32cube.ide.mcu.externaltools.gnu-tools-for-stm32.10.3-2021.10.linux64_1.0.0.202111181127/tools/bin/../lib/gcc/arm-none-eabi/10.3.1/../../../../arm-none-eabi/lib/thumb/v7e-m+fp/hard/libc_nano.a(lib_a-nano-svfprintf.o)
 .ARM.attributes
                0x00000000000009ff       0x34 /opt/stm32cubeide/plugins/com.st.stm32cube.ide.mcu.externaltools.gnu-tools-for-stm32.10.3-2021.10.linux64_1.0.0.202111181127/tools/bin/../lib/gcc/arm-none-eabi/10.3.1/../../../../arm-none-eabi/lib/thumb/v7e-m+fp/hard/libc_nano.a(lib_a-nano-vfprintf_i.o)
 .ARM.attributes
                0x0000000000000a33       0x1c /opt/stm32cubeide/plugins/com.st.stm32cube.ide.mcu.externaltools.gnu-tools-for-stm32.10.3-2021.10.linux64_1.0.0.202111181127/tools/bin/../lib/gcc/arm-none-eabi/10.3.1/../../../../arm-none-eabi/lib/thumb/v7e-m+fp/hard/libc_nano.a(lib_a-memchr.o)
 .ARM.attributes
                0x0000000000000a4f       0x34 /opt/stm32cubeide/plugins/com.st.stm32cube.ide.mcu.externaltools.gnu-tools-for-stm32.10.3-2021.10.linux64_1.0.0.202111181127/tools/bin/../lib/gcc/arm-none-eabi/10.3.1/../../../../arm-none-eabi/lib/thumb/v7e-m+fp/hard/libc_nano.a(lib_a-memmove.o)
 .ARM.attributes
                0x0000000000000a83       0x34 /opt/stm32cubeide/plugins/com.st.stm32cube.ide.mcu.externaltools.gnu-tools-for-stm32.10.3-2021.10.linux64_1.0.0.202111181127/tools/bin/../lib/gcc/arm-none-eabi/10.3.1/../../../../arm-none-eabi/lib/thumb/v7e-m+fp/hard/libc_nano.a(lib_a-nano-reallocr.o)
 .ARM.attributes
                0x0000000000000ab7       0x34 /opt/stm32cubeide/plugins/com.st.stm32cube.ide.mcu.externaltools.gnu-tools-for-stm32.10.3-2021.10.linux64_1.0.0.202111181127/tools/bin/../lib/gcc/arm-none-eabi/10.3.1/../../../../arm-none-eabi/lib/thumb/v7e-m+fp/hard/libc_nano.a(lib_a-nano-msizer.o)
 .ARM.attributes
                0x0000000000000aeb       0x1e /opt/stm32cubeide/plugins/com.st.stm32cube.ide.mcu.externaltools.gnu-tools-for-stm32.10.3-2021.10.linux64_1.0.0.202111181127/tools/bin/../lib/gcc/arm-none-eabi/10.3.1/thumb/v7e-m+fp/hard/libgcc.a(_arm_addsubdf3.o)
 .ARM.attributes
                0x0000000000000b09       0x1e /opt/stm32cubeide/plugins/com.st.stm32cube.ide.mcu.externaltools.gnu-tools-for-stm32.10.3-2021.10.linux64_1.0.0.202111181127/tools/bin/../lib/gcc/arm-none-eabi/10.3.1/thumb/v7e-m+fp/hard/libgcc.a(_arm_cmpdf2.o)
 .ARM.attributes
                0x0000000000000b27       0x1e /opt/stm32cubeide/plugins/com.st.stm32cube.ide.mcu.externaltools.gnu-tools-for-stm32.10.3-2021.10.linux64_1.0.0.202111181127/tools/bin/../lib/gcc/arm-none-eabi/10.3.1/thumb/v7e-m+fp/hard/libgcc.a(_aeabi_uldivmod.o)
 .ARM.attributes
                0x0000000000000b45       0x34 /opt/stm32cubeide/plugins/com.st.stm32cube.ide.mcu.externaltools.gnu-tools-for-stm32.10.3-2021.10.linux64_1.0.0.202111181127/tools/bin/../lib/gcc/arm-none-eabi/10.3.1/thumb/v7e-m+fp/hard/libgcc.a(_udivmoddi4.o)
 .ARM.attributes
                0x0000000000000b79       0x1e /opt/stm32cubeide/plugins/com.st.stm32cube.ide.mcu.externaltools.gnu-tools-for-stm32.10.3-2021.10.linux64_1.0.0.202111181127/tools/bin/../lib/gcc/arm-none-eabi/10.3.1/thumb/v7e-m+fp/hard/libgcc.a(_dvmd_tls.o)
 .ARM.attributes
                0x0000000000000b97       0x1e /opt/stm32cubeide/plugins/com.st.stm32cube.ide.mcu.externaltools.gnu-tools-for-stm32.10.3-2021.10.linux64_1.0.0.202111181127/tools/bin/../lib/gcc/arm-none-eabi/10.3.1/thumb/v7e-m+fp/hard/crtn.o
OUTPUT(STM32_Dev_Board.elf elf32-littlearm)
LOAD linker stubs
LOAD /opt/stm32cubeide/plugins/com.st.stm32cube.ide.mcu.externaltools.gnu-tools-for-stm32.10.3-2021.10.linux64_1.0.0.202111181127/tools/bin/../lib/gcc/arm-none-eabi/10.3.1/../../../../arm-none-eabi/lib/thumb/v7e-m+fp/hard/libc.a
LOAD /opt/stm32cubeide/plugins/com.st.stm32cube.ide.mcu.externaltools.gnu-tools-for-stm32.10.3-2021.10.linux64_1.0.0.202111181127/tools/bin/../lib/gcc/arm-none-eabi/10.3.1/../../../../arm-none-eabi/lib/thumb/v7e-m+fp/hard/libm.a
LOAD /opt/stm32cubeide/plugins/com.st.stm32cube.ide.mcu.externaltools.gnu-tools-for-stm32.10.3-2021.10.linux64_1.0.0.202111181127/tools/bin/../lib/gcc/arm-none-eabi/10.3.1/thumb/v7e-m+fp/hard/libgcc.a

.debug_info     0x0000000000000000    0x22bdc
 .debug_info    0x0000000000000000      0xa26 ./Core/Src/drivers/DFPlayer.o
 .debug_info    0x0000000000000a26      0x9f2 ./Core/Src/drivers/DS3231.o