../Core/Src/main.c:77:6:HAL_GPIO_EXTI_Callback	24	static
../Core/Src/main.c:89:5:main	48	static
../Core/Src/main.c:184:6:SystemClock_Config	96	static
../Core/Src/main.c:234:13:MX_CRC_Init	8	static
../Core/Src/main.c:265:13:MX_I2C1_Init	8	static
../Core/Src/main.c:313:13:MX_SPI1_Init	8	static
../Core/Src/main.c:353:13:MX_USART1_UART_Init	8	static
../Core/Src/main.c:388:13:MX_GPIO_Init	40	static
../Core/Src/main.c:482:6:StartDefaultTask	16	static
../Core/Src/main.c:501:6:HAL_TIM_PeriodElapsedCallback	16	static
../Core/Src/main.c:518:6:Error_Handler	4	static,ignoring_inline_asm
