../Core/Src/main.c:93:5:main	104	static
../Core/Src/main.c:186:6:SystemClock_Config	96	static
../Core/Src/main.c:236:13:MX_CRC_Init	8	static
../Core/Src/main.c:267:13:MX_I2C1_Init	8	static
../Core/Src/main.c:315:13:MX_SPI1_Init	8	static
../Core/Src/main.c:355:13:MX_USART1_UART_Init	8	static
../Core/Src/main.c:390:13:MX_GPIO_Init	40	static
../Core/Src/main.c:479:6:ChangeScreenTask	120	static
../Core/Src/main.c:516:6:TouchTask	48	static
../Core/Src/main.c:543:6:StartDefaultTask	16	static
../Core/Src/main.c:565:6:HAL_TIM_PeriodElapsedCallback	16	static
../Core/Src/main.c:582:6:Error_Handler	4	static,ignoring_inline_asm
