../Core/Src/drivers/DFPlayer.c:18:6:DFPlayer_sendByte	16	static
../Core/Src/drivers/DFPlayer.c:25:15:DFPlayer_getByte	16	static
../Core/Src/drivers/DFPlayer.c:44:15:DFPlayer_getWaitingByte	16	static
../Core/Src/drivers/DFPlayer.c:60:14:DFPlayer_calculateChecksum	24	static
../Core/Src/drivers/DFPlayer.c:72:6:DFPlayer_sendCommand	24	static
../Core/Src/drivers/DFPlayer.c:94:6:DFPlayer_getResponse	16	static
../Core/Src/drivers/DFPlayer.c:108:6:DFPlayer_playNext	8	static
../Core/Src/drivers/DFPlayer.c:116:6:DFPlayer_playPrevious	8	static
../Core/Src/drivers/DFPlayer.c:125:6:DFPlayer_setVolume	16	static
../Core/Src/drivers/DFPlayer.c:139:6:DFPlayer_setLoopMode	16	static
../Core/Src/drivers/DFPlayer.c:146:6:DFPlayer_setPlay	8	static
../Core/Src/drivers/DFPlayer.c:153:6:DFPlayer_setPause	8	static
../Core/Src/drivers/DFPlayer.c:160:6:DFPlayer_playTrack	16	static
../Core/Src/drivers/DFPlayer.c:168:6:DFPlayer_repeatFolder	16	static
../Core/Src/drivers/DFPlayer.c:175:5:DFPlayer_getStatus	24	static
../Core/Src/drivers/DFPlayer.c:190:5:DFPlayer_getStorageStatus	24	static
../Core/Src/drivers/DFPlayer.c:202:5:DFPlayer_getTracksInFolder	32	static
../Core/Src/drivers/DFPlayer.c:214:6:DFPlayer_resetModule	8	static
