../Core/Src/drivers/DisplayManager.c:45:6:DM_Init	8	static
../Core/Src/drivers/DisplayManager.c:53:6:DM_Draw	16	static
../Core/Src/drivers/DisplayManager.c:94:6:DM_Clear	104	static
../Core/Src/drivers/DisplayManager.c:108:6:DM_Full_Refresh	16	static
../Core/Src/drivers/DisplayManager.c:119:6:DM_Refresh_Element	16	static
../Core/Src/drivers/DisplayManager.c:126:5:DM_Add_Element	8	static
../Core/Src/drivers/DisplayManager.c:135:6:DM_Replace_Element	16	static
../Core/Src/drivers/DisplayManager.c:143:5:DM_StrLen	24	static
../Core/Src/drivers/DisplayManager.c:158:6:DM_Set_State	16	static
../Core/Src/drivers/DisplayManager.c:165:6:DM_Set_Refresh	16	static
../Core/Src/drivers/DisplayManager.c:175:6:DM_Remove_Element	176	static
../Core/Src/drivers/DisplayManager.c:188:5:DM_Parse_Press	24	static
../Core/Src/drivers/DisplayManager.c:208:5:DM_Do_Press	32	static
../Core/Src/drivers/DisplayManager.c:264:23:DM_New_Fill_Rectangle	104	static
../Core/Src/drivers/DisplayManager.c:277:6:DM_Fill_Rectangle	40	static
../Core/Src/drivers/DisplayManager.c:284:23:DM_New_Fill_Gradient	104	static
../Core/Src/drivers/DisplayManager.c:300:6:DM_Fill_Gradient	48	static
../Core/Src/drivers/DisplayManager.c:307:23:DM_New_Text	112	static
../Core/Src/drivers/DisplayManager.c:322:6:DM_Text	40	static
../Core/Src/drivers/DisplayManager.c:325:23:DM_New_Fast_Text	112	static
../Core/Src/drivers/DisplayManager.c:340:6:DM_Fast_Text	40	static
../Core/Src/drivers/DisplayManager.c:347:23:DM_New_Bitmap	104	static
../Core/Src/drivers/DisplayManager.c:364:6:DM_Bitmap	24	static
../Core/Src/drivers/DisplayManager.c:371:23:DM_New_Bitmap_With_Alpha	104	static
../Core/Src/drivers/DisplayManager.c:389:6:DM_Bitmap_With_Alpha	40	static
../Core/Src/drivers/DisplayManager.c:396:23:DM_New_Button	120	static
../Core/Src/drivers/DisplayManager.c:421:6:DM_Button	64	static
../Core/Src/drivers/DisplayManager.c:458:6:DM_Button_onPress	16	static
../Core/Src/drivers/DisplayManager.c:467:23:DM_New_MessageBox	112	static
../Core/Src/drivers/DisplayManager.c:486:6:DM_MessageBox	128	dynamic
../Core/Src/drivers/DisplayManager.c:597:23:DM_New_Menu	104	static
../Core/Src/drivers/DisplayManager.c:612:6:DM_Menu	16	static
../Core/Src/drivers/DisplayManager.c:619:23:DM_New_Title_Bar	104	static
../Core/Src/drivers/DisplayManager.c:631:6:DM_Title_Bar	56	static
../Core/Src/drivers/DisplayManager.c:650:23:DM_New_List	104	static
../Core/Src/drivers/DisplayManager.c:667:6:DM_List	64	static
../Core/Src/drivers/DisplayManager.c:701:6:DM_List_onPress	32	static
../Core/Src/drivers/DisplayManager.c:721:23:DM_New_Animation	104	static
../Core/Src/drivers/DisplayManager.c:743:6:DM_Animation	32	static
