../Core/Src/drivers/DisplayManager.c:48:6:DM_Init	8	static
../Core/Src/drivers/DisplayManager.c:56:6:DM_Draw	16	static
../Core/Src/drivers/DisplayManager.c:98:6:DM_Clear	104	static
../Core/Src/drivers/DisplayManager.c:112:6:DM_Full_Refresh	16	static
../Core/Src/drivers/DisplayManager.c:123:6:DM_Refresh_Element	16	static
../Core/Src/drivers/DisplayManager.c:130:5:DM_Add_Element	8	static
../Core/Src/drivers/DisplayManager.c:139:6:DM_Replace_Element	16	static
../Core/Src/drivers/DisplayManager.c:147:5:DM_StrLen	24	static
../Core/Src/drivers/DisplayManager.c:162:6:DM_Set_State	16	static
../Core/Src/drivers/DisplayManager.c:169:6:DM_Set_Refresh	16	static
../Core/Src/drivers/DisplayManager.c:179:6:DM_Remove_Element	176	static
../Core/Src/drivers/DisplayManager.c:187:23:DM_Get_Element	16	static
../Core/Src/drivers/DisplayManager.c:199:5:DM_Parse_Press	24	static
../Core/Src/drivers/DisplayManager.c:219:5:DM_Do_Press	32	static
../Core/Src/drivers/DisplayManager.c:278:23:DM_New_Fill_Rectangle	104	static
../Core/Src/drivers/DisplayManager.c:291:6:DM_Fill_Rectangle	40	static
../Core/Src/drivers/DisplayManager.c:298:23:DM_New_Fill_Gradient	104	static
../Core/Src/drivers/DisplayManager.c:314:6:DM_Fill_Gradient	48	static
../Core/Src/drivers/DisplayManager.c:321:23:DM_New_Text	112	static
../Core/Src/drivers/DisplayManager.c:336:6:DM_Text	40	static
../Core/Src/drivers/DisplayManager.c:339:23:DM_New_Fast_Text	112	static
../Core/Src/drivers/DisplayManager.c:354:6:DM_Fast_Text	40	static
../Core/Src/drivers/DisplayManager.c:361:23:DM_New_Bitmap	104	static
../Core/Src/drivers/DisplayManager.c:378:6:DM_Bitmap	24	static
../Core/Src/drivers/DisplayManager.c:385:23:DM_New_Bitmap_With_Alpha	104	static
../Core/Src/drivers/DisplayManager.c:403:6:DM_Bitmap_With_Alpha	40	static
../Core/Src/drivers/DisplayManager.c:410:23:DM_New_Button	120	static
../Core/Src/drivers/DisplayManager.c:437:6:DM_Button	64	static
../Core/Src/drivers/DisplayManager.c:474:6:DM_Button_onPress	16	static
../Core/Src/drivers/DisplayManager.c:483:23:DM_New_MessageBox	112	static
../Core/Src/drivers/DisplayManager.c:502:6:DM_MessageBox	128	dynamic
../Core/Src/drivers/DisplayManager.c:613:23:DM_New_Menu	104	static
../Core/Src/drivers/DisplayManager.c:628:6:DM_Menu	16	static
../Core/Src/drivers/DisplayManager.c:635:23:DM_New_Title_Bar	104	static
../Core/Src/drivers/DisplayManager.c:647:6:DM_Title_Bar	56	static
../Core/Src/drivers/DisplayManager.c:666:23:DM_New_List	104	static
../Core/Src/drivers/DisplayManager.c:683:6:DM_List	64	static
../Core/Src/drivers/DisplayManager.c:717:6:DM_List_onPress	32	static
../Core/Src/drivers/DisplayManager.c:737:23:DM_New_Animation	104	static
../Core/Src/drivers/DisplayManager.c:759:6:DM_Animation	32	static
../Core/Src/drivers/DisplayManager.c:769:23:DM_New_NumPad	96	static
../Core/Src/drivers/DisplayManager.c:788:6:DM_NumPad	40	static
../Core/Src/drivers/DisplayManager.c:828:6:DM_NumPad_Button	64	static
../Core/Src/drivers/DisplayManager.c:863:6:DM_NumPad_onPress	48	static
