../Core/Src/drivers/ILI9488.c:21:6:parallel_write	16	static
../Core/Src/drivers/ILI9488.c:38:6:lcd_write_data	16	static
../Core/Src/drivers/ILI9488.c:52:6:lcd_write_command	16	static
../Core/Src/drivers/ILI9488.c:63:6:lcd_write_reg	16	static
../Core/Src/drivers/ILI9488.c:77:6:swap_int	24	static
../Core/Src/drivers/ILI9488.c:86:6:swap_char	24	static
../Core/Src/drivers/ILI9488.c:96:6:delay_ms	40	static
../Core/Src/drivers/ILI9488.c:109:6:delay_us	16	static
../Core/Src/drivers/ILI9488.c:118:6:lcd_init_parallel	8	static
../Core/Src/drivers/ILI9488.c:140:6:lcd_init_command_list	8	static
../Core/Src/drivers/ILI9488.c:228:6:set_draw_window	24	static
../Core/Src/drivers/ILI9488.c:259:6:draw_pixel	24	static
../Core/Src/drivers/ILI9488.c:269:6:fill_rectangle	32	static
../Core/Src/drivers/ILI9488.c:295:6:empty_rectangle	32	static
../Core/Src/drivers/ILI9488.c:310:6:draw_char	56	static
../Core/Src/drivers/ILI9488.c:343:6:draw_fast_char	48	static
../Core/Src/drivers/ILI9488.c:381:6:draw_string	48	static
../Core/Src/drivers/ILI9488.c:403:6:draw_fast_string	40	static
../Core/Src/drivers/ILI9488.c:420:6:draw_bitmap	64	static
../Core/Src/drivers/ILI9488.c:462:6:draw_bitmap_with_alpha	56	static
../Core/Src/drivers/ILI9488.c:489:6:fill_gradient	72	static
