../Core/Src/drivers/ILI9488.c:20:6:parallel_write	16	static
../Core/Src/drivers/ILI9488.c:31:6:lcd_write_data	16	static
../Core/Src/drivers/ILI9488.c:42:6:lcd_write_command	16	static
../Core/Src/drivers/ILI9488.c:49:6:lcd_write_reg	16	static
../Core/Src/drivers/ILI9488.c:59:6:swap_int	24	static
../Core/Src/drivers/ILI9488.c:68:6:swap_char	24	static
../Core/Src/drivers/ILI9488.c:78:6:delay_ms	40	static
../Core/Src/drivers/ILI9488.c:91:6:delay_us	16	static
../Core/Src/drivers/ILI9488.c:100:6:lcd_init_parallel	8	static
../Core/Src/drivers/ILI9488.c:122:6:lcd_init_command_list	8	static
../Core/Src/drivers/ILI9488.c:210:6:set_draw_window	24	static
../Core/Src/drivers/ILI9488.c:241:6:draw_pixel	24	static
../Core/Src/drivers/ILI9488.c:251:6:fill_rectangle	32	static
../Core/Src/drivers/ILI9488.c:277:6:draw_char	56	static
../Core/Src/drivers/ILI9488.c:310:6:draw_fast_char	48	static
../Core/Src/drivers/ILI9488.c:348:6:draw_string	48	static
../Core/Src/drivers/ILI9488.c:370:6:draw_fast_string	40	static
../Core/Src/drivers/ILI9488.c:387:6:draw_bitmap	64	static
../Core/Src/drivers/ILI9488.c:429:6:draw_bitmap_with_alpha	56	static
../Core/Src/drivers/ILI9488.c:456:6:fill_gradient	72	static
