../Core/Src/DisplayManager/DisplayManager.c:41:6:DM_Init	8	static
../Core/Src/DisplayManager/DisplayManager.c:49:6:DM_Draw	16	static
../Core/Src/DisplayManager/DisplayManager.c:91:6:DM_Clear	120	static
../Core/Src/DisplayManager/DisplayManager.c:105:6:DM_Full_Refresh	16	static
../Core/Src/DisplayManager/DisplayManager.c:116:6:DM_Refresh_Element	16	static
../Core/Src/DisplayManager/DisplayManager.c:123:5:DM_Add_Element	8	static
../Core/Src/DisplayManager/DisplayManager.c:132:6:DM_Replace_Element	16	static
../Core/Src/DisplayManager/DisplayManager.c:140:5:DM_StrLen	24	static
../Core/Src/DisplayManager/DisplayManager.c:155:6:DM_Set_State	16	static
../Core/Src/DisplayManager/DisplayManager.c:162:6:DM_Set_Refresh	16	static
../Core/Src/DisplayManager/DisplayManager.c:172:6:DM_Remove_Element	208	static
../Core/Src/DisplayManager/DisplayManager.c:180:23:DM_Get_Element	16	static
../Core/Src/DisplayManager/DisplayManager.c:192:5:DM_Parse_Press	24	static
../Core/Src/DisplayManager/DisplayManager.c:212:5:DM_Do_Press	32	static
../Core/Src/DisplayManager/DisplayManager.c:294:23:getDefaultElement	112	static
