../Core/Src/DisplayManager/DisplayManager.c:32:6:DM_Init	8	static
../Core/Src/DisplayManager/DisplayManager.c:40:6:DM_Draw	16	static
../Core/Src/DisplayManager/DisplayManager.c:82:6:DM_Clear	104	static
../Core/Src/DisplayManager/DisplayManager.c:96:6:DM_Full_Refresh	16	static
../Core/Src/DisplayManager/DisplayManager.c:107:6:DM_Refresh_Element	16	static
../Core/Src/DisplayManager/DisplayManager.c:114:5:DM_Add_Element	8	static
../Core/Src/DisplayManager/DisplayManager.c:123:6:DM_Replace_Element	16	static
../Core/Src/DisplayManager/DisplayManager.c:131:5:DM_StrLen	24	static
../Core/Src/DisplayManager/DisplayManager.c:146:6:DM_Set_State	16	static
../Core/Src/DisplayManager/DisplayManager.c:153:6:DM_Set_Refresh	16	static
../Core/Src/DisplayManager/DisplayManager.c:163:6:DM_Remove_Element	176	static
../Core/Src/DisplayManager/DisplayManager.c:171:23:DM_Get_Element	16	static
../Core/Src/DisplayManager/DisplayManager.c:183:5:DM_Parse_Press	24	static
../Core/Src/DisplayManager/DisplayManager.c:203:5:DM_Do_Press	32	static
