../Core/Src/DisplayManager/DisplayManager.c:39:6:DM_Init	8	static
../Core/Src/DisplayManager/DisplayManager.c:47:6:DM_Draw	16	static
../Core/Src/DisplayManager/DisplayManager.c:89:6:DM_Clear	120	static
../Core/Src/DisplayManager/DisplayManager.c:103:6:DM_Full_Refresh	16	static
../Core/Src/DisplayManager/DisplayManager.c:114:6:DM_Refresh_Element	16	static
../Core/Src/DisplayManager/DisplayManager.c:121:5:DM_Add_Element	8	static
../Core/Src/DisplayManager/DisplayManager.c:130:6:DM_Replace_Element	16	static
../Core/Src/DisplayManager/DisplayManager.c:138:5:DM_StrLen	24	static
../Core/Src/DisplayManager/DisplayManager.c:153:6:DM_Set_State	16	static
../Core/Src/DisplayManager/DisplayManager.c:160:6:DM_Set_Refresh	16	static
../Core/Src/DisplayManager/DisplayManager.c:170:6:DM_Remove_Element	208	static
../Core/Src/DisplayManager/DisplayManager.c:178:23:DM_Get_Element	16	static
../Core/Src/DisplayManager/DisplayManager.c:190:5:DM_Parse_Press	24	static
../Core/Src/DisplayManager/DisplayManager.c:210:5:DM_Do_Press	32	static
../Core/Src/DisplayManager/DisplayManager.c:286:23:getDefaultElement	112	static
